Archive member included to satisfy reference by file (symbol)

D:/Program Files/STM32CubeCLT_1.17.0/GNU-tools-for-STM32/bin/../lib/gcc/arm-none-eabi/12.3.1/../../../../arm-none-eabi/lib/thumb/v7e-m+fp/hard\libc_nano.a(libc_a-exit.o)
                              D:/Program Files/STM32CubeCLT_1.17.0/GNU-tools-for-STM32/bin/../lib/gcc/arm-none-eabi/12.3.1/../../../../arm-none-eabi/lib/thumb/v7e-m+fp/hard/crt0.o (exit)
D:/Program Files/STM32CubeCLT_1.17.0/GNU-tools-for-STM32/bin/../lib/gcc/arm-none-eabi/12.3.1/../../../../arm-none-eabi/lib/thumb/v7e-m+fp/hard\libc_nano.a(libc_a-findfp.o)
                              D:/Program Files/STM32CubeCLT_1.17.0/GNU-tools-for-STM32/bin/../lib/gcc/arm-none-eabi/12.3.1/../../../../arm-none-eabi/lib/thumb/v7e-m+fp/hard\libc_nano.a(libc_a-exit.o) (__stdio_exit_handler)
D:/Program Files/STM32CubeCLT_1.17.0/GNU-tools-for-STM32/bin/../lib/gcc/arm-none-eabi/12.3.1/../../../../arm-none-eabi/lib/thumb/v7e-m+fp/hard\libc_nano.a(libc_a-fwalk.o)
                              D:/Program Files/STM32CubeCLT_1.17.0/GNU-tools-for-STM32/bin/../lib/gcc/arm-none-eabi/12.3.1/../../../../arm-none-eabi/lib/thumb/v7e-m+fp/hard\libc_nano.a(libc_a-findfp.o) (_fwalk_sglue)
D:/Program Files/STM32CubeCLT_1.17.0/GNU-tools-for-STM32/bin/../lib/gcc/arm-none-eabi/12.3.1/../../../../arm-none-eabi/lib/thumb/v7e-m+fp/hard\libc_nano.a(libc_a-stdio.o)
                              D:/Program Files/STM32CubeCLT_1.17.0/GNU-tools-for-STM32/bin/../lib/gcc/arm-none-eabi/12.3.1/../../../../arm-none-eabi/lib/thumb/v7e-m+fp/hard\libc_nano.a(libc_a-findfp.o) (__sread)
D:/Program Files/STM32CubeCLT_1.17.0/GNU-tools-for-STM32/bin/../lib/gcc/arm-none-eabi/12.3.1/../../../../arm-none-eabi/lib/thumb/v7e-m+fp/hard\libc_nano.a(libc_a-memset.o)
                              D:/Program Files/STM32CubeCLT_1.17.0/GNU-tools-for-STM32/bin/../lib/gcc/arm-none-eabi/12.3.1/../../../../arm-none-eabi/lib/thumb/v7e-m+fp/hard/crt0.o (memset)
D:/Program Files/STM32CubeCLT_1.17.0/GNU-tools-for-STM32/bin/../lib/gcc/arm-none-eabi/12.3.1/../../../../arm-none-eabi/lib/thumb/v7e-m+fp/hard\libc_nano.a(libc_a-closer.o)
                              D:/Program Files/STM32CubeCLT_1.17.0/GNU-tools-for-STM32/bin/../lib/gcc/arm-none-eabi/12.3.1/../../../../arm-none-eabi/lib/thumb/v7e-m+fp/hard\libc_nano.a(libc_a-stdio.o) (_close_r)
D:/Program Files/STM32CubeCLT_1.17.0/GNU-tools-for-STM32/bin/../lib/gcc/arm-none-eabi/12.3.1/../../../../arm-none-eabi/lib/thumb/v7e-m+fp/hard\libc_nano.a(libc_a-reent.o)
                              D:/Program Files/STM32CubeCLT_1.17.0/GNU-tools-for-STM32/bin/../lib/gcc/arm-none-eabi/12.3.1/../../../../arm-none-eabi/lib/thumb/v7e-m+fp/hard\libc_nano.a(libc_a-closer.o) (errno)
D:/Program Files/STM32CubeCLT_1.17.0/GNU-tools-for-STM32/bin/../lib/gcc/arm-none-eabi/12.3.1/../../../../arm-none-eabi/lib/thumb/v7e-m+fp/hard\libc_nano.a(libc_a-impure.o)
                              D:/Program Files/STM32CubeCLT_1.17.0/GNU-tools-for-STM32/bin/../lib/gcc/arm-none-eabi/12.3.1/../../../../arm-none-eabi/lib/thumb/v7e-m+fp/hard\libc_nano.a(libc_a-reent.o) (_impure_ptr)
D:/Program Files/STM32CubeCLT_1.17.0/GNU-tools-for-STM32/bin/../lib/gcc/arm-none-eabi/12.3.1/../../../../arm-none-eabi/lib/thumb/v7e-m+fp/hard\libc_nano.a(libc_a-lseekr.o)
                              D:/Program Files/STM32CubeCLT_1.17.0/GNU-tools-for-STM32/bin/../lib/gcc/arm-none-eabi/12.3.1/../../../../arm-none-eabi/lib/thumb/v7e-m+fp/hard\libc_nano.a(libc_a-stdio.o) (_lseek_r)
D:/Program Files/STM32CubeCLT_1.17.0/GNU-tools-for-STM32/bin/../lib/gcc/arm-none-eabi/12.3.1/../../../../arm-none-eabi/lib/thumb/v7e-m+fp/hard\libc_nano.a(libc_a-readr.o)
                              D:/Program Files/STM32CubeCLT_1.17.0/GNU-tools-for-STM32/bin/../lib/gcc/arm-none-eabi/12.3.1/../../../../arm-none-eabi/lib/thumb/v7e-m+fp/hard\libc_nano.a(libc_a-stdio.o) (_read_r)
D:/Program Files/STM32CubeCLT_1.17.0/GNU-tools-for-STM32/bin/../lib/gcc/arm-none-eabi/12.3.1/../../../../arm-none-eabi/lib/thumb/v7e-m+fp/hard\libc_nano.a(libc_a-writer.o)
                              D:/Program Files/STM32CubeCLT_1.17.0/GNU-tools-for-STM32/bin/../lib/gcc/arm-none-eabi/12.3.1/../../../../arm-none-eabi/lib/thumb/v7e-m+fp/hard\libc_nano.a(libc_a-stdio.o) (_write_r)
D:/Program Files/STM32CubeCLT_1.17.0/GNU-tools-for-STM32/bin/../lib/gcc/arm-none-eabi/12.3.1/../../../../arm-none-eabi/lib/thumb/v7e-m+fp/hard\libc_nano.a(libc_a-init.o)
                              D:/Program Files/STM32CubeCLT_1.17.0/GNU-tools-for-STM32/bin/../lib/gcc/arm-none-eabi/12.3.1/../../../../arm-none-eabi/lib/thumb/v7e-m+fp/hard/crt0.o (__libc_init_array)
D:/Program Files/STM32CubeCLT_1.17.0/GNU-tools-for-STM32/bin/../lib/gcc/arm-none-eabi/12.3.1/../../../../arm-none-eabi/lib/thumb/v7e-m+fp/hard\libc_nano.a(libc_a-lock.o)
[...]
Memory Configuration

Name             Origin             Length             Attributes
RAM              0x20000000         0x00018000         xrw
FLASH            0x08000000         0x00080000         xr
*default*        0x00000000         0xffffffff

Linker script and memory map

LOAD D:/Program Files/STM32CubeCLT_1.17.0/GNU-tools-for-STM32/bin/../lib/gcc/arm-none-eabi/12.3.1/thumb/v7e-m+fp/hard/crti.o
LOAD D:/Program Files/STM32CubeCLT_1.17.0/GNU-tools-for-STM32/bin/../lib/gcc/arm-none-eabi/12.3.1/thumb/v7e-m+fp/hard/crtbegin.o
LOAD D:/Program Files/STM32CubeCLT_1.17.0/GNU-tools-for-STM32/bin/../lib/gcc/arm-none-eabi/12.3.1/../../../../arm-none-eabi/lib/thumb/v7e-m+fp/hard/crt0.o
START GROUP
LOAD D:/Program Files/STM32CubeCLT_1.17.0/GNU-tools-for-STM32/bin/../lib/gcc/arm-none-eabi/12.3.1/../../../../arm-none-eabi/lib/thumb/v7e-m+fp/hard\libc_nano.a
LOAD D:/Program Files/STM32CubeCLT_1.17.0/GNU-tools-for-STM32/bin/../lib/gcc/arm-none-eabi/12.3.1/../../../../arm-none-eabi/lib/thumb/v7e-m+fp/hard\libm.a
END GROUP
LOAD CMakeFiles/LEDBlinkingTimerBasedPatterm.dir/Core/Src/main.c.obj
LOAD CMakeFiles/LEDBlinkingTimerBasedPatterm.dir/Core/Src/stm32f4xx_it.c.obj
LOAD CMakeFiles/LEDBlinkingTimerBasedPatterm.dir/Core/Src/stm32f4xx_hal_msp.c.obj
LOAD CMakeFiles/LEDBlinkingTimerBasedPatterm.dir/Drivers/STM32F4xx_HAL_Driver/Src/stm32f4xx_hal_tim.c.obj
LOAD CMakeFiles/LEDBlinkingTimerBasedPatterm.dir/Drivers/STM32F4xx_HAL_Driver/Src/stm32f4xx_hal_tim_ex.c.obj
LOAD CMakeFiles/LEDBlinkingTimerBasedPatterm.dir/Drivers/STM32F4xx_HAL_Driver/Src/stm32f4xx_hal_rcc.c.obj
LOAD CMakeFiles/LEDBlinkingTimerBasedPatterm.dir/Drivers/STM32F4xx_HAL_Driver/Src/stm32f4xx_hal_rcc_ex.c.obj
LOAD CMakeFiles/LEDBlinkingTimerBasedPatterm.dir/Drivers/STM32F4xx_HAL_Driver/Src/stm32f4xx_hal_flash.c.obj
LOAD CMakeFiles/LEDBlinkingTimerBasedPatterm.dir/Drivers/STM32F4xx_HAL_Driver/Src/stm32f4xx_hal_flash_ex.c.obj
LOAD CMakeFiles/LEDBlinkingTimerBasedPatterm.dir/Drivers/STM32F4xx_HAL_Driver/Src/stm32f4xx_hal_flash_ramfunc.c.obj
LOAD CMakeFiles/LEDBlinkingTimerBasedPatterm.dir/Drivers/STM32F4xx_HAL_Driver/Src/stm32f4xx_hal_gpio.c.obj
LOAD CMakeFiles/LEDBlinkingTimerBasedPatterm.dir/Drivers/STM32F4xx_HAL_Driver/Src/stm32f4xx_hal_dma_ex.c.obj
LOAD CMakeFiles/LEDBlinkingTimerBasedPatterm.dir/Drivers/STM32F4xx_HAL_Driver/Src/stm32f4xx_hal_dma.c.obj
LOAD CMakeFiles/LEDBlinkingTimerBasedPatterm.dir/Drivers/STM32F4xx_HAL_Driver/Src/stm32f4xx_hal_pwr.c.obj
LOAD CMakeFiles/LEDBlinkingTimerBasedPatterm.dir/Drivers/STM32F4xx_HAL_Driver/Src/stm32f4xx_hal_pwr_ex.c.obj
LOAD CMakeFiles/LEDBlinkingTimerBasedPatterm.dir/Drivers/STM32F4xx_HAL_Driver/Src/stm32f4xx_hal_cortex.c.obj
LOAD CMakeFiles/LEDBlinkingTimerBasedPatterm.dir/Drivers/STM32F4xx_HAL_Driver/Src/stm32f4xx_hal.c.obj
LOAD CMakeFiles/LEDBlinkingTimerBasedPatterm.dir/Drivers/STM32F4xx_HAL_Driver/Src/stm32f4xx_hal_exti.c.obj
LOAD CMakeFiles/LEDBlinkingTimerBasedPatterm.dir/Core/Src/system_stm32f4xx.c.obj
LOAD CMakeFiles/LEDBlinkingTimerBasedPatterm.dir/Core/Src/sysmem.c.obj
LOAD CMakeFiles/LEDBlinkingTimerBasedPatterm.dir/Core/Src/syscalls.c.obj
LOAD CMakeFiles/LEDBlinkingTimerBasedPatterm.dir/startup_stm32f401xe.s.obj
START GROUP
LOAD D:/Program Files/STM32CubeCLT_1.17.0/GNU-tools-for-STM32/bin/../lib/gcc/arm-none-eabi/12.3.1/thumb/v7e-m+fp/hard\libgcc.a
LOAD D:/Program Files/STM32CubeCLT_1.17.0/GNU-tools-for-STM32/bin/../lib/gcc/arm-none-eabi/12.3.1/../../../../arm-none-eabi/lib/thumb/v7e-m+fp/hard\libg_nano.a
LOAD D:/Program Files/STM32CubeCLT_1.17.0/GNU-tools-for-STM32/bin/../lib/gcc/arm-none-eabi/12.3.1/../../../../arm-none-eabi/lib/thumb/v7e-m+fp/hard\libc_nano.a
END GROUP
START GROUP
LOAD D:/Program Files/STM32CubeCLT_1.17.0/GNU-tools-for-STM32/bin/../lib/gcc/arm-none-eabi/12.3.1/thumb/v7e-m+fp/hard\libgcc.a
LOAD D:/Program Files/STM32CubeCLT_1.17.0/GNU-tools-for-STM32/bin/../lib/gcc/arm-none-eabi/12.3.1/../../../../arm-none-eabi/lib/thumb/v7e-m+fp/hard\libc_nano.a
END GROUP
LOAD D:/Program Files/STM32CubeCLT_1.17.0/GNU-tools-for-STM32/bin/../lib/gcc/arm-none-eabi/12.3.1/thumb/v7e-m+fp/hard/crtend.o
LOAD D:/Program Files/STM32CubeCLT_1.17.0/GNU-tools-for-STM32/bin/../lib/gcc/arm-none-eabi/12.3.1/thumb/v7e-m+fp/hard/crtn.o
                0x20018000                        _estack = (ORIGIN (RAM) + LENGTH (RAM))
                0x00000200                        _Min_Heap_Size = 0x200
                0x00000400                        _Min_Stack_Size = 0x400

.isr_vector     0x08000000      0x194
                0x08000000                        . = ALIGN (0x4)
 *(.isr_vector)
 .isr_vector    0x08000000      0x194 CMakeFiles/LEDBlinkingTimerBasedPatterm.dir/startup_stm32f401xe.s.obj
                0x08000000                g_pfnVectors
                0x08000194                        . = ALIGN (0x4)

.text           0x08000194     0x1ba8
                0x08000194                        . = ALIGN (0x4)
 *(.text)
 .text          0x08000194       0x40 D:/Program Files/STM32CubeCLT_1.17.0/GNU-tools-for-STM32/bin/../lib/gcc/arm-none-eabi/12.3.1/thumb/v7e-m+fp/hard/crtbegin.o
 .text          0x080001d4       0x30 D:/Program Files/STM32CubeCLT_1.17.0/GNU-tools-for-STM32/bin/../lib/gcc/arm-none-eabi/12.3.1/thumb/v7e-m+fp/hard\libgcc.a(_aeabi_uldivmod.o)
                0x080001d4                __aeabi_uldivmod
 .text          0x08000204      0x2bc D:/Program Files/STM32CubeCLT_1.17.0/GNU-tools-for-STM32/bin/../lib/gcc/arm-none-eabi/12.3.1/thumb/v7e-m+fp/hard\libgcc.a(_udivmoddi4.o)
                0x08000204                __udivmoddi4
 .text          0x080004c0        0x4 D:/Program Files/STM32CubeCLT_1.17.0/GNU-tools-for-STM32/bin/../lib/gcc/arm-none-eabi/12.3.1/thumb/v7e-m+fp/hard\libgcc.a(_dvmd_tls.o)
                0x080004c0                __aeabi_idiv0
                0x080004c0                __aeabi_ldiv0
 *(.text*)
 .text.memset   0x080004c4       0x10 D:/Program Files/STM32CubeCLT_1.17.0/GNU-tools-for-STM32/bin/../lib/gcc/arm-none-eabi/12.3.1/../../../../arm-none-eabi/lib/thumb/v7e-m+fp/hard\libc_nano.a(libc_a-memset.o)
                0x080004c4                memset
 .text.__libc_init_array
                0x080004d4       0x48 D:/Program Files/STM32CubeCLT_1.17.0/GNU-tools-for-STM32/bin/../lib/gcc/arm-none-eabi/12.3.1/../../../../arm-none-eabi/lib/thumb/v7e-m+fp/hard\libc_nano.a(libc_a-init.o)
                0x080004d4                __libc_init_array
 .text.main     0x0800051c       0x24 CMakeFiles/LEDBlinkingTimerBasedPatterm.dir/Core/Src/main.c.obj
                0x0800051c                main
 .text.SystemClock_Config
                0x08000540       0xc0 CMakeFiles/LEDBlinkingTimerBasedPatterm.dir/Core/Src/main.c.obj
                0x08000540                SystemClock_Config
 .text.MX_TIM11_Init
                0x08000600       0x48 CMakeFiles/LEDBlinkingTimerBasedPatterm.dir/Core/Src/main.c.obj
 .text.MX_GPIO_Init
                0x08000648       0xc0 CMakeFiles/LEDBlinkingTimerBasedPatterm.dir/Core/Src/main.c.obj
 .text.HAL_TIM_PeriodElapsedCallback
                0x08000708       0x70 CMakeFiles/LEDBlinkingTimerBasedPatterm.dir/Core/Src/main.c.obj
                0x08000708                HAL_TIM_PeriodElapsedCallback
 .text.Error_Handler
                0x08000778        0xc CMakeFiles/LEDBlinkingTimerBasedPatterm.dir/Core/Src/main.c.obj
                0x08000778                Error_Handler
 .text.NMI_Handler
                0x08000784        0x8 CMakeFiles/LEDBlinkingTimerBasedPatterm.dir/Core/Src/stm32f4xx_it.c.obj
                0x08000784                NMI_Handler
 .text.HardFault_Handler
                0x0800078c        0x8 CMakeFiles/LEDBlinkingTimerBasedPatterm.dir/Core/Src/stm32f4xx_it.c.obj
                0x0800078c                HardFault_Handler
 .text.MemManage_Handler
                0x08000794        0x8 CMakeFiles/LEDBlinkingTimerBasedPatterm.dir/Core/Src/stm32f4xx_it.c.obj
                0x08000794                MemManage_Handler
 .text.BusFault_Handler
                0x0800079c        0x8 CMakeFiles/LEDBlinkingTimerBasedPatterm.dir/Core/Src/stm32f4xx_it.c.obj
                0x0800079c                BusFault_Handler
 .text.UsageFault_Handler
                0x080007a4        0x8 CMakeFiles/LEDBlinkingTimerBasedPatterm.dir/Core/Src/stm32f4xx_it.c.obj
                0x080007a4                UsageFault_Handler
 .text.SVC_Handler
                0x080007ac        0xe CMakeFiles/LEDBlinkingTimerBasedPatterm.dir/Core/Src/stm32f4xx_it.c.obj
                0x080007ac                SVC_Handler
 .text.DebugMon_Handler
                0x080007ba        0xe CMakeFiles/LEDBlinkingTimerBasedPatterm.dir/Core/Src/stm32f4xx_it.c.obj
                0x080007ba                DebugMon_Handler
 .text.PendSV_Handler
                0x080007c8        0xe CMakeFiles/LEDBlinkingTimerBasedPatterm.dir/Core/Src/stm32f4xx_it.c.obj
                0x080007c8                PendSV_Handler
 .text.SysTick_Handler
                0x080007d6        0xc CMakeFiles/LEDBlinkingTimerBasedPatterm.dir/Core/Src/stm32f4xx_it.c.obj
                0x080007d6                SysTick_Handler
 *fill*         0x080007e2        0x2 
 .text.TIM1_TRG_COM_TIM11_IRQHandler
                0x080007e4       0x14 CMakeFiles/LEDBlinkingTimerBasedPatterm.dir/Core/Src/stm32f4xx_it.c.obj
                0x080007e4                TIM1_TRG_COM_TIM11_IRQHandler
 .text.HAL_MspInit
                0x080007f8       0x50 CMakeFiles/LEDBlinkingTimerBasedPatterm.dir/Core/Src/stm32f4xx_hal_msp.c.obj
                0x080007f8                HAL_MspInit
 .text.HAL_TIM_Base_MspInit
                0x08000848       0x50 CMakeFiles/LEDBlinkingTimerBasedPatterm.dir/Core/Src/stm32f4xx_hal_msp.c.obj
                0x08000848                HAL_TIM_Base_MspInit
 .text.HAL_TIM_Base_Init
                0x08000898       0x9e CMakeFiles/LEDBlinkingTimerBasedPatterm.dir/Drivers/STM32F4xx_HAL_Driver/Src/stm32f4xx_hal_tim.c.obj
                0x08000898                HAL_TIM_Base_Init
 *fill*         0x08000936        0x2 
 .text.HAL_TIM_Base_Start_IT
                0x08000938       0xc4 CMakeFiles/LEDBlinkingTimerBasedPatterm.dir/Drivers/STM32F4xx_HAL_Driver/Src/stm32f4xx_hal_tim.c.obj
                0x08000938                HAL_TIM_Base_Start_IT
 .text.HAL_TIM_IRQHandler
                0x080009fc      0x1e0 CMakeFiles/LEDBlinkingTimerBasedPatterm.dir/Drivers/STM32F4xx_HAL_Driver/Src/stm32f4xx_hal_tim.c.obj
                0x080009fc                HAL_TIM_IRQHandler
 .text.HAL_TIM_OC_DelayElapsedCallback
                0x08000bdc       0x14 CMakeFiles/LEDBlinkingTimerBasedPatterm.dir/Drivers/STM32F4xx_HAL_Driver/Src/stm32f4xx_hal_tim.c.obj
                0x08000bdc                HAL_TIM_OC_DelayElapsedCallback
 .text.HAL_TIM_IC_CaptureCallback
                0x08000bf0       0x14 CMakeFiles/LEDBlinkingTimerBasedPatterm.dir/Drivers/STM32F4xx_HAL_Driver/Src/stm32f4xx_hal_tim.c.obj
                0x08000bf0                HAL_TIM_IC_CaptureCallback
 .text.HAL_TIM_PWM_PulseFinishedCallback
                0x08000c04       0x14 CMakeFiles/LEDBlinkingTimerBasedPatterm.dir/Drivers/STM32F4xx_HAL_Driver/Src/stm32f4xx_hal_tim.c.obj
                0x08000c04                HAL_TIM_PWM_PulseFinishedCallback
 .text.HAL_TIM_TriggerCallback
                0x08000c18       0x14 CMakeFiles/LEDBlinkingTimerBasedPatterm.dir/Drivers/STM32F4xx_HAL_Driver/Src/stm32f4xx_hal_tim.c.obj
                0x08000c18                HAL_TIM_TriggerCallback
 .text.TIM_Base_SetConfig
                0x08000c2c      0x118 CMakeFiles/LEDBlinkingTimerBasedPatterm.dir/Drivers/STM32F4xx_HAL_Driver/Src/stm32f4xx_hal_tim.c.obj
                0x08000c2c                TIM_Base_SetConfig
 .text.HAL_TIMEx_CommutCallback
                0x08000d44       0x14 CMakeFiles/LEDBlinkingTimerBasedPatterm.dir/Drivers/STM32F4xx_HAL_Driver/Src/stm32f4xx_hal_tim_ex.c.obj
                0x08000d44                HAL_TIMEx_CommutCallback
 .text.HAL_TIMEx_BreakCallback
                0x08000d58       0x14 CMakeFiles/LEDBlinkingTimerBasedPatterm.dir/Drivers/STM32F4xx_HAL_Driver/Src/stm32f4xx_hal_tim_ex.c.obj
                0x08000d58                HAL_TIMEx_BreakCallback
 .text.HAL_RCC_OscConfig
                0x08000d6c      0x4f0 CMakeFiles/LEDBlinkingTimerBasedPatterm.dir/Drivers/STM32F4xx_HAL_Driver/Src/stm32f4xx_hal_rcc.c.obj
                0x08000d6c                HAL_RCC_OscConfig
 .text.HAL_RCC_ClockConfig
                0x0800125c      0x1cc CMakeFiles/LEDBlinkingTimerBasedPatterm.dir/Drivers/STM32F4xx_HAL_Driver/Src/stm32f4xx_hal_rcc.c.obj
                0x0800125c                HAL_RCC_ClockConfig
 .text.HAL_RCC_GetSysClockFreq
                0x08001428      0x20c CMakeFiles/LEDBlinkingTimerBasedPatterm.dir/Drivers/STM32F4xx_HAL_Driver/Src/stm32f4xx_hal_rcc.c.obj
                0x08001428                HAL_RCC_GetSysClockFreq
 .text.HAL_GPIO_Init
                0x08001634      0x308 CMakeFiles/LEDBlinkingTimerBasedPatterm.dir/Drivers/STM32F4xx_HAL_Driver/Src/stm32f4xx_hal_gpio.c.obj
                0x08001634                HAL_GPIO_Init
 .text.HAL_GPIO_WritePin
                0x0800193c       0x32 CMakeFiles/LEDBlinkingTimerBasedPatterm.dir/Drivers/STM32F4xx_HAL_Driver/Src/stm32f4xx_hal_gpio.c.obj
                0x0800193c                HAL_GPIO_WritePin
 .text.HAL_GPIO_TogglePin
                0x0800196e       0x34 CMakeFiles/LEDBlinkingTimerBasedPatterm.dir/Drivers/STM32F4xx_HAL_Driver/Src/stm32f4xx_hal_gpio.c.obj
                0x0800196e                HAL_GPIO_TogglePin
 *fill*         0x080019a2        0x2 
 .text.__NVIC_SetPriorityGrouping
                0x080019a4       0x48 CMakeFiles/LEDBlinkingTimerBasedPatterm.dir/Drivers/STM32F4xx_HAL_Driver/Src/stm32f4xx_hal_cortex.c.obj
 .text.__NVIC_GetPriorityGrouping
                0x080019ec       0x1c CMakeFiles/LEDBlinkingTimerBasedPatterm.dir/Drivers/STM32F4xx_HAL_Driver/Src/stm32f4xx_hal_cortex.c.obj
 .text.__NVIC_EnableIRQ
                0x08001a08       0x3c CMakeFiles/LEDBlinkingTimerBasedPatterm.dir/Drivers/STM32F4xx_HAL_Driver/Src/stm32f4xx_hal_cortex.c.obj
 .text.__NVIC_SetPriority
                0x08001a44       0x54 CMakeFiles/LEDBlinkingTimerBasedPatterm.dir/Drivers/STM32F4xx_HAL_Driver/Src/stm32f4xx_hal_cortex.c.obj
 .text.NVIC_EncodePriority
                0x08001a98       0x66 CMakeFiles/LEDBlinkingTimerBasedPatterm.dir/Drivers/STM32F4xx_HAL_Driver/Src/stm32f4xx_hal_cortex.c.obj
 *fill*         0x08001afe        0x2 
 .text.SysTick_Config
                0x08001b00       0x44 CMakeFiles/LEDBlinkingTimerBasedPatterm.dir/Drivers/STM32F4xx_HAL_Driver/Src/stm32f4xx_hal_cortex.c.obj
 .text.HAL_NVIC_SetPriorityGrouping
                0x08001b44       0x16 CMakeFiles/LEDBlinkingTimerBasedPatterm.dir/Drivers/STM32F4xx_HAL_Driver/Src/stm32f4xx_hal_cortex.c.obj
                0x08001b44                HAL_NVIC_SetPriorityGrouping
 .text.HAL_NVIC_SetPriority
                0x08001b5a       0x38 CMakeFiles/LEDBlinkingTimerBasedPatterm.dir/Drivers/STM32F4xx_HAL_Driver/Src/stm32f4xx_hal_cortex.c.obj
                0x08001b5a                HAL_NVIC_SetPriority
 .text.HAL_NVIC_EnableIRQ
                0x08001b92       0x1c CMakeFiles/LEDBlinkingTimerBasedPatterm.dir/Drivers/STM32F4xx_HAL_Driver/Src/stm32f4xx_hal_cortex.c.obj
                0x08001b92                HAL_NVIC_EnableIRQ
 .text.HAL_SYSTICK_Config
                0x08001bae       0x18 CMakeFiles/LEDBlinkingTimerBasedPatterm.dir/Drivers/STM32F4xx_HAL_Driver/Src/stm32f4xx_hal_cortex.c.obj
                0x08001bae                HAL_SYSTICK_Config
 *fill*         0x08001bc6        0x2 
 .text.HAL_Init
                0x08001bc8       0x44 CMakeFiles/LEDBlinkingTimerBasedPatterm.dir/Drivers/STM32F4xx_HAL_Driver/Src/stm32f4xx_hal.c.obj
                0x08001bc8                HAL_Init
 .text.HAL_InitTick
                0x08001c0c       0x60 CMakeFiles/LEDBlinkingTimerBasedPatterm.dir/Drivers/STM32F4xx_HAL_Driver/Src/stm32f4xx_hal.c.obj
                0x08001c0c                HAL_InitTick
 .text.HAL_IncTick
                0x08001c6c       0x28 CMakeFiles/LEDBlinkingTimerBasedPatterm.dir/Drivers/STM32F4xx_HAL_Driver/Src/stm32f4xx_hal.c.obj
                0x08001c6c                HAL_IncTick
 .text.HAL_GetTick
                0x08001c94       0x18 CMakeFiles/LEDBlinkingTimerBasedPatterm.dir/Drivers/STM32F4xx_HAL_Driver/Src/stm32f4xx_hal.c.obj
                0x08001c94                HAL_GetTick
 .text.SystemInit
                0x08001cac       0x24 CMakeFiles/LEDBlinkingTimerBasedPatterm.dir/Core/Src/system_stm32f4xx.c.obj
                0x08001cac                SystemInit
 .text.Reset_Handler
                0x08001cd0       0x50 CMakeFiles/LEDBlinkingTimerBasedPatterm.dir/startup_stm32f401xe.s.obj
                0x08001cd0                Reset_Handler
 .text.Default_Handler
                0x08001d20        0x2 CMakeFiles/LEDBlinkingTimerBasedPatterm.dir/startup_stm32f401xe.s.obj
                0x08001d20                RTC_Alarm_IRQHandler
                0x08001d20                EXTI2_IRQHandler
                0x08001d20                SPI4_IRQHandler
                0x08001d20                TIM1_CC_IRQHandler
                0x08001d20                DMA2_Stream5_IRQHandler
                0x08001d20                DMA1_Stream5_IRQHandler
                0x08001d20                PVD_IRQHandler
                0x08001d20                SDIO_IRQHandler
                0x08001d20                TAMP_STAMP_IRQHandler
                0x08001d20                EXTI3_IRQHandler
                0x08001d20                TIM1_UP_TIM10_IRQHandler
                0x08001d20                I2C3_ER_IRQHandler
                0x08001d20                EXTI0_IRQHandler
                0x08001d20                I2C2_EV_IRQHandler
                0x08001d20                DMA1_Stream2_IRQHandler
                0x08001d20                FPU_IRQHandler
                0x08001d20                DMA2_Stream2_IRQHandler
                0x08001d20                SPI1_IRQHandler
                0x08001d20                TIM1_BRK_TIM9_IRQHandler
                0x08001d20                DMA2_Stream3_IRQHandler
                0x08001d20                USART6_IRQHandler
                0x08001d20                DMA2_Stream0_IRQHandler
                0x08001d20                TIM4_IRQHandler
                0x08001d20                I2C1_EV_IRQHandler
                0x08001d20                DMA1_Stream6_IRQHandler
                0x08001d20                DMA1_Stream1_IRQHandler
                0x08001d20                TIM3_IRQHandler
                0x08001d20                RCC_IRQHandler
                0x08001d20                Default_Handler
                0x08001d20                EXTI15_10_IRQHandler
                0x08001d20                ADC_IRQHandler
                0x08001d20                DMA1_Stream7_IRQHandler
                0x08001d20                TIM5_IRQHandler
                0x08001d20                DMA2_Stream7_IRQHandler
                0x08001d20                I2C3_EV_IRQHandler
                0x08001d20                EXTI9_5_IRQHandler
                0x08001d20                RTC_WKUP_IRQHandler
                0x08001d20                SPI2_IRQHandler
                0x08001d20                DMA1_Stream0_IRQHandler
                0x08001d20                EXTI4_IRQHandler
                0x08001d20                WWDG_IRQHandler
                0x08001d20                TIM2_IRQHandler
                0x08001d20                OTG_FS_WKUP_IRQHandler
                0x08001d20                EXTI1_IRQHandler
                0x08001d20                USART2_IRQHandler
                0x08001d20                I2C2_ER_IRQHandler
                0x08001d20                DMA2_Stream1_IRQHandler
                0x08001d20                FLASH_IRQHandler
                0x08001d20                DMA2_Stream4_IRQHandler
                0x08001d20                USART1_IRQHandler
                0x08001d20                OTG_FS_IRQHandler
                0x08001d20                SPI3_IRQHandler
                0x08001d20                DMA1_Stream4_IRQHandler
                0x08001d20                I2C1_ER_IRQHandler
                0x08001d20                DMA2_Stream6_IRQHandler
                0x08001d20                DMA1_Stream3_IRQHandler
 *(.glue_7)
 .glue_7        0x08001d22        0x0 linker stubs
 *(.glue_7t)
 .glue_7t       0x08001d22        0x0 linker stubs
 *(.eh_frame)
 *fill*         0x08001d22        0x2 
 .eh_frame      0x08001d24        0x0 D:/Program Files/STM32CubeCLT_1.17.0/GNU-tools-for-STM32/bin/../lib/gcc/arm-none-eabi/12.3.1/thumb/v7e-m+fp/hard/crtbegin.o
 *(.init)
 .init          0x08001d24        0x4 D:/Program Files/STM32CubeCLT_1.17.0/GNU-tools-for-STM32/bin/../lib/gcc/arm-none-eabi/12.3.1/thumb/v7e-m+fp/hard/crti.o
                0x08001d24                _init
 .init          0x08001d28        0x8 D:/Program Files/STM32CubeCLT_1.17.0/GNU-tools-for-STM32/bin/../lib/gcc/arm-none-eabi/12.3.1/thumb/v7e-m+fp/hard/crtn.o
 *(.fini)
 .fini          0x08001d30        0x4 D:/Program Files/STM32CubeCLT_1.17.0/GNU-tools-for-STM32/bin/../lib/gcc/arm-none-eabi/12.3.1/thumb/v7e-m+fp/hard/crti.o
                0x08001d30                _fini
 .fini          0x08001d34        0x8 D:/Program Files/STM32CubeCLT_1.17.0/GNU-tools-for-STM32/bin/../lib/gcc/arm-none-eabi/12.3.1/thumb/v7e-m+fp/hard/crtn.o
                0x08001d3c                        . = ALIGN (0x4)
                0x08001d3c                        _etext = .

.vfp11_veneer   0x08001d3c        0x0
 .vfp11_veneer  0x08001d3c        0x0 linker stubs

.v4_bx          0x08001d3c        0x0
 .v4_bx         0x08001d3c        0x0 linker stubs

.iplt           0x08001d3c        0x0
 .iplt          0x08001d3c        0x0 D:/Program Files/STM32CubeCLT_1.17.0/GNU-tools-for-STM32/bin/../lib/gcc/arm-none-eabi/12.3.1/thumb/v7e-m+fp/hard/crtbegin.o

.rodata         0x08001d3c       0x10
                0x08001d3c                        . = ALIGN (0x4)
 *(.rodata)
 *(.rodata*)
 .rodata.AHBPrescTable
                0x08001d3c       0x10 CMakeFiles/LEDBlinkingTimerBasedPatterm.dir/Core/Src/system_stm32f4xx.c.obj
                0x08001d3c                AHBPrescTable
                0x08001d4c                        . = ALIGN (0x4)

.ARM.extab      0x08001d4c        0x0
                0x08001d4c                        . = ALIGN (0x4)
 *(.ARM.extab* .gnu.linkonce.armextab.*)
                0x08001d4c                        . = ALIGN (0x4)

.ARM            0x08001d4c        0x8
                0x08001d4c                        . = ALIGN (0x4)
                0x08001d4c                        __exidx_start = .
 *(.ARM.exidx*)
 .ARM.exidx     0x08001d4c        0x8 D:/Program Files/STM32CubeCLT_1.17.0/GNU-tools-for-STM32/bin/../lib/gcc/arm-none-eabi/12.3.1/thumb/v7e-m+fp/hard\libgcc.a(_udivmoddi4.o)
                0x08001d54                        __exidx_end = .
                0x08001d54                        . = ALIGN (0x4)

.preinit_array  0x08001d54        0x0
                0x08001d54                        . = ALIGN (0x4)
                0x08001d54                        PROVIDE (__preinit_array_start = .)
 *(.preinit_array*)
                0x08001d54                        PROVIDE (__preinit_array_end = .)
                0x08001d54                        . = ALIGN (0x4)

.init_array     0x08001d54        0x4
                0x08001d54                        . = ALIGN (0x4)
                0x08001d54                        PROVIDE (__init_array_start = .)
 *(SORT_BY_NAME(.init_array.*))
 *(.init_array*)
 .init_array    0x08001d54        0x4 D:/Program Files/STM32CubeCLT_1.17.0/GNU-tools-for-STM32/bin/../lib/gcc/arm-none-eabi/12.3.1/thumb/v7e-m+fp/hard/crtbegin.o
                0x08001d58                        PROVIDE (__init_array_end = .)
                0x08001d58                        . = ALIGN (0x4)

.fini_array     0x08001d58        0x4
                0x08001d58                        . = ALIGN (0x4)
                [!provide]                        PROVIDE (__fini_array_start = .)
 *(SORT_BY_NAME(.fini_array.*))
 *(.fini_array*)
 .fini_array    0x08001d58        0x4 D:/Program Files/STM32CubeCLT_1.17.0/GNU-tools-for-STM32/bin/../lib/gcc/arm-none-eabi/12.3.1/thumb/v7e-m+fp/hard/crtbegin.o
                [!provide]                        PROVIDE (__fini_array_end = .)
                0x08001d5c                        . = ALIGN (0x4)
                0x08001d5c                        _sidata = LOADADDR (.data)

.rel.dyn        0x08001d5c        0x0
 .rel.iplt      0x08001d5c        0x0 D:/Program Files/STM32CubeCLT_1.17.0/GNU-tools-for-STM32/bin/../lib/gcc/arm-none-eabi/12.3.1/thumb/v7e-m+fp/hard/crtbegin.o

.data           0x20000000        0xc load address 0x08001d5c
                0x20000000                        . = ALIGN (0x4)
                0x20000000                        _sdata = .
 *(.data)
 *(.data*)
 .data.uwTickPrio
                0x20000000        0x4 CMakeFiles/LEDBlinkingTimerBasedPatterm.dir/Drivers/STM32F4xx_HAL_Driver/Src/stm32f4xx_hal.c.obj
                0x20000000                uwTickPrio
 .data.uwTickFreq
                0x20000004        0x1 CMakeFiles/LEDBlinkingTimerBasedPatterm.dir/Drivers/STM32F4xx_HAL_Driver/Src/stm32f4xx_hal.c.obj
                0x20000004                uwTickFreq
 *fill*         0x20000005        0x3 
 .data.SystemCoreClock
                0x20000008        0x4 CMakeFiles/LEDBlinkingTimerBasedPatterm.dir/Core/Src/system_stm32f4xx.c.obj
                0x20000008                SystemCoreClock
 *(.RamFunc)
 *(.RamFunc*)
                0x2000000c                        . = ALIGN (0x4)
                0x2000000c                        _edata = .

.igot.plt       0x2000000c        0x0 load address 0x08001d68
 .igot.plt      0x2000000c        0x0 D:/Program Files/STM32CubeCLT_1.17.0/GNU-tools-for-STM32/bin/../lib/gcc/arm-none-eabi/12.3.1/thumb/v7e-m+fp/hard/crtbegin.o
                0x2000000c                        . = ALIGN (0x4)

.bss            0x2000000c       0x6c load address 0x08001d68
                0x2000000c                        _sbss = .
                0x2000000c                        __bss_start__ = _sbss
 *(.bss)
 .bss           0x2000000c       0x1c D:/Program Files/STM32CubeCLT_1.17.0/GNU-tools-for-STM32/bin/../lib/gcc/arm-none-eabi/12.3.1/thumb/v7e-m+fp/hard/crtbegin.o
 *(.bss*)
 .bss.tim11Counter
                0x20000028        0x1 CMakeFiles/LEDBlinkingTimerBasedPatterm.dir/Core/Src/main.c.obj
                0x20000028                tim11Counter
 *fill*         0x20000029        0x3 
 .bss.htim11    0x2000002c       0x48 CMakeFiles/LEDBlinkingTimerBasedPatterm.dir/Core/Src/main.c.obj
                0x2000002c                htim11
 .bss.uwTick    0x20000074        0x4 CMakeFiles/LEDBlinkingTimerBasedPatterm.dir/Drivers/STM32F4xx_HAL_Driver/Src/stm32f4xx_hal.c.obj
                0x20000074                uwTick
 *(COMMON)
                0x20000078                        . = ALIGN (0x4)
                0x20000078                        _ebss = .
                0x20000078                        __bss_end__ = _ebss

._user_heap_stack
                0x20000078      0x600 load address 0x08001d68
                0x20000078                        . = ALIGN (0x8)
                [!provide]                        PROVIDE (end = .)
                0x20000078                        PROVIDE (_end = .)
                0x20000278                        . = (. + _Min_Heap_Size)
 *fill*         0x20000078      0x200 
                0x20000678                        . = (. + _Min_Stack_Size)
 *fill*         0x20000278      0x400 
                0x20000678                        . = ALIGN (0x8)

/DISCARD/
 libc.a(*)
 libm.a(*)
 libgcc.a(*)

.ARM.attributes
                0x00000000       0x30
 *(.ARM.attributes)
 .ARM.attributes
                0x00000000       0x22 D:/Program Files/STM32CubeCLT_1.17.0/GNU-tools-for-STM32/bin/../lib/gcc/arm-none-eabi/12.3.1/thumb/v7e-m+fp/hard/crti.o
 .ARM.attributes
                0x00000022       0x34 D:/Program Files/STM32CubeCLT_1.17.0/GNU-tools-for-STM32/bin/../lib/gcc/arm-none-eabi/12.3.1/thumb/v7e-m+fp/hard/crtbegin.o
 .ARM.attributes
                0x00000056       0x34 D:/Program Files/STM32CubeCLT_1.17.0/GNU-tools-for-STM32/bin/../lib/gcc/arm-none-eabi/12.3.1/../../../../arm-none-eabi/lib/thumb/v7e-m+fp/hard\libc_nano.a(libc_a-memset.o)
 .ARM.attributes
                0x0000008a       0x34 D:/Program Files/STM32CubeCLT_1.17.0/GNU-tools-for-STM32/bin/../lib/gcc/arm-none-eabi/12.3.1/../../../../arm-none-eabi/lib/thumb/v7e-m+fp/hard\libc_nano.a(libc_a-init.o)
 .ARM.attributes
                0x000000be       0x34 CMakeFiles/LEDBlinkingTimerBasedPatterm.dir/Core/Src/main.c.obj
 .ARM.attributes
                0x000000f2       0x34 CMakeFiles/LEDBlinkingTimerBasedPatterm.dir/Core/Src/stm32f4xx_it.c.obj
 .ARM.attributes
                0x00000126       0x34 CMakeFiles/LEDBlinkingTimerBasedPatterm.dir/Core/Src/stm32f4xx_hal_msp.c.obj
 .ARM.attributes
                0x0000015a       0x34 CMakeFiles/LEDBlinkingTimerBasedPatterm.dir/Drivers/STM32F4xx_HAL_Driver/Src/stm32f4xx_hal_tim.c.obj
 .ARM.attributes
                0x0000018e       0x34 CMakeFiles/LEDBlinkingTimerBasedPatterm.dir/Drivers/STM32F4xx_HAL_Driver/Src/stm32f4xx_hal_tim_ex.c.obj
 .ARM.attributes
                0x000001c2       0x34 CMakeFiles/LEDBlinkingTimerBasedPatterm.dir/Drivers/STM32F4xx_HAL_Driver/Src/stm32f4xx_hal_rcc.c.obj
 .ARM.attributes
                0x000001f6       0x34 CMakeFiles/LEDBlinkingTimerBasedPatterm.dir/Drivers/STM32F4xx_HAL_Driver/Src/stm32f4xx_hal_gpio.c.obj
 .ARM.attributes
                0x0000022a       0x34 CMakeFiles/LEDBlinkingTimerBasedPatterm.dir/Drivers/STM32F4xx_HAL_Driver/Src/stm32f4xx_hal_cortex.c.obj
 .ARM.attributes
                0x0000025e       0x34 CMakeFiles/LEDBlinkingTimerBasedPatterm.dir/Drivers/STM32F4xx_HAL_Driver/Src/stm32f4xx_hal.c.obj
 .ARM.attributes
                0x00000292       0x34 CMakeFiles/LEDBlinkingTimerBasedPatterm.dir/Core/Src/system_stm32f4xx.c.obj
 .ARM.attributes
                0x000002c6       0x21 CMakeFiles/LEDBlinkingTimerBasedPatterm.dir/startup_stm32f401xe.s.obj
 .ARM.attributes
                0x000002e7       0x22 D:/Program Files/STM32CubeCLT_1.17.0/GNU-tools-for-STM32/bin/../lib/gcc/arm-none-eabi/12.3.1/thumb/v7e-m+fp/hard\libgcc.a(_aeabi_uldivmod.o)
 .ARM.attributes
                0x00000309       0x34 D:/Program Files/STM32CubeCLT_1.17.0/GNU-tools-for-STM32/bin/../lib/gcc/arm-none-eabi/12.3.1/thumb/v7e-m+fp/hard\libgcc.a(_udivmoddi4.o)
 .ARM.attributes
                0x0000033d       0x22 D:/Program Files/STM32CubeCLT_1.17.0/GNU-tools-for-STM32/bin/../lib/gcc/arm-none-eabi/12.3.1/thumb/v7e-m+fp/hard\libgcc.a(_dvmd_tls.o)
 .ARM.attributes
                0x0000035f       0x22 D:/Program Files/STM32CubeCLT_1.17.0/GNU-tools-for-STM32/bin/../lib/gcc/arm-none-eabi/12.3.1/thumb/v7e-m+fp/hard/crtn.o
OUTPUT(LEDBlinkingTimerBasedPatterm.elf elf32-littlearm)
LOAD linker stubs
LOAD D:/Program Files/STM32CubeCLT_1.17.0/GNU-tools-for-STM32/bin/../lib/gcc/arm-none-eabi/12.3.1/../../../../arm-none-eabi/lib/thumb/v7e-m+fp/hard\libc.a
LOAD D:/Program Files/STM32CubeCLT_1.17.0/GNU-tools-for-STM32/bin/../lib/gcc/arm-none-eabi/12.3.1/../../../../arm-none-eabi/lib/thumb/v7e-m+fp/hard\libm.a
LOAD D:/Program Files/STM32CubeCLT_1.17.0/GNU-tools-for-STM32/bin/../lib/gcc/arm-none-eabi/12.3.1/thumb/v7e-m+fp/hard\libgcc.a

.debug_frame    0x00000000     0x2718
 .debug_frame   0x00000000       0x20 D:/Program Files/STM32CubeCLT_1.17.0/GNU-tools-for-STM32/bin/../lib/gcc/arm-none-eabi/12.3.1/../../../../arm-none-eabi/lib/thumb/v7e-m+fp/hard\libc_nano.a(libc_a-memset.o)
 .debug_frame   0x00000020       0x2c D:/Program Files/STM32CubeCLT_1.17.0/GNU-tools-for-STM32/bin/../lib/gcc/arm-none-eabi/12.3.1/../../../../arm-none-eabi/lib/thumb/v7e-m+fp/hard\libc_nano.a(libc_a-init.o)
 .debug_frame   0x0000004c       0xcc CMakeFiles/LEDBlinkingTimerBasedPatterm.dir/Core/Src/main.c.obj
 .debug_frame   0x00000118      0x120 CMakeFiles/LEDBlinkingTimerBasedPatterm.dir/Core/Src/stm32f4xx_it.c.obj
 .debug_frame   0x00000238       0x7c CMakeFiles/LEDBlinkingTimerBasedPatterm.dir/Core/Src/stm32f4xx_hal_msp.c.obj
 .debug_frame   0x000002b4     0x11b8 CMakeFiles/LEDBlinkingTimerBasedPatterm.dir/Drivers/STM32F4xx_HAL_Driver/Src/stm32f4xx_hal_tim.c.obj
 .debug_frame   0x0000146c      0x638 CMakeFiles/LEDBlinkingTimerBasedPatterm.dir/Drivers/STM32F4xx_HAL_Driver/Src/stm32f4xx_hal_tim_ex.c.obj
 .debug_frame   0x00001aa4      0x1f4 CMakeFiles/LEDBlinkingTimerBasedPatterm.dir/Drivers/STM32F4xx_HAL_Driver/Src/stm32f4xx_hal_rcc.c.obj
 .debug_frame   0x00001c98      0x14c CMakeFiles/LEDBlinkingTimerBasedPatterm.dir/Drivers/STM32F4xx_HAL_Driver/Src/stm32f4xx_hal_gpio.c.obj
 .debug_frame   0x00001de4      0x508 CMakeFiles/LEDBlinkingTimerBasedPatterm.dir/Drivers/STM32F4xx_HAL_Driver/Src/stm32f4xx_hal_cortex.c.obj
 .debug_frame   0x000022ec      0x374 CMakeFiles/LEDBlinkingTimerBasedPatterm.dir/Drivers/STM32F4xx_HAL_Driver/Src/stm32f4xx_hal.c.obj
 .debug_frame   0x00002660       0x58 CMakeFiles/LEDBlinkingTimerBasedPatterm.dir/Core/Src/system_stm32f4xx.c.obj
 .debug_frame   0x000026b8       0x2c D:/Program Files/STM32CubeCLT_1.17.0/GNU-tools-for-STM32/bin/../lib/gcc/arm-none-eabi/12.3.1/thumb/v7e-m+fp/hard\libgcc.a(_aeabi_uldivmod.o)
 .debug_frame   0x000026e4       0x34 D:/Program Files/STM32CubeCLT_1.17.0/GNU-tools-for-STM32/bin/../lib/gcc/arm-none-eabi/12.3.1/thumb/v7e-m+fp/hard\libgcc.a(_udivmoddi4.o)

.debug_info     0x00000000     0x87f8
 .debug_info    0x00000000      0xd1b CMakeFiles/LEDBlinkingTimerBasedPatterm.dir/Core/Src/main.c.obj
 .debug_info    0x00000d1b      0x6da CMakeFiles/LEDBlinkingTimerBasedPatterm.dir/Core/Src/stm32f4xx_it.c.obj
 .debug_info    0x000013f5      0xa90 CMakeFiles/LEDBlinkingTimerBasedPatterm.dir/Core/Src/stm32f4xx_hal_msp.c.obj
 .debug_info    0x00001e85     0x2996 CMakeFiles/LEDBlinkingTimerBasedPatterm.dir/Drivers/STM32F4xx_HAL_Driver/Src/stm32f4xx_hal_tim.c.obj
 .debug_info    0x0000481b     0x14d4 CMakeFiles/LEDBlinkingTimerBasedPatterm.dir/Drivers/STM32F4xx_HAL_Driver/Src/stm32f4xx_hal_tim_ex.c.obj
 .debug_info    0x00005cef      0x8f1 CMakeFiles/LEDBlinkingTimerBasedPatterm.dir/Drivers/STM32F4xx_HAL_Driver/Src/stm32f4xx_hal_rcc.c.obj
 .debug_info    0x000065e0      0x6f9 CMakeFiles/LEDBlinkingTimerBasedPatterm.dir/Drivers/STM32F4xx_HAL_Driver/Src/stm32f4xx_hal_gpio.c.obj
 .debug_info    0x00006cd9      0xcf6 CMakeFiles/LEDBlinkingTimerBasedPatterm.dir/Drivers/STM32F4xx_HAL_Driver/Src/stm32f4xx_hal_cortex.c.obj
 .debug_info    0x000079cf      0x8bb CMakeFiles/LEDBlinkingTimerBasedPatterm.dir/Drivers/STM32F4xx_HAL_Driver/Src/stm32f4xx_hal.c.obj
 .debug_info    0x0000828a      0x53e CMakeFiles/LEDBlinkingTimerBasedPatterm.dir/Core/Src/system_stm32f4xx.c.obj
 .debug_info    0x000087c8       0x30 CMakeFiles/LEDBlinkingTimerBasedPatterm.dir/startup_stm32f401xe.s.obj

.debug_abbrev   0x00000000     0x161b
 .debug_abbrev  0x00000000      0x265 CMakeFiles/LEDBlinkingTimerBasedPatterm.dir/Core/Src/main.c.obj
 .debug_abbrev  0x00000265      0x1a5 CMakeFiles/LEDBlinkingTimerBasedPatterm.dir/Core/Src/stm32f4xx_it.c.obj
 .debug_abbrev  0x0000040a      0x1c1 CMakeFiles/LEDBlinkingTimerBasedPatterm.dir/Core/Src/stm32f4xx_hal_msp.c.obj
 .debug_abbrev  0x000005cb      0x28b CMakeFiles/LEDBlinkingTimerBasedPatterm.dir/Drivers/STM32F4xx_HAL_Driver/Src/stm32f4xx_hal_tim.c.obj
 .debug_abbrev  0x00000856      0x296 CMakeFiles/LEDBlinkingTimerBasedPatterm.dir/Drivers/STM32F4xx_HAL_Driver/Src/stm32f4xx_hal_tim_ex.c.obj
 .debug_abbrev  0x00000aec      0x2b6 CMakeFiles/LEDBlinkingTimerBasedPatterm.dir/Drivers/STM32F4xx_HAL_Driver/Src/stm32f4xx_hal_rcc.c.obj
 .debug_abbrev  0x00000da2      0x1d3 CMakeFiles/LEDBlinkingTimerBasedPatterm.dir/Drivers/STM32F4xx_HAL_Driver/Src/stm32f4xx_hal_gpio.c.obj
 .debug_abbrev  0x00000f75      0x31d CMakeFiles/LEDBlinkingTimerBasedPatterm.dir/Drivers/STM32F4xx_HAL_Driver/Src/stm32f4xx_hal_cortex.c.obj
 .debug_abbrev  0x00001292      0x24b CMakeFiles/LEDBlinkingTimerBasedPatterm.dir/Drivers/STM32F4xx_HAL_Driver/Src/stm32f4xx_hal.c.obj
 .debug_abbrev  0x000014dd      0x11a CMakeFiles/LEDBlinkingTimerBasedPatterm.dir/Core/Src/system_stm32f4xx.c.obj
 .debug_abbrev  0x000015f7       0x24 CMakeFiles/LEDBlinkingTimerBasedPatterm.dir/startup_stm32f401xe.s.obj

.debug_aranges  0x00000000      0x968
 .debug_aranges
                0x00000000       0x48 CMakeFiles/LEDBlinkingTimerBasedPatterm.dir/Core/Src/main.c.obj
 .debug_aranges
                0x00000048       0x68 CMakeFiles/LEDBlinkingTimerBasedPatterm.dir/Core/Src/stm32f4xx_it.c.obj
 .debug_aranges
                0x000000b0       0x30 CMakeFiles/LEDBlinkingTimerBasedPatterm.dir/Core/Src/stm32f4xx_hal_msp.c.obj
 .debug_aranges
                0x000000e0      0x3d0 CMakeFiles/LEDBlinkingTimerBasedPatterm.dir/Drivers/STM32F4xx_HAL_Driver/Src/stm32f4xx_hal_tim.c.obj
 .debug_aranges
                0x000004b0      0x168 CMakeFiles/LEDBlinkingTimerBasedPatterm.dir/Drivers/STM32F4xx_HAL_Driver/Src/stm32f4xx_hal_tim_ex.c.obj
 .debug_aranges
                0x00000618       0x88 CMakeFiles/LEDBlinkingTimerBasedPatterm.dir/Drivers/STM32F4xx_HAL_Driver/Src/stm32f4xx_hal_rcc.c.obj
 .debug_aranges
                0x000006a0       0x58 CMakeFiles/LEDBlinkingTimerBasedPatterm.dir/Drivers/STM32F4xx_HAL_Driver/Src/stm32f4xx_hal_gpio.c.obj
 .debug_aranges
                0x000006f8      0x130 CMakeFiles/LEDBlinkingTimerBasedPatterm.dir/Drivers/STM32F4xx_HAL_Driver/Src/stm32f4xx_hal_cortex.c.obj
 .debug_aranges
                0x00000828       0xf0 CMakeFiles/LEDBlinkingTimerBasedPatterm.dir/Drivers/STM32F4xx_HAL_Driver/Src/stm32f4xx_hal.c.obj
 .debug_aranges
                0x00000918       0x28 CMakeFiles/LEDBlinkingTimerBasedPatterm.dir/Core/Src/system_stm32f4xx.c.obj
 .debug_aranges
                0x00000940       0x28 CMakeFiles/LEDBlinkingTimerBasedPatterm.dir/startup_stm32f401xe.s.obj

.debug_rnglists
                0x00000000      0x741
 .debug_rnglists
                0x00000000       0x33 CMakeFiles/LEDBlinkingTimerBasedPatterm.dir/Core/Src/main.c.obj
 .debug_rnglists
                0x00000033       0x49 CMakeFiles/LEDBlinkingTimerBasedPatterm.dir/Core/Src/stm32f4xx_it.c.obj
 .debug_rnglists
                0x0000007c       0x1f CMakeFiles/LEDBlinkingTimerBasedPatterm.dir/Core/Src/stm32f4xx_hal_msp.c.obj
 .debug_rnglists
                0x0000009b      0x31a CMakeFiles/LEDBlinkingTimerBasedPatterm.dir/Drivers/STM32F4xx_HAL_Driver/Src/stm32f4xx_hal_tim.c.obj
 .debug_rnglists
                0x000003b5      0x125 CMakeFiles/LEDBlinkingTimerBasedPatterm.dir/Drivers/STM32F4xx_HAL_Driver/Src/stm32f4xx_hal_tim_ex.c.obj
 .debug_rnglists
                0x000004da       0x66 CMakeFiles/LEDBlinkingTimerBasedPatterm.dir/Drivers/STM32F4xx_HAL_Driver/Src/stm32f4xx_hal_rcc.c.obj
 .debug_rnglists
                0x00000540       0x3f CMakeFiles/LEDBlinkingTimerBasedPatterm.dir/Drivers/STM32F4xx_HAL_Driver/Src/stm32f4xx_hal_gpio.c.obj
 .debug_rnglists
                0x0000057f       0xe0 CMakeFiles/LEDBlinkingTimerBasedPatterm.dir/Drivers/STM32F4xx_HAL_Driver/Src/stm32f4xx_hal_cortex.c.obj
 .debug_rnglists
                0x0000065f       0xaf CMakeFiles/LEDBlinkingTimerBasedPatterm.dir/Drivers/STM32F4xx_HAL_Driver/Src/stm32f4xx_hal.c.obj
 .debug_rnglists
                0x0000070e       0x1a CMakeFiles/LEDBlinkingTimerBasedPatterm.dir/Core/Src/system_stm32f4xx.c.obj
 .debug_rnglists
                0x00000728       0x19 CMakeFiles/LEDBlinkingTimerBasedPatterm.dir/startup_stm32f401xe.s.obj

.debug_macro    0x00000000    0x14fb2
 .debug_macro   0x00000000      0x1d3 CMakeFiles/LEDBlinkingTimerBasedPatterm.dir/Core/Src/main.c.obj
 .debug_macro   0x000001d3      0xab4 CMakeFiles/LEDBlinkingTimerBasedPatterm.dir/Core/Src/main.c.obj
 .debug_macro   0x00000c87      0x295 CMakeFiles/LEDBlinkingTimerBasedPatterm.dir/Core/Src/main.c.obj
 .debug_macro   0x00000f1c       0x2e CMakeFiles/LEDBlinkingTimerBasedPatterm.dir/Core/Src/main.c.obj
 .debug_macro   0x00000f4a       0x28 CMakeFiles/LEDBlinkingTimerBasedPatterm.dir/Core/Src/main.c.obj
 .debug_macro   0x00000f72       0x22 CMakeFiles/LEDBlinkingTimerBasedPatterm.dir/Core/Src/main.c.obj
 .debug_macro   0x00000f94       0x8e CMakeFiles/LEDBlinkingTimerBasedPatterm.dir/Core/Src/main.c.obj
 .debug_macro   0x00001022       0x51 CMakeFiles/LEDBlinkingTimerBasedPatterm.dir/Core/Src/main.c.obj
 .debug_macro   0x00001073      0x103 CMakeFiles/LEDBlinkingTimerBasedPatterm.dir/Core/Src/main.c.obj
 .debug_macro   0x00001176       0x6a CMakeFiles/LEDBlinkingTimerBasedPatterm.dir/Core/Src/main.c.obj
 .debug_macro   0x000011e0      0x1df CMakeFiles/LEDBlinkingTimerBasedPatterm.dir/Core/Src/main.c.obj
 .debug_macro   0x000013bf       0x1c CMakeFiles/LEDBlinkingTimerBasedPatterm.dir/Core/Src/main.c.obj
 .debug_macro   0x000013db       0x22 CMakeFiles/LEDBlinkingTimerBasedPatterm.dir/Core/Src/main.c.obj
 .debug_macro   0x000013fd       0xfb CMakeFiles/LEDBlinkingTimerBasedPatterm.dir/Core/Src/main.c.obj
 .debug_macro   0x000014f8     0x1011 CMakeFiles/LEDBlinkingTimerBasedPatterm.dir/Core/Src/main.c.obj
 .debug_macro   0x00002509      0x11f CMakeFiles/LEDBlinkingTimerBasedPatterm.dir/Core/Src/main.c.obj
 .debug_macro   0x00002628     0xb86c CMakeFiles/LEDBlinkingTimerBasedPatterm.dir/Core/Src/main.c.obj
 .debug_macro   0x0000de94       0x6d CMakeFiles/LEDBlinkingTimerBasedPatterm.dir/Core/Src/main.c.obj
 .debug_macro   0x0000df01     0x369a CMakeFiles/LEDBlinkingTimerBasedPatterm.dir/Core/Src/main.c.obj
 .debug_macro   0x0001159b      0x189 CMakeFiles/LEDBlinkingTimerBasedPatterm.dir/Core/Src/main.c.obj
 .debug_macro   0x00011724       0x5c CMakeFiles/LEDBlinkingTimerBasedPatterm.dir/Core/Src/main.c.obj
 .debug_macro   0x00011780      0x416 CMakeFiles/LEDBlinkingTimerBasedPatterm.dir/Core/Src/main.c.obj
 .debug_macro   0x00011b96      0x9e9 CMakeFiles/LEDBlinkingTimerBasedPatterm.dir/Core/Src/main.c.obj
 .debug_macro   0x0001257f      0x115 CMakeFiles/LEDBlinkingTimerBasedPatterm.dir/Core/Src/main.c.obj
 .debug_macro   0x00012694       0xf8 CMakeFiles/LEDBlinkingTimerBasedPatterm.dir/Core/Src/main.c.obj
 .debug_macro   0x0001278c       0xa5 CMakeFiles/LEDBlinkingTimerBasedPatterm.dir/Core/Src/main.c.obj
 .debug_macro   0x00012831      0x15f CMakeFiles/LEDBlinkingTimerBasedPatterm.dir/Core/Src/main.c.obj
 .debug_macro   0x00012990      0x287 CMakeFiles/LEDBlinkingTimerBasedPatterm.dir/Core/Src/main.c.obj
 .debug_macro   0x00012c17       0x5f CMakeFiles/LEDBlinkingTimerBasedPatterm.dir/Core/Src/main.c.obj
 .debug_macro   0x00012c76      0x236 CMakeFiles/LEDBlinkingTimerBasedPatterm.dir/Core/Src/main.c.obj
 .debug_macro   0x00012eac      0x132 CMakeFiles/LEDBlinkingTimerBasedPatterm.dir/Core/Src/main.c.obj
 .debug_macro   0x00012fde      0x264 CMakeFiles/LEDBlinkingTimerBasedPatterm.dir/Core/Src/main.c.obj
 .debug_macro   0x00013242       0x2e CMakeFiles/LEDBlinkingTimerBasedPatterm.dir/Core/Src/main.c.obj
 .debug_macro   0x00013270      0x127 CMakeFiles/LEDBlinkingTimerBasedPatterm.dir/Core/Src/main.c.obj
 .debug_macro   0x00013397       0x85 CMakeFiles/LEDBlinkingTimerBasedPatterm.dir/Core/Src/main.c.obj
 .debug_macro   0x0001341c       0x89 CMakeFiles/LEDBlinkingTimerBasedPatterm.dir/Core/Src/main.c.obj
 .debug_macro   0x000134a5      0x8ed CMakeFiles/LEDBlinkingTimerBasedPatterm.dir/Core/Src/main.c.obj
 .debug_macro   0x00013d92       0x47 CMakeFiles/LEDBlinkingTimerBasedPatterm.dir/Core/Src/main.c.obj
 .debug_macro   0x00013dd9      0x126 CMakeFiles/LEDBlinkingTimerBasedPatterm.dir/Core/Src/main.c.obj
 .debug_macro   0x00013eff       0x1c CMakeFiles/LEDBlinkingTimerBasedPatterm.dir/Core/Src/main.c.obj
 .debug_macro   0x00013f1b      0x1dd CMakeFiles/LEDBlinkingTimerBasedPatterm.dir/Core/Src/stm32f4xx_it.c.obj
 .debug_macro   0x000140f8      0x1d3 CMakeFiles/LEDBlinkingTimerBasedPatterm.dir/Core/Src/stm32f4xx_hal_msp.c.obj
 .debug_macro   0x000142cb      0x1c5 CMakeFiles/LEDBlinkingTimerBasedPatterm.dir/Drivers/STM32F4xx_HAL_Driver/Src/stm32f4xx_hal_tim.c.obj
 .debug_macro   0x00014490      0x1c4 CMakeFiles/LEDBlinkingTimerBasedPatterm.dir/Drivers/STM32F4xx_HAL_Driver/Src/stm32f4xx_hal_tim_ex.c.obj
 .debug_macro   0x00014654      0x1e8 CMakeFiles/LEDBlinkingTimerBasedPatterm.dir/Drivers/STM32F4xx_HAL_Driver/Src/stm32f4xx_hal_rcc.c.obj
 .debug_macro   0x0001483c      0x1ca CMakeFiles/LEDBlinkingTimerBasedPatterm.dir/Drivers/STM32F4xx_HAL_Driver/Src/stm32f4xx_hal_gpio.c.obj
 .debug_macro   0x00014a06      0x1c4 CMakeFiles/LEDBlinkingTimerBasedPatterm.dir/Drivers/STM32F4xx_HAL_Driver/Src/stm32f4xx_hal_cortex.c.obj
 .debug_macro   0x00014bca      0x224 CMakeFiles/LEDBlinkingTimerBasedPatterm.dir/Drivers/STM32F4xx_HAL_Driver/Src/stm32f4xx_hal.c.obj
 .debug_macro   0x00014dee      0x1c4 CMakeFiles/LEDBlinkingTimerBasedPatterm.dir/Core/Src/system_stm32f4xx.c.obj

.debug_line     0x00000000     0xa3a4
 .debug_line    0x00000000      0x8b3 CMakeFiles/LEDBlinkingTimerBasedPatterm.dir/Core/Src/main.c.obj
 .debug_line    0x000008b3      0x875 CMakeFiles/LEDBlinkingTimerBasedPatterm.dir/Core/Src/stm32f4xx_it.c.obj
 .debug_line    0x00001128      0x7d7 CMakeFiles/LEDBlinkingTimerBasedPatterm.dir/Core/Src/stm32f4xx_hal_msp.c.obj
 .debug_line    0x000018ff     0x3606 CMakeFiles/LEDBlinkingTimerBasedPatterm.dir/Drivers/STM32F4xx_HAL_Driver/Src/stm32f4xx_hal_tim.c.obj
 .debug_line    0x00004f05     0x1a19 CMakeFiles/LEDBlinkingTimerBasedPatterm.dir/Drivers/STM32F4xx_HAL_Driver/Src/stm32f4xx_hal_tim_ex.c.obj
 .debug_line    0x0000691e      0xe13 CMakeFiles/LEDBlinkingTimerBasedPatterm.dir/Drivers/STM32F4xx_HAL_Driver/Src/stm32f4xx_hal_rcc.c.obj
 .debug_line    0x00007731      0xbd8 CMakeFiles/LEDBlinkingTimerBasedPatterm.dir/Drivers/STM32F4xx_HAL_Driver/Src/stm32f4xx_hal_gpio.c.obj
 .debug_line    0x00008309      0xd7a CMakeFiles/LEDBlinkingTimerBasedPatterm.dir/Drivers/STM32F4xx_HAL_Driver/Src/stm32f4xx_hal_cortex.c.obj
 .debug_line    0x00009083      0xa88 CMakeFiles/LEDBlinkingTimerBasedPatterm.dir/Drivers/STM32F4xx_HAL_Driver/Src/stm32f4xx_hal.c.obj
 .debug_line    0x00009b0b      0x81f CMakeFiles/LEDBlinkingTimerBasedPatterm.dir/Core/Src/system_stm32f4xx.c.obj
 .debug_line    0x0000a32a       0x7a CMakeFiles/LEDBlinkingTimerBasedPatterm.dir/startup_stm32f401xe.s.obj

.debug_str      0x00000000    0x874de
 .debug_str     0x00000000    0x84c3e CMakeFiles/LEDBlinkingTimerBasedPatterm.dir/Core/Src/main.c.obj
                              0x84f5d (size before relaxing)
 .debug_str     0x00084c3e      0x134 CMakeFiles/LEDBlinkingTimerBasedPatterm.dir/Core/Src/stm32f4xx_it.c.obj
                              0x84c1c (size before relaxing)
 .debug_str     0x00084d72      0x481 CMakeFiles/LEDBlinkingTimerBasedPatterm.dir/Core/Src/stm32f4xx_hal_msp.c.obj
                              0x85081 (size before relaxing)
 .debug_str     0x000851f3      0xe87 CMakeFiles/LEDBlinkingTimerBasedPatterm.dir/Drivers/STM32F4xx_HAL_Driver/Src/stm32f4xx_hal_tim.c.obj
                              0x85b16 (size before relaxing)
 .debug_str     0x0008607a      0x53d CMakeFiles/LEDBlinkingTimerBasedPatterm.dir/Drivers/STM32F4xx_HAL_Driver/Src/stm32f4xx_hal_tim_ex.c.obj
                              0x85322 (size before relaxing)
 .debug_str     0x000865b7      0x2fb CMakeFiles/LEDBlinkingTimerBasedPatterm.dir/Drivers/STM32F4xx_HAL_Driver/Src/stm32f4xx_hal_rcc.c.obj
                              0x84bd2 (size before relaxing)
 .debug_str     0x000868b2      0x158 CMakeFiles/LEDBlinkingTimerBasedPatterm.dir/Drivers/STM32F4xx_HAL_Driver/Src/stm32f4xx_hal_gpio.c.obj
                              0x84919 (size before relaxing)
 .debug_str     0x00086a0a      0x429 CMakeFiles/LEDBlinkingTimerBasedPatterm.dir/Drivers/STM32F4xx_HAL_Driver/Src/stm32f4xx_hal_cortex.c.obj
                              0x84f2a (size before relaxing)
 .debug_str     0x00086e33      0x5b8 CMakeFiles/LEDBlinkingTimerBasedPatterm.dir/Drivers/STM32F4xx_HAL_Driver/Src/stm32f4xx_hal.c.obj
                              0x851c0 (size before relaxing)
 .debug_str     0x000873eb       0x84 CMakeFiles/LEDBlinkingTimerBasedPatterm.dir/Core/Src/system_stm32f4xx.c.obj
                              0x8479e (size before relaxing)
 .debug_str     0x0008746f       0x6f CMakeFiles/LEDBlinkingTimerBasedPatterm.dir/startup_stm32f401xe.s.obj
                                 0xb8 (size before relaxing)

.comment        0x00000000       0x43
 .comment       0x00000000       0x43 CMakeFiles/LEDBlinkingTimerBasedPatterm.dir/Core/Src/main.c.obj
                                 0x44 (size before relaxing)
 .comment       0x00000043       0x44 CMakeFiles/LEDBlinkingTimerBasedPatterm.dir/Core/Src/stm32f4xx_it.c.obj
 .comment       0x00000043       0x44 CMakeFiles/LEDBlinkingTimerBasedPatterm.dir/Core/Src/stm32f4xx_hal_msp.c.obj
 .comment       0x00000043       0x44 CMakeFiles/LEDBlinkingTimerBasedPatterm.dir/Drivers/STM32F4xx_HAL_Driver/Src/stm32f4xx_hal_tim.c.obj
 .comment       0x00000043       0x44 CMakeFiles/LEDBlinkingTimerBasedPatterm.dir/Drivers/STM32F4xx_HAL_Driver/Src/stm32f4xx_hal_tim_ex.c.obj
 .comment       0x00000043       0x44 CMakeFiles/LEDBlinkingTimerBasedPatterm.dir/Drivers/STM32F4xx_HAL_Driver/Src/stm32f4xx_hal_rcc.c.obj
 .comment       0x00000043       0x44 CMakeFiles/LEDBlinkingTimerBasedPatterm.dir/Drivers/STM32F4xx_HAL_Driver/Src/stm32f4xx_hal_gpio.c.obj
 .comment       0x00000043       0x44 CMakeFiles/LEDBlinkingTimerBasedPatterm.dir/Drivers/STM32F4xx_HAL_Driver/Src/stm32f4xx_hal_cortex.c.obj
 .comment       0x00000043       0x44 CMakeFiles/LEDBlinkingTimerBasedPatterm.dir/Drivers/STM32F4xx_HAL_Driver/Src/stm32f4xx_hal.c.obj
 .comment       0x00000043       0x44 CMakeFiles/LEDBlinkingTimerBasedPatterm.dir/Core/Src/system_stm32f4xx.c.obj

.debug_line_str
                0x00000000       0x9c
 .debug_line_str
                0x00000000       0x9c CMakeFiles/LEDBlinkingTimerBasedPatterm.dir/startup_stm32f401xe.s.obj
