Archive member included to satisfy reference by file (symbol)

D:/Program Files/STM32CubeCLT_1.17.0/GNU-tools-for-STM32/bin/../lib/gcc/arm-none-eabi/12.3.1/../../../../arm-none-eabi/lib/thumb/v7e-m+fp/hard\libc_nano.a(libc_a-exit.o)
                              D:/Program Files/STM32CubeCLT_1.17.0/GNU-tools-for-STM32/bin/../lib/gcc/arm-none-eabi/12.3.1/../../../../arm-none-eabi/lib/thumb/v7e-m+fp/hard/crt0.o (exit)
D:/Program Files/STM32CubeCLT_1.17.0/GNU-tools-for-STM32/bin/../lib/gcc/arm-none-eabi/12.3.1/../../../../arm-none-eabi/lib/thumb/v7e-m+fp/hard\libc_nano.a(libc_a-findfp.o)
                              D:/Program Files/STM32CubeCLT_1.17.0/GNU-tools-for-STM32/bin/../lib/gcc/arm-none-eabi/12.3.1/../../../../arm-none-eabi/lib/thumb/v7e-m+fp/hard\libc_nano.a(libc_a-exit.o) (__stdio_exit_handler)
D:/Program Files/STM32CubeCLT_1.17.0/GNU-tools-for-STM32/bin/../lib/gcc/arm-none-eabi/12.3.1/../../../../arm-none-eabi/lib/thumb/v7e-m+fp/hard\libc_nano.a(libc_a-fwalk.o)
                              D:/Program Files/STM32CubeCLT_1.17.0/GNU-tools-for-STM32/bin/../lib/gcc/arm-none-eabi/12.3.1/../../../../arm-none-eabi/lib/thumb/v7e-m+fp/hard\libc_nano.a(libc_a-findfp.o) (_fwalk_sglue)
D:/Program Files/STM32CubeCLT_1.17.0/GNU-tools-for-STM32/bin/../lib/gcc/arm-none-eabi/12.3.1/../../../../arm-none-eabi/lib/thumb/v7e-m+fp/hard\libc_nano.a(libc_a-stdio.o)
                              D:/Program Files/STM32CubeCLT_1.17.0/GNU-tools-for-STM32/bin/../lib/gcc/arm-none-eabi/12.3.1/../../../../arm-none-eabi/lib/thumb/v7e-m+fp/hard\libc_nano.a(libc_a-findfp.o) (__sread)
D:/Program Files/STM32CubeCLT_1.17.0/GNU-tools-for-STM32/bin/../lib/gcc/arm-none-eabi/12.3.1/../../../../arm-none-eabi/lib/thumb/v7e-m+fp/hard\libc_nano.a(libc_a-memset.o)
                              D:/Program Files/STM32CubeCLT_1.17.0/GNU-tools-for-STM32/bin/../lib/gcc/arm-none-eabi/12.3.1/../../../../arm-none-eabi/lib/thumb/v7e-m+fp/hard/crt0.o (memset)
D:/Program Files/STM32CubeCLT_1.17.0/GNU-tools-for-STM32/bin/../lib/gcc/arm-none-eabi/12.3.1/../../../../arm-none-eabi/lib/thumb/v7e-m+fp/hard\libc_nano.a(libc_a-closer.o)
                              D:/Program Files/STM32CubeCLT_1.17.0/GNU-tools-for-STM32/bin/../lib/gcc/arm-none-eabi/12.3.1/../../../../arm-none-eabi/lib/thumb/v7e-m+fp/hard\libc_nano.a(libc_a-stdio.o) (_close_r)
D:/Program Files/STM32CubeCLT_1.17.0/GNU-tools-for-STM32/bin/../lib/gcc/arm-none-eabi/12.3.1/../../../../arm-none-eabi/lib/thumb/v7e-m+fp/hard\libc_nano.a(libc_a-reent.o)
                              D:/Program Files/STM32CubeCLT_1.17.0/GNU-tools-for-STM32/bin/../lib/gcc/arm-none-eabi/12.3.1/../../../../arm-none-eabi/lib/thumb/v7e-m+fp/hard\libc_nano.a(libc_a-closer.o) (errno)
D:/Program Files/STM32CubeCLT_1.17.0/GNU-tools-for-STM32/bin/../lib/gcc/arm-none-eabi/12.3.1/../../../../arm-none-eabi/lib/thumb/v7e-m+fp/hard\libc_nano.a(libc_a-impure.o)
                              D:/Program Files/STM32CubeCLT_1.17.0/GNU-tools-for-STM32/bin/../lib/gcc/arm-none-eabi/12.3.1/../../../../arm-none-eabi/lib/thumb/v7e-m+fp/hard\libc_nano.a(libc_a-reent.o) (_impure_ptr)
D:/Program Files/STM32CubeCLT_1.17.0/GNU-tools-for-STM32/bin/../lib/gcc/arm-none-eabi/12.3.1/../../../../arm-none-eabi/lib/thumb/v7e-m+fp/hard\libc_nano.a(libc_a-lseekr.o)
                              D:/Program Files/STM32CubeCLT_1.17.0/GNU-tools-for-STM32/bin/../lib/gcc/arm-none-eabi/12.3.1/../../../../arm-none-eabi/lib/thumb/v7e-m+fp/hard\libc_nano.a(libc_a-stdio.o) (_lseek_r)
D:/Program Files/STM32CubeCLT_1.17.0/GNU-tools-for-STM32/bin/../lib/gcc/arm-none-eabi/12.3.1/../../../../arm-none-eabi/lib/thumb/v7e-m+fp/hard\libc_nano.a(libc_a-readr.o)
                              D:/Program Files/STM32CubeCLT_1.17.0/GNU-tools-for-STM32/bin/../lib/gcc/arm-none-eabi/12.3.1/../../../../arm-none-eabi/lib/thumb/v7e-m+fp/hard\libc_nano.a(libc_a-stdio.o) (_read_r)
D:/Program Files/STM32CubeCLT_1.17.0/GNU-tools-for-STM32/bin/../lib/gcc/arm-none-eabi/12.3.1/../../../../arm-none-eabi/lib/thumb/v7e-m+fp/hard\libc_nano.a(libc_a-writer.o)
                              D:/Program Files/STM32CubeCLT_1.17.0/GNU-tools-for-STM32/bin/../lib/gcc/arm-none-eabi/12.3.1/../../../../arm-none-eabi/lib/thumb/v7e-m+fp/hard\libc_nano.a(libc_a-stdio.o) (_write_r)
D:/Program Files/STM32CubeCLT_1.17.0/GNU-tools-for-STM32/bin/../lib/gcc/arm-none-eabi/12.3.1/../../../../arm-none-eabi/lib/thumb/v7e-m+fp/hard\libc_nano.a(libc_a-init.o)
                              D:/Program Files/STM32CubeCLT_1.17.0/GNU-tools-for-STM32/bin/../lib/gcc/arm-none-eabi/12.3.1/../../../../arm-none-eabi/lib/thumb/v7e-m+fp/hard/crt0.o (__libc_init_array)
D:/Program Files/STM32CubeCLT_1.17.0/GNU-tools-for-STM32/bin/../lib/gcc/arm-none-eabi/12.3.1/../../../../arm-none-eabi/lib/thumb/v7e-m+fp/hard\libc_nano.a(libc_a-lock.o)
[...]
Memory Configuration

Name             Origin             Length             Attributes
RAM              0x20000000         0x00018000         xrw
FLASH            0x08000000         0x00080000         xr
*default*        0x00000000         0xffffffff

Linker script and memory map

LOAD D:/Program Files/STM32CubeCLT_1.17.0/GNU-tools-for-STM32/bin/../lib/gcc/arm-none-eabi/12.3.1/thumb/v7e-m+fp/hard/crti.o
LOAD D:/Program Files/STM32CubeCLT_1.17.0/GNU-tools-for-STM32/bin/../lib/gcc/arm-none-eabi/12.3.1/thumb/v7e-m+fp/hard/crtbegin.o
LOAD D:/Program Files/STM32CubeCLT_1.17.0/GNU-tools-for-STM32/bin/../lib/gcc/arm-none-eabi/12.3.1/../../../../arm-none-eabi/lib/thumb/v7e-m+fp/hard/crt0.o
START GROUP
LOAD D:/Program Files/STM32CubeCLT_1.17.0/GNU-tools-for-STM32/bin/../lib/gcc/arm-none-eabi/12.3.1/../../../../arm-none-eabi/lib/thumb/v7e-m+fp/hard\libc_nano.a
LOAD D:/Program Files/STM32CubeCLT_1.17.0/GNU-tools-for-STM32/bin/../lib/gcc/arm-none-eabi/12.3.1/../../../../arm-none-eabi/lib/thumb/v7e-m+fp/hard\libm.a
END GROUP
LOAD CMakeFiles/DelayUsingHardwareTimer.dir/Core/Src/main.c.obj
LOAD CMakeFiles/DelayUsingHardwareTimer.dir/Core/Src/stm32f4xx_it.c.obj
LOAD CMakeFiles/DelayUsingHardwareTimer.dir/Core/Src/stm32f4xx_hal_msp.c.obj
LOAD CMakeFiles/DelayUsingHardwareTimer.dir/Drivers/STM32F4xx_HAL_Driver/Src/stm32f4xx_hal_tim.c.obj
LOAD CMakeFiles/DelayUsingHardwareTimer.dir/Drivers/STM32F4xx_HAL_Driver/Src/stm32f4xx_hal_tim_ex.c.obj
LOAD CMakeFiles/DelayUsingHardwareTimer.dir/Drivers/STM32F4xx_HAL_Driver/Src/stm32f4xx_hal_rcc.c.obj
LOAD CMakeFiles/DelayUsingHardwareTimer.dir/Drivers/STM32F4xx_HAL_Driver/Src/stm32f4xx_hal_rcc_ex.c.obj
LOAD CMakeFiles/DelayUsingHardwareTimer.dir/Drivers/STM32F4xx_HAL_Driver/Src/stm32f4xx_hal_flash.c.obj
LOAD CMakeFiles/DelayUsingHardwareTimer.dir/Drivers/STM32F4xx_HAL_Driver/Src/stm32f4xx_hal_flash_ex.c.obj
LOAD CMakeFiles/DelayUsingHardwareTimer.dir/Drivers/STM32F4xx_HAL_Driver/Src/stm32f4xx_hal_flash_ramfunc.c.obj
LOAD CMakeFiles/DelayUsingHardwareTimer.dir/Drivers/STM32F4xx_HAL_Driver/Src/stm32f4xx_hal_gpio.c.obj
LOAD CMakeFiles/DelayUsingHardwareTimer.dir/Drivers/STM32F4xx_HAL_Driver/Src/stm32f4xx_hal_dma_ex.c.obj
LOAD CMakeFiles/DelayUsingHardwareTimer.dir/Drivers/STM32F4xx_HAL_Driver/Src/stm32f4xx_hal_dma.c.obj
LOAD CMakeFiles/DelayUsingHardwareTimer.dir/Drivers/STM32F4xx_HAL_Driver/Src/stm32f4xx_hal_pwr.c.obj
LOAD CMakeFiles/DelayUsingHardwareTimer.dir/Drivers/STM32F4xx_HAL_Driver/Src/stm32f4xx_hal_pwr_ex.c.obj
LOAD CMakeFiles/DelayUsingHardwareTimer.dir/Drivers/STM32F4xx_HAL_Driver/Src/stm32f4xx_hal_cortex.c.obj
LOAD CMakeFiles/DelayUsingHardwareTimer.dir/Drivers/STM32F4xx_HAL_Driver/Src/stm32f4xx_hal.c.obj
LOAD CMakeFiles/DelayUsingHardwareTimer.dir/Drivers/STM32F4xx_HAL_Driver/Src/stm32f4xx_hal_exti.c.obj
LOAD CMakeFiles/DelayUsingHardwareTimer.dir/Drivers/STM32F4xx_HAL_Driver/Src/stm32f4xx_hal_uart.c.obj
LOAD CMakeFiles/DelayUsingHardwareTimer.dir/Core/Src/system_stm32f4xx.c.obj
LOAD CMakeFiles/DelayUsingHardwareTimer.dir/Core/Src/sysmem.c.obj
LOAD CMakeFiles/DelayUsingHardwareTimer.dir/Core/Src/syscalls.c.obj
LOAD CMakeFiles/DelayUsingHardwareTimer.dir/startup_stm32f401xe.s.obj
START GROUP
LOAD D:/Program Files/STM32CubeCLT_1.17.0/GNU-tools-for-STM32/bin/../lib/gcc/arm-none-eabi/12.3.1/thumb/v7e-m+fp/hard\libgcc.a
LOAD D:/Program Files/STM32CubeCLT_1.17.0/GNU-tools-for-STM32/bin/../lib/gcc/arm-none-eabi/12.3.1/../../../../arm-none-eabi/lib/thumb/v7e-m+fp/hard\libg_nano.a
LOAD D:/Program Files/STM32CubeCLT_1.17.0/GNU-tools-for-STM32/bin/../lib/gcc/arm-none-eabi/12.3.1/../../../../arm-none-eabi/lib/thumb/v7e-m+fp/hard\libc_nano.a
END GROUP
START GROUP
LOAD D:/Program Files/STM32CubeCLT_1.17.0/GNU-tools-for-STM32/bin/../lib/gcc/arm-none-eabi/12.3.1/thumb/v7e-m+fp/hard\libgcc.a
LOAD D:/Program Files/STM32CubeCLT_1.17.0/GNU-tools-for-STM32/bin/../lib/gcc/arm-none-eabi/12.3.1/../../../../arm-none-eabi/lib/thumb/v7e-m+fp/hard\libc_nano.a
END GROUP
LOAD D:/Program Files/STM32CubeCLT_1.17.0/GNU-tools-for-STM32/bin/../lib/gcc/arm-none-eabi/12.3.1/thumb/v7e-m+fp/hard/crtend.o
LOAD D:/Program Files/STM32CubeCLT_1.17.0/GNU-tools-for-STM32/bin/../lib/gcc/arm-none-eabi/12.3.1/thumb/v7e-m+fp/hard/crtn.o
                0x20018000                        _estack = (ORIGIN (RAM) + LENGTH (RAM))
                0x00000200                        _Min_Heap_Size = 0x200
                0x00000400                        _Min_Stack_Size = 0x400

.isr_vector     0x08000000      0x194
                0x08000000                        . = ALIGN (0x4)
 *(.isr_vector)
 .isr_vector    0x08000000      0x194 CMakeFiles/DelayUsingHardwareTimer.dir/startup_stm32f401xe.s.obj
                0x08000000                g_pfnVectors
                0x08000194                        . = ALIGN (0x4)

.text           0x08000194     0x22b4
                0x08000194                        . = ALIGN (0x4)
 *(.text)
 .text          0x08000194       0x40 D:/Program Files/STM32CubeCLT_1.17.0/GNU-tools-for-STM32/bin/../lib/gcc/arm-none-eabi/12.3.1/thumb/v7e-m+fp/hard/crtbegin.o
 .text          0x080001d4       0x30 D:/Program Files/STM32CubeCLT_1.17.0/GNU-tools-for-STM32/bin/../lib/gcc/arm-none-eabi/12.3.1/thumb/v7e-m+fp/hard\libgcc.a(_aeabi_uldivmod.o)
                0x080001d4                __aeabi_uldivmod
 .text          0x08000204      0x2bc D:/Program Files/STM32CubeCLT_1.17.0/GNU-tools-for-STM32/bin/../lib/gcc/arm-none-eabi/12.3.1/thumb/v7e-m+fp/hard\libgcc.a(_udivmoddi4.o)
                0x08000204                __udivmoddi4
 .text          0x080004c0        0x4 D:/Program Files/STM32CubeCLT_1.17.0/GNU-tools-for-STM32/bin/../lib/gcc/arm-none-eabi/12.3.1/thumb/v7e-m+fp/hard\libgcc.a(_dvmd_tls.o)
                0x080004c0                __aeabi_idiv0
                0x080004c0                __aeabi_ldiv0
 *(.text*)
 .text.memset   0x080004c4       0x10 D:/Program Files/STM32CubeCLT_1.17.0/GNU-tools-for-STM32/bin/../lib/gcc/arm-none-eabi/12.3.1/../../../../arm-none-eabi/lib/thumb/v7e-m+fp/hard\libc_nano.a(libc_a-memset.o)
                0x080004c4                memset
 .text.__libc_init_array
                0x080004d4       0x48 D:/Program Files/STM32CubeCLT_1.17.0/GNU-tools-for-STM32/bin/../lib/gcc/arm-none-eabi/12.3.1/../../../../arm-none-eabi/lib/thumb/v7e-m+fp/hard\libc_nano.a(libc_a-init.o)
                0x080004d4                __libc_init_array
 .text.HAL_TIM_PeriodElapsedCallback
                0x0800051c       0x2c CMakeFiles/DelayUsingHardwareTimer.dir/Core/Src/main.c.obj
                0x0800051c                HAL_TIM_PeriodElapsedCallback
 .text.HardwareDelay
                0x08000548       0x4c CMakeFiles/DelayUsingHardwareTimer.dir/Core/Src/main.c.obj
                0x08000548                HardwareDelay
 .text.main     0x08000594       0x30 CMakeFiles/DelayUsingHardwareTimer.dir/Core/Src/main.c.obj
                0x08000594                main
 .text.SystemClock_Config
                0x080005c4       0xc0 CMakeFiles/DelayUsingHardwareTimer.dir/Core/Src/main.c.obj
                0x080005c4                SystemClock_Config
 .text.MX_TIM11_Init
                0x08000684       0x48 CMakeFiles/DelayUsingHardwareTimer.dir/Core/Src/main.c.obj
 .text.MX_USART2_UART_Init
                0x080006cc       0x54 CMakeFiles/DelayUsingHardwareTimer.dir/Core/Src/main.c.obj
 .text.MX_GPIO_Init
                0x08000720       0x84 CMakeFiles/DelayUsingHardwareTimer.dir/Core/Src/main.c.obj
 .text.Error_Handler
                0x080007a4        0xc CMakeFiles/DelayUsingHardwareTimer.dir/Core/Src/main.c.obj
                0x080007a4                Error_Handler
 .text.NMI_Handler
                0x080007b0        0x8 CMakeFiles/DelayUsingHardwareTimer.dir/Core/Src/stm32f4xx_it.c.obj
                0x080007b0                NMI_Handler
 .text.HardFault_Handler
                0x080007b8        0x8 CMakeFiles/DelayUsingHardwareTimer.dir/Core/Src/stm32f4xx_it.c.obj
                0x080007b8                HardFault_Handler
 .text.MemManage_Handler
                0x080007c0        0x8 CMakeFiles/DelayUsingHardwareTimer.dir/Core/Src/stm32f4xx_it.c.obj
                0x080007c0                MemManage_Handler
 .text.BusFault_Handler
                0x080007c8        0x8 CMakeFiles/DelayUsingHardwareTimer.dir/Core/Src/stm32f4xx_it.c.obj
                0x080007c8                BusFault_Handler
 .text.UsageFault_Handler
                0x080007d0        0x8 CMakeFiles/DelayUsingHardwareTimer.dir/Core/Src/stm32f4xx_it.c.obj
                0x080007d0                UsageFault_Handler
 .text.SVC_Handler
                0x080007d8        0xe CMakeFiles/DelayUsingHardwareTimer.dir/Core/Src/stm32f4xx_it.c.obj
                0x080007d8                SVC_Handler
 .text.DebugMon_Handler
                0x080007e6        0xe CMakeFiles/DelayUsingHardwareTimer.dir/Core/Src/stm32f4xx_it.c.obj
                0x080007e6                DebugMon_Handler
 .text.PendSV_Handler
                0x080007f4        0xe CMakeFiles/DelayUsingHardwareTimer.dir/Core/Src/stm32f4xx_it.c.obj
                0x080007f4                PendSV_Handler
 .text.SysTick_Handler
                0x08000802        0xc CMakeFiles/DelayUsingHardwareTimer.dir/Core/Src/stm32f4xx_it.c.obj
                0x08000802                SysTick_Handler
 *fill*         0x0800080e        0x2 
 .text.TIM1_TRG_COM_TIM11_IRQHandler
                0x08000810       0x14 CMakeFiles/DelayUsingHardwareTimer.dir/Core/Src/stm32f4xx_it.c.obj
                0x08000810                TIM1_TRG_COM_TIM11_IRQHandler
 .text.HAL_MspInit
                0x08000824       0x50 CMakeFiles/DelayUsingHardwareTimer.dir/Core/Src/stm32f4xx_hal_msp.c.obj
                0x08000824                HAL_MspInit
 .text.HAL_TIM_Base_MspInit
                0x08000874       0x50 CMakeFiles/DelayUsingHardwareTimer.dir/Core/Src/stm32f4xx_hal_msp.c.obj
                0x08000874                HAL_TIM_Base_MspInit
 .text.HAL_UART_MspInit
                0x080008c4       0x90 CMakeFiles/DelayUsingHardwareTimer.dir/Core/Src/stm32f4xx_hal_msp.c.obj
                0x080008c4                HAL_UART_MspInit
 .text.HAL_TIM_Base_Init
                0x08000954       0x9e CMakeFiles/DelayUsingHardwareTimer.dir/Drivers/STM32F4xx_HAL_Driver/Src/stm32f4xx_hal_tim.c.obj
                0x08000954                HAL_TIM_Base_Init
 *fill*         0x080009f2        0x2 
 .text.HAL_TIM_Base_Start_IT
                0x080009f4       0xc4 CMakeFiles/DelayUsingHardwareTimer.dir/Drivers/STM32F4xx_HAL_Driver/Src/stm32f4xx_hal_tim.c.obj
                0x080009f4                HAL_TIM_Base_Start_IT
 .text.HAL_TIM_Base_Stop_IT
                0x08000ab8       0x5e CMakeFiles/DelayUsingHardwareTimer.dir/Drivers/STM32F4xx_HAL_Driver/Src/stm32f4xx_hal_tim.c.obj
                0x08000ab8                HAL_TIM_Base_Stop_IT
 .text.HAL_TIM_IRQHandler
                0x08000b16      0x1e0 CMakeFiles/DelayUsingHardwareTimer.dir/Drivers/STM32F4xx_HAL_Driver/Src/stm32f4xx_hal_tim.c.obj
                0x08000b16                HAL_TIM_IRQHandler
 .text.HAL_TIM_OC_DelayElapsedCallback
                0x08000cf6       0x14 CMakeFiles/DelayUsingHardwareTimer.dir/Drivers/STM32F4xx_HAL_Driver/Src/stm32f4xx_hal_tim.c.obj
                0x08000cf6                HAL_TIM_OC_DelayElapsedCallback
 .text.HAL_TIM_IC_CaptureCallback
                0x08000d0a       0x14 CMakeFiles/DelayUsingHardwareTimer.dir/Drivers/STM32F4xx_HAL_Driver/Src/stm32f4xx_hal_tim.c.obj
                0x08000d0a                HAL_TIM_IC_CaptureCallback
 .text.HAL_TIM_PWM_PulseFinishedCallback
                0x08000d1e       0x14 CMakeFiles/DelayUsingHardwareTimer.dir/Drivers/STM32F4xx_HAL_Driver/Src/stm32f4xx_hal_tim.c.obj
                0x08000d1e                HAL_TIM_PWM_PulseFinishedCallback
 .text.HAL_TIM_TriggerCallback
                0x08000d32       0x14 CMakeFiles/DelayUsingHardwareTimer.dir/Drivers/STM32F4xx_HAL_Driver/Src/stm32f4xx_hal_tim.c.obj
                0x08000d32                HAL_TIM_TriggerCallback
 *fill*         0x08000d46        0x2 
 .text.TIM_Base_SetConfig
                0x08000d48      0x118 CMakeFiles/DelayUsingHardwareTimer.dir/Drivers/STM32F4xx_HAL_Driver/Src/stm32f4xx_hal_tim.c.obj
                0x08000d48                TIM_Base_SetConfig
 .text.HAL_TIMEx_CommutCallback
                0x08000e60       0x14 CMakeFiles/DelayUsingHardwareTimer.dir/Drivers/STM32F4xx_HAL_Driver/Src/stm32f4xx_hal_tim_ex.c.obj
                0x08000e60                HAL_TIMEx_CommutCallback
 .text.HAL_TIMEx_BreakCallback
                0x08000e74       0x14 CMakeFiles/DelayUsingHardwareTimer.dir/Drivers/STM32F4xx_HAL_Driver/Src/stm32f4xx_hal_tim_ex.c.obj
                0x08000e74                HAL_TIMEx_BreakCallback
 .text.HAL_RCC_OscConfig
                0x08000e88      0x4f0 CMakeFiles/DelayUsingHardwareTimer.dir/Drivers/STM32F4xx_HAL_Driver/Src/stm32f4xx_hal_rcc.c.obj
                0x08000e88                HAL_RCC_OscConfig
 .text.HAL_RCC_ClockConfig
                0x08001378      0x1cc CMakeFiles/DelayUsingHardwareTimer.dir/Drivers/STM32F4xx_HAL_Driver/Src/stm32f4xx_hal_rcc.c.obj
                0x08001378                HAL_RCC_ClockConfig
 .text.HAL_RCC_GetSysClockFreq
                0x08001544      0x20c CMakeFiles/DelayUsingHardwareTimer.dir/Drivers/STM32F4xx_HAL_Driver/Src/stm32f4xx_hal_rcc.c.obj
                0x08001544                HAL_RCC_GetSysClockFreq
 .text.HAL_RCC_GetHCLKFreq
                0x08001750       0x18 CMakeFiles/DelayUsingHardwareTimer.dir/Drivers/STM32F4xx_HAL_Driver/Src/stm32f4xx_hal_rcc.c.obj
                0x08001750                HAL_RCC_GetHCLKFreq
 .text.HAL_RCC_GetPCLK1Freq
                0x08001768       0x28 CMakeFiles/DelayUsingHardwareTimer.dir/Drivers/STM32F4xx_HAL_Driver/Src/stm32f4xx_hal_rcc.c.obj
                0x08001768                HAL_RCC_GetPCLK1Freq
 .text.HAL_RCC_GetPCLK2Freq
                0x08001790       0x28 CMakeFiles/DelayUsingHardwareTimer.dir/Drivers/STM32F4xx_HAL_Driver/Src/stm32f4xx_hal_rcc.c.obj
                0x08001790                HAL_RCC_GetPCLK2Freq
 .text.HAL_GPIO_Init
                0x080017b8      0x308 CMakeFiles/DelayUsingHardwareTimer.dir/Drivers/STM32F4xx_HAL_Driver/Src/stm32f4xx_hal_gpio.c.obj
                0x080017b8                HAL_GPIO_Init
 .text.HAL_GPIO_WritePin
                0x08001ac0       0x32 CMakeFiles/DelayUsingHardwareTimer.dir/Drivers/STM32F4xx_HAL_Driver/Src/stm32f4xx_hal_gpio.c.obj
                0x08001ac0                HAL_GPIO_WritePin
 .text.HAL_GPIO_TogglePin
                0x08001af2       0x34 CMakeFiles/DelayUsingHardwareTimer.dir/Drivers/STM32F4xx_HAL_Driver/Src/stm32f4xx_hal_gpio.c.obj
                0x08001af2                HAL_GPIO_TogglePin
 *fill*         0x08001b26        0x2 
 .text.__NVIC_SetPriorityGrouping
                0x08001b28       0x48 CMakeFiles/DelayUsingHardwareTimer.dir/Drivers/STM32F4xx_HAL_Driver/Src/stm32f4xx_hal_cortex.c.obj
 .text.__NVIC_GetPriorityGrouping
                0x08001b70       0x1c CMakeFiles/DelayUsingHardwareTimer.dir/Drivers/STM32F4xx_HAL_Driver/Src/stm32f4xx_hal_cortex.c.obj
 .text.__NVIC_EnableIRQ
                0x08001b8c       0x3c CMakeFiles/DelayUsingHardwareTimer.dir/Drivers/STM32F4xx_HAL_Driver/Src/stm32f4xx_hal_cortex.c.obj
 .text.__NVIC_SetPriority
                0x08001bc8       0x54 CMakeFiles/DelayUsingHardwareTimer.dir/Drivers/STM32F4xx_HAL_Driver/Src/stm32f4xx_hal_cortex.c.obj
 .text.NVIC_EncodePriority
                0x08001c1c       0x66 CMakeFiles/DelayUsingHardwareTimer.dir/Drivers/STM32F4xx_HAL_Driver/Src/stm32f4xx_hal_cortex.c.obj
 *fill*         0x08001c82        0x2 
 .text.SysTick_Config
                0x08001c84       0x44 CMakeFiles/DelayUsingHardwareTimer.dir/Drivers/STM32F4xx_HAL_Driver/Src/stm32f4xx_hal_cortex.c.obj
 .text.HAL_NVIC_SetPriorityGrouping
                0x08001cc8       0x16 CMakeFiles/DelayUsingHardwareTimer.dir/Drivers/STM32F4xx_HAL_Driver/Src/stm32f4xx_hal_cortex.c.obj
                0x08001cc8                HAL_NVIC_SetPriorityGrouping
 .text.HAL_NVIC_SetPriority
                0x08001cde       0x38 CMakeFiles/DelayUsingHardwareTimer.dir/Drivers/STM32F4xx_HAL_Driver/Src/stm32f4xx_hal_cortex.c.obj
                0x08001cde                HAL_NVIC_SetPriority
 .text.HAL_NVIC_EnableIRQ
                0x08001d16       0x1c CMakeFiles/DelayUsingHardwareTimer.dir/Drivers/STM32F4xx_HAL_Driver/Src/stm32f4xx_hal_cortex.c.obj
                0x08001d16                HAL_NVIC_EnableIRQ
 .text.HAL_SYSTICK_Config
                0x08001d32       0x18 CMakeFiles/DelayUsingHardwareTimer.dir/Drivers/STM32F4xx_HAL_Driver/Src/stm32f4xx_hal_cortex.c.obj
                0x08001d32                HAL_SYSTICK_Config
 *fill*         0x08001d4a        0x2 
 .text.HAL_Init
                0x08001d4c       0x44 CMakeFiles/DelayUsingHardwareTimer.dir/Drivers/STM32F4xx_HAL_Driver/Src/stm32f4xx_hal.c.obj
                0x08001d4c                HAL_Init
 .text.HAL_InitTick
                0x08001d90       0x60 CMakeFiles/DelayUsingHardwareTimer.dir/Drivers/STM32F4xx_HAL_Driver/Src/stm32f4xx_hal.c.obj
                0x08001d90                HAL_InitTick
 .text.HAL_IncTick
                0x08001df0       0x28 CMakeFiles/DelayUsingHardwareTimer.dir/Drivers/STM32F4xx_HAL_Driver/Src/stm32f4xx_hal.c.obj
                0x08001df0                HAL_IncTick
 .text.HAL_GetTick
                0x08001e18       0x18 CMakeFiles/DelayUsingHardwareTimer.dir/Drivers/STM32F4xx_HAL_Driver/Src/stm32f4xx_hal.c.obj
                0x08001e18                HAL_GetTick
 .text.HAL_UART_Init
                0x08001e30       0xa0 CMakeFiles/DelayUsingHardwareTimer.dir/Drivers/STM32F4xx_HAL_Driver/Src/stm32f4xx_hal_uart.c.obj
                0x08001e30                HAL_UART_Init
 .text.UART_SetConfig
                0x08001ed0      0x4e8 CMakeFiles/DelayUsingHardwareTimer.dir/Drivers/STM32F4xx_HAL_Driver/Src/stm32f4xx_hal_uart.c.obj
 .text.SystemInit
                0x080023b8       0x24 CMakeFiles/DelayUsingHardwareTimer.dir/Core/Src/system_stm32f4xx.c.obj
                0x080023b8                SystemInit
 .text.Reset_Handler
                0x080023dc       0x50 CMakeFiles/DelayUsingHardwareTimer.dir/startup_stm32f401xe.s.obj
                0x080023dc                Reset_Handler
 .text.Default_Handler
                0x0800242c        0x2 CMakeFiles/DelayUsingHardwareTimer.dir/startup_stm32f401xe.s.obj
                0x0800242c                RTC_Alarm_IRQHandler
                0x0800242c                EXTI2_IRQHandler
                0x0800242c                SPI4_IRQHandler
                0x0800242c                TIM1_CC_IRQHandler
                0x0800242c                DMA2_Stream5_IRQHandler
                0x0800242c                DMA1_Stream5_IRQHandler
                0x0800242c                PVD_IRQHandler
                0x0800242c                SDIO_IRQHandler
                0x0800242c                TAMP_STAMP_IRQHandler
                0x0800242c                EXTI3_IRQHandler
                0x0800242c                TIM1_UP_TIM10_IRQHandler
                0x0800242c                I2C3_ER_IRQHandler
                0x0800242c                EXTI0_IRQHandler
                0x0800242c                I2C2_EV_IRQHandler
                0x0800242c                DMA1_Stream2_IRQHandler
                0x0800242c                FPU_IRQHandler
                0x0800242c                DMA2_Stream2_IRQHandler
                0x0800242c                SPI1_IRQHandler
                0x0800242c                TIM1_BRK_TIM9_IRQHandler
                0x0800242c                DMA2_Stream3_IRQHandler
                0x0800242c                USART6_IRQHandler
                0x0800242c                DMA2_Stream0_IRQHandler
                0x0800242c                TIM4_IRQHandler
                0x0800242c                I2C1_EV_IRQHandler
                0x0800242c                DMA1_Stream6_IRQHandler
                0x0800242c                DMA1_Stream1_IRQHandler
                0x0800242c                TIM3_IRQHandler
                0x0800242c                RCC_IRQHandler
                0x0800242c                Default_Handler
                0x0800242c                EXTI15_10_IRQHandler
                0x0800242c                ADC_IRQHandler
                0x0800242c                DMA1_Stream7_IRQHandler
                0x0800242c                TIM5_IRQHandler
                0x0800242c                DMA2_Stream7_IRQHandler
                0x0800242c                I2C3_EV_IRQHandler
                0x0800242c                EXTI9_5_IRQHandler
                0x0800242c                RTC_WKUP_IRQHandler
                0x0800242c                SPI2_IRQHandler
                0x0800242c                DMA1_Stream0_IRQHandler
                0x0800242c                EXTI4_IRQHandler
                0x0800242c                WWDG_IRQHandler
                0x0800242c                TIM2_IRQHandler
                0x0800242c                OTG_FS_WKUP_IRQHandler
                0x0800242c                EXTI1_IRQHandler
                0x0800242c                USART2_IRQHandler
                0x0800242c                I2C2_ER_IRQHandler
                0x0800242c                DMA2_Stream1_IRQHandler
                0x0800242c                FLASH_IRQHandler
                0x0800242c                DMA2_Stream4_IRQHandler
                0x0800242c                USART1_IRQHandler
                0x0800242c                OTG_FS_IRQHandler
                0x0800242c                SPI3_IRQHandler
                0x0800242c                DMA1_Stream4_IRQHandler
                0x0800242c                I2C1_ER_IRQHandler
                0x0800242c                DMA2_Stream6_IRQHandler
                0x0800242c                DMA1_Stream3_IRQHandler
 *(.glue_7)
 .glue_7        0x0800242e        0x0 linker stubs
 *(.glue_7t)
 .glue_7t       0x0800242e        0x0 linker stubs
 *(.eh_frame)
 *fill*         0x0800242e        0x2 
 .eh_frame      0x08002430        0x0 D:/Program Files/STM32CubeCLT_1.17.0/GNU-tools-for-STM32/bin/../lib/gcc/arm-none-eabi/12.3.1/thumb/v7e-m+fp/hard/crtbegin.o
 *(.init)
 .init          0x08002430        0x4 D:/Program Files/STM32CubeCLT_1.17.0/GNU-tools-for-STM32/bin/../lib/gcc/arm-none-eabi/12.3.1/thumb/v7e-m+fp/hard/crti.o
                0x08002430                _init
 .init          0x08002434        0x8 D:/Program Files/STM32CubeCLT_1.17.0/GNU-tools-for-STM32/bin/../lib/gcc/arm-none-eabi/12.3.1/thumb/v7e-m+fp/hard/crtn.o
 *(.fini)
 .fini          0x0800243c        0x4 D:/Program Files/STM32CubeCLT_1.17.0/GNU-tools-for-STM32/bin/../lib/gcc/arm-none-eabi/12.3.1/thumb/v7e-m+fp/hard/crti.o
                0x0800243c                _fini
 .fini          0x08002440        0x8 D:/Program Files/STM32CubeCLT_1.17.0/GNU-tools-for-STM32/bin/../lib/gcc/arm-none-eabi/12.3.1/thumb/v7e-m+fp/hard/crtn.o
                0x08002448                        . = ALIGN (0x4)
                0x08002448                        _etext = .

.vfp11_veneer   0x08002448        0x0
 .vfp11_veneer  0x08002448        0x0 linker stubs

.v4_bx          0x08002448        0x0
 .v4_bx         0x08002448        0x0 linker stubs

.iplt           0x08002448        0x0
 .iplt          0x08002448        0x0 D:/Program Files/STM32CubeCLT_1.17.0/GNU-tools-for-STM32/bin/../lib/gcc/arm-none-eabi/12.3.1/thumb/v7e-m+fp/hard/crtbegin.o

.rodata         0x08002448       0x18
                0x08002448                        . = ALIGN (0x4)
 *(.rodata)
 *(.rodata*)
 .rodata.AHBPrescTable
                0x08002448       0x10 CMakeFiles/DelayUsingHardwareTimer.dir/Core/Src/system_stm32f4xx.c.obj
                0x08002448                AHBPrescTable
 .rodata.APBPrescTable
                0x08002458        0x8 CMakeFiles/DelayUsingHardwareTimer.dir/Core/Src/system_stm32f4xx.c.obj
                0x08002458                APBPrescTable
                0x08002460                        . = ALIGN (0x4)

.ARM.extab      0x08002460        0x0
                0x08002460                        . = ALIGN (0x4)
 *(.ARM.extab* .gnu.linkonce.armextab.*)
                0x08002460                        . = ALIGN (0x4)

.ARM            0x08002460        0x8
                0x08002460                        . = ALIGN (0x4)
                0x08002460                        __exidx_start = .
 *(.ARM.exidx*)
 .ARM.exidx     0x08002460        0x8 D:/Program Files/STM32CubeCLT_1.17.0/GNU-tools-for-STM32/bin/../lib/gcc/arm-none-eabi/12.3.1/thumb/v7e-m+fp/hard\libgcc.a(_udivmoddi4.o)
                0x08002468                        __exidx_end = .
                0x08002468                        . = ALIGN (0x4)

.preinit_array  0x08002468        0x0
                0x08002468                        . = ALIGN (0x4)
                0x08002468                        PROVIDE (__preinit_array_start = .)
 *(.preinit_array*)
                0x08002468                        PROVIDE (__preinit_array_end = .)
                0x08002468                        . = ALIGN (0x4)

.init_array     0x08002468        0x4
                0x08002468                        . = ALIGN (0x4)
                0x08002468                        PROVIDE (__init_array_start = .)
 *(SORT_BY_NAME(.init_array.*))
 *(.init_array*)
 .init_array    0x08002468        0x4 D:/Program Files/STM32CubeCLT_1.17.0/GNU-tools-for-STM32/bin/../lib/gcc/arm-none-eabi/12.3.1/thumb/v7e-m+fp/hard/crtbegin.o
                0x0800246c                        PROVIDE (__init_array_end = .)
                0x0800246c                        . = ALIGN (0x4)

.fini_array     0x0800246c        0x4
                0x0800246c                        . = ALIGN (0x4)
                [!provide]                        PROVIDE (__fini_array_start = .)
 *(SORT_BY_NAME(.fini_array.*))
 *(.fini_array*)
 .fini_array    0x0800246c        0x4 D:/Program Files/STM32CubeCLT_1.17.0/GNU-tools-for-STM32/bin/../lib/gcc/arm-none-eabi/12.3.1/thumb/v7e-m+fp/hard/crtbegin.o
                [!provide]                        PROVIDE (__fini_array_end = .)
                0x08002470                        . = ALIGN (0x4)
                0x08002470                        _sidata = LOADADDR (.data)

.rel.dyn        0x08002470        0x0
 .rel.iplt      0x08002470        0x0 D:/Program Files/STM32CubeCLT_1.17.0/GNU-tools-for-STM32/bin/../lib/gcc/arm-none-eabi/12.3.1/thumb/v7e-m+fp/hard/crtbegin.o

.data           0x20000000        0xc load address 0x08002470
                0x20000000                        . = ALIGN (0x4)
                0x20000000                        _sdata = .
 *(.data)
 *(.data*)
 .data.uwTickPrio
                0x20000000        0x4 CMakeFiles/DelayUsingHardwareTimer.dir/Drivers/STM32F4xx_HAL_Driver/Src/stm32f4xx_hal.c.obj
                0x20000000                uwTickPrio
 .data.uwTickFreq
                0x20000004        0x1 CMakeFiles/DelayUsingHardwareTimer.dir/Drivers/STM32F4xx_HAL_Driver/Src/stm32f4xx_hal.c.obj
                0x20000004                uwTickFreq
 *fill*         0x20000005        0x3 
 .data.SystemCoreClock
                0x20000008        0x4 CMakeFiles/DelayUsingHardwareTimer.dir/Core/Src/system_stm32f4xx.c.obj
                0x20000008                SystemCoreClock
 *(.RamFunc)
 *(.RamFunc*)
                0x2000000c                        . = ALIGN (0x4)
                0x2000000c                        _edata = .

.igot.plt       0x2000000c        0x0 load address 0x0800247c
 .igot.plt      0x2000000c        0x0 D:/Program Files/STM32CubeCLT_1.17.0/GNU-tools-for-STM32/bin/../lib/gcc/arm-none-eabi/12.3.1/thumb/v7e-m+fp/hard/crtbegin.o
                0x2000000c                        . = ALIGN (0x4)

.bss            0x2000000c       0xb4 load address 0x0800247c
                0x2000000c                        _sbss = .
                0x2000000c                        __bss_start__ = _sbss
 *(.bss)
 .bss           0x2000000c       0x1c D:/Program Files/STM32CubeCLT_1.17.0/GNU-tools-for-STM32/bin/../lib/gcc/arm-none-eabi/12.3.1/thumb/v7e-m+fp/hard/crtbegin.o
 *(.bss*)
 .bss.flag_delay
                0x20000028        0x1 CMakeFiles/DelayUsingHardwareTimer.dir/Core/Src/main.c.obj
                0x20000028                flag_delay
 *fill*         0x20000029        0x3 
 .bss.htim11    0x2000002c       0x48 CMakeFiles/DelayUsingHardwareTimer.dir/Core/Src/main.c.obj
                0x2000002c                htim11
 .bss.huart2    0x20000074       0x48 CMakeFiles/DelayUsingHardwareTimer.dir/Core/Src/main.c.obj
                0x20000074                huart2
 .bss.uwTick    0x200000bc        0x4 CMakeFiles/DelayUsingHardwareTimer.dir/Drivers/STM32F4xx_HAL_Driver/Src/stm32f4xx_hal.c.obj
                0x200000bc                uwTick
 *(COMMON)
                0x200000c0                        . = ALIGN (0x4)
                0x200000c0                        _ebss = .
                0x200000c0                        __bss_end__ = _ebss

._user_heap_stack
                0x200000c0      0x600 load address 0x0800247c
                0x200000c0                        . = ALIGN (0x8)
                [!provide]                        PROVIDE (end = .)
                0x200000c0                        PROVIDE (_end = .)
                0x200002c0                        . = (. + _Min_Heap_Size)
 *fill*         0x200000c0      0x200 
                0x200006c0                        . = (. + _Min_Stack_Size)
 *fill*         0x200002c0      0x400 
                0x200006c0                        . = ALIGN (0x8)

/DISCARD/
 libc.a(*)
 libm.a(*)
 libgcc.a(*)

.ARM.attributes
                0x00000000       0x30
 *(.ARM.attributes)
 .ARM.attributes
                0x00000000       0x22 D:/Program Files/STM32CubeCLT_1.17.0/GNU-tools-for-STM32/bin/../lib/gcc/arm-none-eabi/12.3.1/thumb/v7e-m+fp/hard/crti.o
 .ARM.attributes
                0x00000022       0x34 D:/Program Files/STM32CubeCLT_1.17.0/GNU-tools-for-STM32/bin/../lib/gcc/arm-none-eabi/12.3.1/thumb/v7e-m+fp/hard/crtbegin.o
 .ARM.attributes
                0x00000056       0x34 D:/Program Files/STM32CubeCLT_1.17.0/GNU-tools-for-STM32/bin/../lib/gcc/arm-none-eabi/12.3.1/../../../../arm-none-eabi/lib/thumb/v7e-m+fp/hard\libc_nano.a(libc_a-memset.o)
 .ARM.attributes
                0x0000008a       0x34 D:/Program Files/STM32CubeCLT_1.17.0/GNU-tools-for-STM32/bin/../lib/gcc/arm-none-eabi/12.3.1/../../../../arm-none-eabi/lib/thumb/v7e-m+fp/hard\libc_nano.a(libc_a-init.o)
 .ARM.attributes
                0x000000be       0x34 CMakeFiles/DelayUsingHardwareTimer.dir/Core/Src/main.c.obj
 .ARM.attributes
                0x000000f2       0x34 CMakeFiles/DelayUsingHardwareTimer.dir/Core/Src/stm32f4xx_it.c.obj
 .ARM.attributes
                0x00000126       0x34 CMakeFiles/DelayUsingHardwareTimer.dir/Core/Src/stm32f4xx_hal_msp.c.obj
 .ARM.attributes
                0x0000015a       0x34 CMakeFiles/DelayUsingHardwareTimer.dir/Drivers/STM32F4xx_HAL_Driver/Src/stm32f4xx_hal_tim.c.obj
 .ARM.attributes
                0x0000018e       0x34 CMakeFiles/DelayUsingHardwareTimer.dir/Drivers/STM32F4xx_HAL_Driver/Src/stm32f4xx_hal_tim_ex.c.obj
 .ARM.attributes
                0x000001c2       0x34 CMakeFiles/DelayUsingHardwareTimer.dir/Drivers/STM32F4xx_HAL_Driver/Src/stm32f4xx_hal_rcc.c.obj
 .ARM.attributes
                0x000001f6       0x34 CMakeFiles/DelayUsingHardwareTimer.dir/Drivers/STM32F4xx_HAL_Driver/Src/stm32f4xx_hal_gpio.c.obj
 .ARM.attributes
                0x0000022a       0x34 CMakeFiles/DelayUsingHardwareTimer.dir/Drivers/STM32F4xx_HAL_Driver/Src/stm32f4xx_hal_cortex.c.obj
 .ARM.attributes
                0x0000025e       0x34 CMakeFiles/DelayUsingHardwareTimer.dir/Drivers/STM32F4xx_HAL_Driver/Src/stm32f4xx_hal.c.obj
 .ARM.attributes
                0x00000292       0x34 CMakeFiles/DelayUsingHardwareTimer.dir/Drivers/STM32F4xx_HAL_Driver/Src/stm32f4xx_hal_uart.c.obj
 .ARM.attributes
                0x000002c6       0x34 CMakeFiles/DelayUsingHardwareTimer.dir/Core/Src/system_stm32f4xx.c.obj
 .ARM.attributes
                0x000002fa       0x21 CMakeFiles/DelayUsingHardwareTimer.dir/startup_stm32f401xe.s.obj
 .ARM.attributes
                0x0000031b       0x22 D:/Program Files/STM32CubeCLT_1.17.0/GNU-tools-for-STM32/bin/../lib/gcc/arm-none-eabi/12.3.1/thumb/v7e-m+fp/hard\libgcc.a(_aeabi_uldivmod.o)
 .ARM.attributes
                0x0000033d       0x34 D:/Program Files/STM32CubeCLT_1.17.0/GNU-tools-for-STM32/bin/../lib/gcc/arm-none-eabi/12.3.1/thumb/v7e-m+fp/hard\libgcc.a(_udivmoddi4.o)
 .ARM.attributes
                0x00000371       0x22 D:/Program Files/STM32CubeCLT_1.17.0/GNU-tools-for-STM32/bin/../lib/gcc/arm-none-eabi/12.3.1/thumb/v7e-m+fp/hard\libgcc.a(_dvmd_tls.o)
 .ARM.attributes
                0x00000393       0x22 D:/Program Files/STM32CubeCLT_1.17.0/GNU-tools-for-STM32/bin/../lib/gcc/arm-none-eabi/12.3.1/thumb/v7e-m+fp/hard/crtn.o
OUTPUT(DelayUsingHardwareTimer.elf elf32-littlearm)
LOAD linker stubs
LOAD D:/Program Files/STM32CubeCLT_1.17.0/GNU-tools-for-STM32/bin/../lib/gcc/arm-none-eabi/12.3.1/../../../../arm-none-eabi/lib/thumb/v7e-m+fp/hard\libc.a
LOAD D:/Program Files/STM32CubeCLT_1.17.0/GNU-tools-for-STM32/bin/../lib/gcc/arm-none-eabi/12.3.1/../../../../arm-none-eabi/lib/thumb/v7e-m+fp/hard\libm.a
LOAD D:/Program Files/STM32CubeCLT_1.17.0/GNU-tools-for-STM32/bin/../lib/gcc/arm-none-eabi/12.3.1/thumb/v7e-m+fp/hard\libgcc.a

.debug_frame    0x00000000     0x30f8
 .debug_frame   0x00000000       0x20 D:/Program Files/STM32CubeCLT_1.17.0/GNU-tools-for-STM32/bin/../lib/gcc/arm-none-eabi/12.3.1/../../../../arm-none-eabi/lib/thumb/v7e-m+fp/hard\libc_nano.a(libc_a-memset.o)
 .debug_frame   0x00000020       0x2c D:/Program Files/STM32CubeCLT_1.17.0/GNU-tools-for-STM32/bin/../lib/gcc/arm-none-eabi/12.3.1/../../../../arm-none-eabi/lib/thumb/v7e-m+fp/hard\libc_nano.a(libc_a-init.o)
 .debug_frame   0x0000004c      0x110 CMakeFiles/DelayUsingHardwareTimer.dir/Core/Src/main.c.obj
 .debug_frame   0x0000015c      0x120 CMakeFiles/DelayUsingHardwareTimer.dir/Core/Src/stm32f4xx_it.c.obj
 .debug_frame   0x0000027c       0xc4 CMakeFiles/DelayUsingHardwareTimer.dir/Core/Src/stm32f4xx_hal_msp.c.obj
 .debug_frame   0x00000340     0x11b8 CMakeFiles/DelayUsingHardwareTimer.dir/Drivers/STM32F4xx_HAL_Driver/Src/stm32f4xx_hal_tim.c.obj
 .debug_frame   0x000014f8      0x638 CMakeFiles/DelayUsingHardwareTimer.dir/Drivers/STM32F4xx_HAL_Driver/Src/stm32f4xx_hal_tim_ex.c.obj
 .debug_frame   0x00001b30      0x1f4 CMakeFiles/DelayUsingHardwareTimer.dir/Drivers/STM32F4xx_HAL_Driver/Src/stm32f4xx_hal_rcc.c.obj
 .debug_frame   0x00001d24      0x14c CMakeFiles/DelayUsingHardwareTimer.dir/Drivers/STM32F4xx_HAL_Driver/Src/stm32f4xx_hal_gpio.c.obj
 .debug_frame   0x00001e70      0x508 CMakeFiles/DelayUsingHardwareTimer.dir/Drivers/STM32F4xx_HAL_Driver/Src/stm32f4xx_hal_cortex.c.obj
 .debug_frame   0x00002378      0x374 CMakeFiles/DelayUsingHardwareTimer.dir/Drivers/STM32F4xx_HAL_Driver/Src/stm32f4xx_hal.c.obj
 .debug_frame   0x000026ec      0x954 CMakeFiles/DelayUsingHardwareTimer.dir/Drivers/STM32F4xx_HAL_Driver/Src/stm32f4xx_hal_uart.c.obj
 .debug_frame   0x00003040       0x58 CMakeFiles/DelayUsingHardwareTimer.dir/Core/Src/system_stm32f4xx.c.obj
 .debug_frame   0x00003098       0x2c D:/Program Files/STM32CubeCLT_1.17.0/GNU-tools-for-STM32/bin/../lib/gcc/arm-none-eabi/12.3.1/thumb/v7e-m+fp/hard\libgcc.a(_aeabi_uldivmod.o)
 .debug_frame   0x000030c4       0x34 D:/Program Files/STM32CubeCLT_1.17.0/GNU-tools-for-STM32/bin/../lib/gcc/arm-none-eabi/12.3.1/thumb/v7e-m+fp/hard\libgcc.a(_udivmoddi4.o)

.debug_info     0x00000000     0xbe4c
 .debug_info    0x00000000      0xfde CMakeFiles/DelayUsingHardwareTimer.dir/Core/Src/main.c.obj
 .debug_info    0x00000fde      0x6da CMakeFiles/DelayUsingHardwareTimer.dir/Core/Src/stm32f4xx_it.c.obj
 .debug_info    0x000016b8      0xecb CMakeFiles/DelayUsingHardwareTimer.dir/Core/Src/stm32f4xx_hal_msp.c.obj
 .debug_info    0x00002583     0x2996 CMakeFiles/DelayUsingHardwareTimer.dir/Drivers/STM32F4xx_HAL_Driver/Src/stm32f4xx_hal_tim.c.obj
 .debug_info    0x00004f19     0x14d4 CMakeFiles/DelayUsingHardwareTimer.dir/Drivers/STM32F4xx_HAL_Driver/Src/stm32f4xx_hal_tim_ex.c.obj
 .debug_info    0x000063ed      0x8f1 CMakeFiles/DelayUsingHardwareTimer.dir/Drivers/STM32F4xx_HAL_Driver/Src/stm32f4xx_hal_rcc.c.obj
 .debug_info    0x00006cde      0x6f9 CMakeFiles/DelayUsingHardwareTimer.dir/Drivers/STM32F4xx_HAL_Driver/Src/stm32f4xx_hal_gpio.c.obj
 .debug_info    0x000073d7      0xcf6 CMakeFiles/DelayUsingHardwareTimer.dir/Drivers/STM32F4xx_HAL_Driver/Src/stm32f4xx_hal_cortex.c.obj
 .debug_info    0x000080cd      0x8bb CMakeFiles/DelayUsingHardwareTimer.dir/Drivers/STM32F4xx_HAL_Driver/Src/stm32f4xx_hal.c.obj
 .debug_info    0x00008988     0x2f56 CMakeFiles/DelayUsingHardwareTimer.dir/Drivers/STM32F4xx_HAL_Driver/Src/stm32f4xx_hal_uart.c.obj
 .debug_info    0x0000b8de      0x53e CMakeFiles/DelayUsingHardwareTimer.dir/Core/Src/system_stm32f4xx.c.obj
 .debug_info    0x0000be1c       0x30 CMakeFiles/DelayUsingHardwareTimer.dir/startup_stm32f401xe.s.obj

.debug_abbrev   0x00000000     0x19ab
 .debug_abbrev  0x00000000      0x2bd CMakeFiles/DelayUsingHardwareTimer.dir/Core/Src/main.c.obj
 .debug_abbrev  0x000002bd      0x1a5 CMakeFiles/DelayUsingHardwareTimer.dir/Core/Src/stm32f4xx_it.c.obj
 .debug_abbrev  0x00000462      0x1de CMakeFiles/DelayUsingHardwareTimer.dir/Core/Src/stm32f4xx_hal_msp.c.obj
 .debug_abbrev  0x00000640      0x28b CMakeFiles/DelayUsingHardwareTimer.dir/Drivers/STM32F4xx_HAL_Driver/Src/stm32f4xx_hal_tim.c.obj
 .debug_abbrev  0x000008cb      0x296 CMakeFiles/DelayUsingHardwareTimer.dir/Drivers/STM32F4xx_HAL_Driver/Src/stm32f4xx_hal_tim_ex.c.obj
 .debug_abbrev  0x00000b61      0x2b6 CMakeFiles/DelayUsingHardwareTimer.dir/Drivers/STM32F4xx_HAL_Driver/Src/stm32f4xx_hal_rcc.c.obj
 .debug_abbrev  0x00000e17      0x1d3 CMakeFiles/DelayUsingHardwareTimer.dir/Drivers/STM32F4xx_HAL_Driver/Src/stm32f4xx_hal_gpio.c.obj
 .debug_abbrev  0x00000fea      0x31d CMakeFiles/DelayUsingHardwareTimer.dir/Drivers/STM32F4xx_HAL_Driver/Src/stm32f4xx_hal_cortex.c.obj
 .debug_abbrev  0x00001307      0x24b CMakeFiles/DelayUsingHardwareTimer.dir/Drivers/STM32F4xx_HAL_Driver/Src/stm32f4xx_hal.c.obj
 .debug_abbrev  0x00001552      0x31b CMakeFiles/DelayUsingHardwareTimer.dir/Drivers/STM32F4xx_HAL_Driver/Src/stm32f4xx_hal_uart.c.obj
 .debug_abbrev  0x0000186d      0x11a CMakeFiles/DelayUsingHardwareTimer.dir/Core/Src/system_stm32f4xx.c.obj
 .debug_abbrev  0x00001987       0x24 CMakeFiles/DelayUsingHardwareTimer.dir/startup_stm32f401xe.s.obj

.debug_aranges  0x00000000      0xb90
 .debug_aranges
                0x00000000       0x58 CMakeFiles/DelayUsingHardwareTimer.dir/Core/Src/main.c.obj
 .debug_aranges
                0x00000058       0x68 CMakeFiles/DelayUsingHardwareTimer.dir/Core/Src/stm32f4xx_it.c.obj
 .debug_aranges
                0x000000c0       0x40 CMakeFiles/DelayUsingHardwareTimer.dir/Core/Src/stm32f4xx_hal_msp.c.obj
 .debug_aranges
                0x00000100      0x3d0 CMakeFiles/DelayUsingHardwareTimer.dir/Drivers/STM32F4xx_HAL_Driver/Src/stm32f4xx_hal_tim.c.obj
 .debug_aranges
                0x000004d0      0x168 CMakeFiles/DelayUsingHardwareTimer.dir/Drivers/STM32F4xx_HAL_Driver/Src/stm32f4xx_hal_tim_ex.c.obj
 .debug_aranges
                0x00000638       0x88 CMakeFiles/DelayUsingHardwareTimer.dir/Drivers/STM32F4xx_HAL_Driver/Src/stm32f4xx_hal_rcc.c.obj
 .debug_aranges
                0x000006c0       0x58 CMakeFiles/DelayUsingHardwareTimer.dir/Drivers/STM32F4xx_HAL_Driver/Src/stm32f4xx_hal_gpio.c.obj
 .debug_aranges
                0x00000718      0x130 CMakeFiles/DelayUsingHardwareTimer.dir/Drivers/STM32F4xx_HAL_Driver/Src/stm32f4xx_hal_cortex.c.obj
 .debug_aranges
                0x00000848       0xf0 CMakeFiles/DelayUsingHardwareTimer.dir/Drivers/STM32F4xx_HAL_Driver/Src/stm32f4xx_hal.c.obj
 .debug_aranges
                0x00000938      0x208 CMakeFiles/DelayUsingHardwareTimer.dir/Drivers/STM32F4xx_HAL_Driver/Src/stm32f4xx_hal_uart.c.obj
 .debug_aranges
                0x00000b40       0x28 CMakeFiles/DelayUsingHardwareTimer.dir/Core/Src/system_stm32f4xx.c.obj
 .debug_aranges
                0x00000b68       0x28 CMakeFiles/DelayUsingHardwareTimer.dir/startup_stm32f401xe.s.obj

.debug_rnglists
                0x00000000      0x916
 .debug_rnglists
                0x00000000       0x3f CMakeFiles/DelayUsingHardwareTimer.dir/Core/Src/main.c.obj
 .debug_rnglists
                0x0000003f       0x49 CMakeFiles/DelayUsingHardwareTimer.dir/Core/Src/stm32f4xx_it.c.obj
 .debug_rnglists
                0x00000088       0x2c CMakeFiles/DelayUsingHardwareTimer.dir/Core/Src/stm32f4xx_hal_msp.c.obj
 .debug_rnglists
                0x000000b4      0x31a CMakeFiles/DelayUsingHardwareTimer.dir/Drivers/STM32F4xx_HAL_Driver/Src/stm32f4xx_hal_tim.c.obj
 .debug_rnglists
                0x000003ce      0x125 CMakeFiles/DelayUsingHardwareTimer.dir/Drivers/STM32F4xx_HAL_Driver/Src/stm32f4xx_hal_tim_ex.c.obj
 .debug_rnglists
                0x000004f3       0x66 CMakeFiles/DelayUsingHardwareTimer.dir/Drivers/STM32F4xx_HAL_Driver/Src/stm32f4xx_hal_rcc.c.obj
 .debug_rnglists
                0x00000559       0x3f CMakeFiles/DelayUsingHardwareTimer.dir/Drivers/STM32F4xx_HAL_Driver/Src/stm32f4xx_hal_gpio.c.obj
 .debug_rnglists
                0x00000598       0xe0 CMakeFiles/DelayUsingHardwareTimer.dir/Drivers/STM32F4xx_HAL_Driver/Src/stm32f4xx_hal_cortex.c.obj
 .debug_rnglists
                0x00000678       0xaf CMakeFiles/DelayUsingHardwareTimer.dir/Drivers/STM32F4xx_HAL_Driver/Src/stm32f4xx_hal.c.obj
 .debug_rnglists
                0x00000727      0x1bc CMakeFiles/DelayUsingHardwareTimer.dir/Drivers/STM32F4xx_HAL_Driver/Src/stm32f4xx_hal_uart.c.obj
 .debug_rnglists
                0x000008e3       0x1a CMakeFiles/DelayUsingHardwareTimer.dir/Core/Src/system_stm32f4xx.c.obj
 .debug_rnglists
                0x000008fd       0x19 CMakeFiles/DelayUsingHardwareTimer.dir/startup_stm32f401xe.s.obj

.debug_macro    0x00000000    0x15489
 .debug_macro   0x00000000      0x1dd CMakeFiles/DelayUsingHardwareTimer.dir/Core/Src/main.c.obj
 .debug_macro   0x000001dd      0xab4 CMakeFiles/DelayUsingHardwareTimer.dir/Core/Src/main.c.obj
 .debug_macro   0x00000c91      0x29b CMakeFiles/DelayUsingHardwareTimer.dir/Core/Src/main.c.obj
 .debug_macro   0x00000f2c       0x2e CMakeFiles/DelayUsingHardwareTimer.dir/Core/Src/main.c.obj
 .debug_macro   0x00000f5a       0x28 CMakeFiles/DelayUsingHardwareTimer.dir/Core/Src/main.c.obj
 .debug_macro   0x00000f82       0x22 CMakeFiles/DelayUsingHardwareTimer.dir/Core/Src/main.c.obj
 .debug_macro   0x00000fa4       0x8e CMakeFiles/DelayUsingHardwareTimer.dir/Core/Src/main.c.obj
 .debug_macro   0x00001032       0x51 CMakeFiles/DelayUsingHardwareTimer.dir/Core/Src/main.c.obj
 .debug_macro   0x00001083      0x103 CMakeFiles/DelayUsingHardwareTimer.dir/Core/Src/main.c.obj
 .debug_macro   0x00001186       0x6a CMakeFiles/DelayUsingHardwareTimer.dir/Core/Src/main.c.obj
 .debug_macro   0x000011f0      0x1df CMakeFiles/DelayUsingHardwareTimer.dir/Core/Src/main.c.obj
 .debug_macro   0x000013cf       0x1c CMakeFiles/DelayUsingHardwareTimer.dir/Core/Src/main.c.obj
 .debug_macro   0x000013eb       0x22 CMakeFiles/DelayUsingHardwareTimer.dir/Core/Src/main.c.obj
 .debug_macro   0x0000140d       0xfb CMakeFiles/DelayUsingHardwareTimer.dir/Core/Src/main.c.obj
 .debug_macro   0x00001508     0x1011 CMakeFiles/DelayUsingHardwareTimer.dir/Core/Src/main.c.obj
 .debug_macro   0x00002519      0x11f CMakeFiles/DelayUsingHardwareTimer.dir/Core/Src/main.c.obj
 .debug_macro   0x00002638     0xb86c CMakeFiles/DelayUsingHardwareTimer.dir/Core/Src/main.c.obj
 .debug_macro   0x0000dea4       0x6d CMakeFiles/DelayUsingHardwareTimer.dir/Core/Src/main.c.obj
 .debug_macro   0x0000df11     0x369a CMakeFiles/DelayUsingHardwareTimer.dir/Core/Src/main.c.obj
 .debug_macro   0x000115ab      0x189 CMakeFiles/DelayUsingHardwareTimer.dir/Core/Src/main.c.obj
 .debug_macro   0x00011734       0x5c CMakeFiles/DelayUsingHardwareTimer.dir/Core/Src/main.c.obj
 .debug_macro   0x00011790      0x416 CMakeFiles/DelayUsingHardwareTimer.dir/Core/Src/main.c.obj
 .debug_macro   0x00011ba6      0x9e9 CMakeFiles/DelayUsingHardwareTimer.dir/Core/Src/main.c.obj
 .debug_macro   0x0001258f      0x115 CMakeFiles/DelayUsingHardwareTimer.dir/Core/Src/main.c.obj
 .debug_macro   0x000126a4       0xf8 CMakeFiles/DelayUsingHardwareTimer.dir/Core/Src/main.c.obj
 .debug_macro   0x0001279c       0xa5 CMakeFiles/DelayUsingHardwareTimer.dir/Core/Src/main.c.obj
 .debug_macro   0x00012841      0x15f CMakeFiles/DelayUsingHardwareTimer.dir/Core/Src/main.c.obj
 .debug_macro   0x000129a0      0x287 CMakeFiles/DelayUsingHardwareTimer.dir/Core/Src/main.c.obj
 .debug_macro   0x00012c27       0x5f CMakeFiles/DelayUsingHardwareTimer.dir/Core/Src/main.c.obj
 .debug_macro   0x00012c86      0x236 CMakeFiles/DelayUsingHardwareTimer.dir/Core/Src/main.c.obj
 .debug_macro   0x00012ebc      0x132 CMakeFiles/DelayUsingHardwareTimer.dir/Core/Src/main.c.obj
 .debug_macro   0x00012fee      0x264 CMakeFiles/DelayUsingHardwareTimer.dir/Core/Src/main.c.obj
 .debug_macro   0x00013252       0x2e CMakeFiles/DelayUsingHardwareTimer.dir/Core/Src/main.c.obj
 .debug_macro   0x00013280      0x127 CMakeFiles/DelayUsingHardwareTimer.dir/Core/Src/main.c.obj
 .debug_macro   0x000133a7       0x85 CMakeFiles/DelayUsingHardwareTimer.dir/Core/Src/main.c.obj
 .debug_macro   0x0001342c       0x89 CMakeFiles/DelayUsingHardwareTimer.dir/Core/Src/main.c.obj
 .debug_macro   0x000134b5      0x8ed CMakeFiles/DelayUsingHardwareTimer.dir/Core/Src/main.c.obj
 .debug_macro   0x00013da2       0x47 CMakeFiles/DelayUsingHardwareTimer.dir/Core/Src/main.c.obj
 .debug_macro   0x00013de9      0x2aa CMakeFiles/DelayUsingHardwareTimer.dir/Core/Src/main.c.obj
 .debug_macro   0x00014093      0x126 CMakeFiles/DelayUsingHardwareTimer.dir/Core/Src/main.c.obj
 .debug_macro   0x000141b9       0x10 CMakeFiles/DelayUsingHardwareTimer.dir/Core/Src/main.c.obj
 .debug_macro   0x000141c9      0x1e7 CMakeFiles/DelayUsingHardwareTimer.dir/Core/Src/stm32f4xx_it.c.obj
 .debug_macro   0x000143b0      0x1dd CMakeFiles/DelayUsingHardwareTimer.dir/Core/Src/stm32f4xx_hal_msp.c.obj
 .debug_macro   0x0001458d      0x1cf CMakeFiles/DelayUsingHardwareTimer.dir/Drivers/STM32F4xx_HAL_Driver/Src/stm32f4xx_hal_tim.c.obj
 .debug_macro   0x0001475c      0x1ce CMakeFiles/DelayUsingHardwareTimer.dir/Drivers/STM32F4xx_HAL_Driver/Src/stm32f4xx_hal_tim_ex.c.obj
 .debug_macro   0x0001492a      0x1f2 CMakeFiles/DelayUsingHardwareTimer.dir/Drivers/STM32F4xx_HAL_Driver/Src/stm32f4xx_hal_rcc.c.obj
 .debug_macro   0x00014b1c      0x1d4 CMakeFiles/DelayUsingHardwareTimer.dir/Drivers/STM32F4xx_HAL_Driver/Src/stm32f4xx_hal_gpio.c.obj
 .debug_macro   0x00014cf0      0x1ce CMakeFiles/DelayUsingHardwareTimer.dir/Drivers/STM32F4xx_HAL_Driver/Src/stm32f4xx_hal_cortex.c.obj
 .debug_macro   0x00014ebe      0x22e CMakeFiles/DelayUsingHardwareTimer.dir/Drivers/STM32F4xx_HAL_Driver/Src/stm32f4xx_hal.c.obj
 .debug_macro   0x000150ec      0x1cf CMakeFiles/DelayUsingHardwareTimer.dir/Drivers/STM32F4xx_HAL_Driver/Src/stm32f4xx_hal_uart.c.obj
 .debug_macro   0x000152bb      0x1ce CMakeFiles/DelayUsingHardwareTimer.dir/Core/Src/system_stm32f4xx.c.obj

.debug_line     0x00000000     0xcd51
 .debug_line    0x00000000      0x8f5 CMakeFiles/DelayUsingHardwareTimer.dir/Core/Src/main.c.obj
 .debug_line    0x000008f5      0x86f CMakeFiles/DelayUsingHardwareTimer.dir/Core/Src/stm32f4xx_it.c.obj
 .debug_line    0x00001164      0x81e CMakeFiles/DelayUsingHardwareTimer.dir/Core/Src/stm32f4xx_hal_msp.c.obj
 .debug_line    0x00001982     0x3600 CMakeFiles/DelayUsingHardwareTimer.dir/Drivers/STM32F4xx_HAL_Driver/Src/stm32f4xx_hal_tim.c.obj
 .debug_line    0x00004f82     0x1a13 CMakeFiles/DelayUsingHardwareTimer.dir/Drivers/STM32F4xx_HAL_Driver/Src/stm32f4xx_hal_tim_ex.c.obj
 .debug_line    0x00006995      0xe0d CMakeFiles/DelayUsingHardwareTimer.dir/Drivers/STM32F4xx_HAL_Driver/Src/stm32f4xx_hal_rcc.c.obj
 .debug_line    0x000077a2      0xbd2 CMakeFiles/DelayUsingHardwareTimer.dir/Drivers/STM32F4xx_HAL_Driver/Src/stm32f4xx_hal_gpio.c.obj
 .debug_line    0x00008374      0xd74 CMakeFiles/DelayUsingHardwareTimer.dir/Drivers/STM32F4xx_HAL_Driver/Src/stm32f4xx_hal_cortex.c.obj
 .debug_line    0x000090e8      0xa82 CMakeFiles/DelayUsingHardwareTimer.dir/Drivers/STM32F4xx_HAL_Driver/Src/stm32f4xx_hal.c.obj
 .debug_line    0x00009b6a     0x2954 CMakeFiles/DelayUsingHardwareTimer.dir/Drivers/STM32F4xx_HAL_Driver/Src/stm32f4xx_hal_uart.c.obj
 .debug_line    0x0000c4be      0x819 CMakeFiles/DelayUsingHardwareTimer.dir/Core/Src/system_stm32f4xx.c.obj
 .debug_line    0x0000ccd7       0x7a CMakeFiles/DelayUsingHardwareTimer.dir/startup_stm32f401xe.s.obj

.debug_str      0x00000000    0x89b1e
 .debug_str     0x00000000    0x86c35 CMakeFiles/DelayUsingHardwareTimer.dir/Core/Src/main.c.obj
                              0x86f73 (size before relaxing)
 .debug_str     0x00086c35      0x12f CMakeFiles/DelayUsingHardwareTimer.dir/Core/Src/stm32f4xx_it.c.obj
                              0x869eb (size before relaxing)
 .debug_str     0x00086d64      0x4b6 CMakeFiles/DelayUsingHardwareTimer.dir/Core/Src/stm32f4xx_hal_msp.c.obj
                              0x87123 (size before relaxing)
 .debug_str     0x0008721a      0xe6d CMakeFiles/DelayUsingHardwareTimer.dir/Drivers/STM32F4xx_HAL_Driver/Src/stm32f4xx_hal_tim.c.obj
                              0x8790b (size before relaxing)
 .debug_str     0x00088087      0x538 CMakeFiles/DelayUsingHardwareTimer.dir/Drivers/STM32F4xx_HAL_Driver/Src/stm32f4xx_hal_tim_ex.c.obj
                              0x87117 (size before relaxing)
 .debug_str     0x000885bf      0x2f6 CMakeFiles/DelayUsingHardwareTimer.dir/Drivers/STM32F4xx_HAL_Driver/Src/stm32f4xx_hal_rcc.c.obj
                              0x869c7 (size before relaxing)
 .debug_str     0x000888b5      0x143 CMakeFiles/DelayUsingHardwareTimer.dir/Drivers/STM32F4xx_HAL_Driver/Src/stm32f4xx_hal_gpio.c.obj
                              0x8670e (size before relaxing)
 .debug_str     0x000889f8      0x41f CMakeFiles/DelayUsingHardwareTimer.dir/Drivers/STM32F4xx_HAL_Driver/Src/stm32f4xx_hal_cortex.c.obj
                              0x86d1f (size before relaxing)
 .debug_str     0x00088e17      0x5b3 CMakeFiles/DelayUsingHardwareTimer.dir/Drivers/STM32F4xx_HAL_Driver/Src/stm32f4xx_hal.c.obj
                              0x86fb5 (size before relaxing)
 .debug_str     0x000893ca      0x66b CMakeFiles/DelayUsingHardwareTimer.dir/Drivers/STM32F4xx_HAL_Driver/Src/stm32f4xx_hal_uart.c.obj
                              0x86f96 (size before relaxing)
 .debug_str     0x00089a35       0x7f CMakeFiles/DelayUsingHardwareTimer.dir/Core/Src/system_stm32f4xx.c.obj
                              0x86593 (size before relaxing)
 .debug_str     0x00089ab4       0x6a CMakeFiles/DelayUsingHardwareTimer.dir/startup_stm32f401xe.s.obj
                                 0xae (size before relaxing)

.comment        0x00000000       0x43
 .comment       0x00000000       0x43 CMakeFiles/DelayUsingHardwareTimer.dir/Core/Src/main.c.obj
                                 0x44 (size before relaxing)
 .comment       0x00000043       0x44 CMakeFiles/DelayUsingHardwareTimer.dir/Core/Src/stm32f4xx_it.c.obj
 .comment       0x00000043       0x44 CMakeFiles/DelayUsingHardwareTimer.dir/Core/Src/stm32f4xx_hal_msp.c.obj
 .comment       0x00000043       0x44 CMakeFiles/DelayUsingHardwareTimer.dir/Drivers/STM32F4xx_HAL_Driver/Src/stm32f4xx_hal_tim.c.obj
 .comment       0x00000043       0x44 CMakeFiles/DelayUsingHardwareTimer.dir/Drivers/STM32F4xx_HAL_Driver/Src/stm32f4xx_hal_tim_ex.c.obj
 .comment       0x00000043       0x44 CMakeFiles/DelayUsingHardwareTimer.dir/Drivers/STM32F4xx_HAL_Driver/Src/stm32f4xx_hal_rcc.c.obj
 .comment       0x00000043       0x44 CMakeFiles/DelayUsingHardwareTimer.dir/Drivers/STM32F4xx_HAL_Driver/Src/stm32f4xx_hal_gpio.c.obj
 .comment       0x00000043       0x44 CMakeFiles/DelayUsingHardwareTimer.dir/Drivers/STM32F4xx_HAL_Driver/Src/stm32f4xx_hal_cortex.c.obj
 .comment       0x00000043       0x44 CMakeFiles/DelayUsingHardwareTimer.dir/Drivers/STM32F4xx_HAL_Driver/Src/stm32f4xx_hal.c.obj
 .comment       0x00000043       0x44 CMakeFiles/DelayUsingHardwareTimer.dir/Drivers/STM32F4xx_HAL_Driver/Src/stm32f4xx_hal_uart.c.obj
 .comment       0x00000043       0x44 CMakeFiles/DelayUsingHardwareTimer.dir/Core/Src/system_stm32f4xx.c.obj

.debug_line_str
                0x00000000       0x92
 .debug_line_str
                0x00000000       0x92 CMakeFiles/DelayUsingHardwareTimer.dir/startup_stm32f401xe.s.obj
