Archive member included to satisfy reference by file (symbol)

D:/Program Files/STM32CubeCLT_1.17.0/GNU-tools-for-STM32/bin/../lib/gcc/arm-none-eabi/12.3.1/../../../../arm-none-eabi/lib/thumb/v7e-m+fp/hard\libc_nano.a(libc_a-exit.o)
                              D:/Program Files/STM32CubeCLT_1.17.0/GNU-tools-for-STM32/bin/../lib/gcc/arm-none-eabi/12.3.1/../../../../arm-none-eabi/lib/thumb/v7e-m+fp/hard/crt0.o (exit)
D:/Program Files/STM32CubeCLT_1.17.0/GNU-tools-for-STM32/bin/../lib/gcc/arm-none-eabi/12.3.1/../../../../arm-none-eabi/lib/thumb/v7e-m+fp/hard\libc_nano.a(libc_a-findfp.o)
                              D:/Program Files/STM32CubeCLT_1.17.0/GNU-tools-for-STM32/bin/../lib/gcc/arm-none-eabi/12.3.1/../../../../arm-none-eabi/lib/thumb/v7e-m+fp/hard\libc_nano.a(libc_a-exit.o) (__stdio_exit_handler)
D:/Program Files/STM32CubeCLT_1.17.0/GNU-tools-for-STM32/bin/../lib/gcc/arm-none-eabi/12.3.1/../../../../arm-none-eabi/lib/thumb/v7e-m+fp/hard\libc_nano.a(libc_a-fwalk.o)
                              D:/Program Files/STM32CubeCLT_1.17.0/GNU-tools-for-STM32/bin/../lib/gcc/arm-none-eabi/12.3.1/../../../../arm-none-eabi/lib/thumb/v7e-m+fp/hard\libc_nano.a(libc_a-findfp.o) (_fwalk_sglue)
D:/Program Files/STM32CubeCLT_1.17.0/GNU-tools-for-STM32/bin/../lib/gcc/arm-none-eabi/12.3.1/../../../../arm-none-eabi/lib/thumb/v7e-m+fp/hard\libc_nano.a(libc_a-stdio.o)
                              D:/Program Files/STM32CubeCLT_1.17.0/GNU-tools-for-STM32/bin/../lib/gcc/arm-none-eabi/12.3.1/../../../../arm-none-eabi/lib/thumb/v7e-m+fp/hard\libc_nano.a(libc_a-findfp.o) (__sread)
D:/Program Files/STM32CubeCLT_1.17.0/GNU-tools-for-STM32/bin/../lib/gcc/arm-none-eabi/12.3.1/../../../../arm-none-eabi/lib/thumb/v7e-m+fp/hard\libc_nano.a(libc_a-memset.o)
                              D:/Program Files/STM32CubeCLT_1.17.0/GNU-tools-for-STM32/bin/../lib/gcc/arm-none-eabi/12.3.1/../../../../arm-none-eabi/lib/thumb/v7e-m+fp/hard/crt0.o (memset)
D:/Program Files/STM32CubeCLT_1.17.0/GNU-tools-for-STM32/bin/../lib/gcc/arm-none-eabi/12.3.1/../../../../arm-none-eabi/lib/thumb/v7e-m+fp/hard\libc_nano.a(libc_a-closer.o)
                              D:/Program Files/STM32CubeCLT_1.17.0/GNU-tools-for-STM32/bin/../lib/gcc/arm-none-eabi/12.3.1/../../../../arm-none-eabi/lib/thumb/v7e-m+fp/hard\libc_nano.a(libc_a-stdio.o) (_close_r)
D:/Program Files/STM32CubeCLT_1.17.0/GNU-tools-for-STM32/bin/../lib/gcc/arm-none-eabi/12.3.1/../../../../arm-none-eabi/lib/thumb/v7e-m+fp/hard\libc_nano.a(libc_a-reent.o)
                              D:/Program Files/STM32CubeCLT_1.17.0/GNU-tools-for-STM32/bin/../lib/gcc/arm-none-eabi/12.3.1/../../../../arm-none-eabi/lib/thumb/v7e-m+fp/hard\libc_nano.a(libc_a-closer.o) (errno)
D:/Program Files/STM32CubeCLT_1.17.0/GNU-tools-for-STM32/bin/../lib/gcc/arm-none-eabi/12.3.1/../../../../arm-none-eabi/lib/thumb/v7e-m+fp/hard\libc_nano.a(libc_a-impure.o)
                              D:/Program Files/STM32CubeCLT_1.17.0/GNU-tools-for-STM32/bin/../lib/gcc/arm-none-eabi/12.3.1/../../../../arm-none-eabi/lib/thumb/v7e-m+fp/hard\libc_nano.a(libc_a-reent.o) (_impure_ptr)
D:/Program Files/STM32CubeCLT_1.17.0/GNU-tools-for-STM32/bin/../lib/gcc/arm-none-eabi/12.3.1/../../../../arm-none-eabi/lib/thumb/v7e-m+fp/hard\libc_nano.a(libc_a-lseekr.o)
                              D:/Program Files/STM32CubeCLT_1.17.0/GNU-tools-for-STM32/bin/../lib/gcc/arm-none-eabi/12.3.1/../../../../arm-none-eabi/lib/thumb/v7e-m+fp/hard\libc_nano.a(libc_a-stdio.o) (_lseek_r)
D:/Program Files/STM32CubeCLT_1.17.0/GNU-tools-for-STM32/bin/../lib/gcc/arm-none-eabi/12.3.1/../../../../arm-none-eabi/lib/thumb/v7e-m+fp/hard\libc_nano.a(libc_a-readr.o)
                              D:/Program Files/STM32CubeCLT_1.17.0/GNU-tools-for-STM32/bin/../lib/gcc/arm-none-eabi/12.3.1/../../../../arm-none-eabi/lib/thumb/v7e-m+fp/hard\libc_nano.a(libc_a-stdio.o) (_read_r)
D:/Program Files/STM32CubeCLT_1.17.0/GNU-tools-for-STM32/bin/../lib/gcc/arm-none-eabi/12.3.1/../../../../arm-none-eabi/lib/thumb/v7e-m+fp/hard\libc_nano.a(libc_a-writer.o)
                              D:/Program Files/STM32CubeCLT_1.17.0/GNU-tools-for-STM32/bin/../lib/gcc/arm-none-eabi/12.3.1/../../../../arm-none-eabi/lib/thumb/v7e-m+fp/hard\libc_nano.a(libc_a-stdio.o) (_write_r)
D:/Program Files/STM32CubeCLT_1.17.0/GNU-tools-for-STM32/bin/../lib/gcc/arm-none-eabi/12.3.1/../../../../arm-none-eabi/lib/thumb/v7e-m+fp/hard\libc_nano.a(libc_a-init.o)
                              D:/Program Files/STM32CubeCLT_1.17.0/GNU-tools-for-STM32/bin/../lib/gcc/arm-none-eabi/12.3.1/../../../../arm-none-eabi/lib/thumb/v7e-m+fp/hard/crt0.o (__libc_init_array)
D:/Program Files/STM32CubeCLT_1.17.0/GNU-tools-for-STM32/bin/../lib/gcc/arm-none-eabi/12.3.1/../../../../arm-none-eabi/lib/thumb/v7e-m+fp/hard\libc_nano.a(libc_a-lock.o)
[...]
Memory Configuration

Name             Origin             Length             Attributes
RAM              0x20000000         0x00018000         xrw
FLASH            0x08000000         0x00080000         xr
*default*        0x00000000         0xffffffff

Linker script and memory map

LOAD D:/Program Files/STM32CubeCLT_1.17.0/GNU-tools-for-STM32/bin/../lib/gcc/arm-none-eabi/12.3.1/thumb/v7e-m+fp/hard/crti.o
LOAD D:/Program Files/STM32CubeCLT_1.17.0/GNU-tools-for-STM32/bin/../lib/gcc/arm-none-eabi/12.3.1/thumb/v7e-m+fp/hard/crtbegin.o
LOAD D:/Program Files/STM32CubeCLT_1.17.0/GNU-tools-for-STM32/bin/../lib/gcc/arm-none-eabi/12.3.1/../../../../arm-none-eabi/lib/thumb/v7e-m+fp/hard/crt0.o
START GROUP
LOAD D:/Program Files/STM32CubeCLT_1.17.0/GNU-tools-for-STM32/bin/../lib/gcc/arm-none-eabi/12.3.1/../../../../arm-none-eabi/lib/thumb/v7e-m+fp/hard\libc_nano.a
LOAD D:/Program Files/STM32CubeCLT_1.17.0/GNU-tools-for-STM32/bin/../lib/gcc/arm-none-eabi/12.3.1/../../../../arm-none-eabi/lib/thumb/v7e-m+fp/hard\libm.a
END GROUP
LOAD CMakeFiles/ShowLED2ADCWatchUsing1602LCDSimpleMenu.dir/Core/Src/main.c.obj
LOAD CMakeFiles/ShowLED2ADCWatchUsing1602LCDSimpleMenu.dir/Core/Src/lcd.c.obj
LOAD CMakeFiles/ShowLED2ADCWatchUsing1602LCDSimpleMenu.dir/Core/Src/stm32f4xx_it.c.obj
LOAD CMakeFiles/ShowLED2ADCWatchUsing1602LCDSimpleMenu.dir/Core/Src/stm32f4xx_hal_msp.c.obj
LOAD CMakeFiles/ShowLED2ADCWatchUsing1602LCDSimpleMenu.dir/Drivers/STM32F4xx_HAL_Driver/Src/stm32f4xx_hal_adc.c.obj
LOAD CMakeFiles/ShowLED2ADCWatchUsing1602LCDSimpleMenu.dir/Drivers/STM32F4xx_HAL_Driver/Src/stm32f4xx_hal_adc_ex.c.obj
LOAD CMakeFiles/ShowLED2ADCWatchUsing1602LCDSimpleMenu.dir/Drivers/STM32F4xx_HAL_Driver/Src/stm32f4xx_ll_adc.c.obj
LOAD CMakeFiles/ShowLED2ADCWatchUsing1602LCDSimpleMenu.dir/Drivers/STM32F4xx_HAL_Driver/Src/stm32f4xx_hal_rcc.c.obj
LOAD CMakeFiles/ShowLED2ADCWatchUsing1602LCDSimpleMenu.dir/Drivers/STM32F4xx_HAL_Driver/Src/stm32f4xx_hal_rcc_ex.c.obj
LOAD CMakeFiles/ShowLED2ADCWatchUsing1602LCDSimpleMenu.dir/Drivers/STM32F4xx_HAL_Driver/Src/stm32f4xx_hal_flash.c.obj
LOAD CMakeFiles/ShowLED2ADCWatchUsing1602LCDSimpleMenu.dir/Drivers/STM32F4xx_HAL_Driver/Src/stm32f4xx_hal_flash_ex.c.obj
LOAD CMakeFiles/ShowLED2ADCWatchUsing1602LCDSimpleMenu.dir/Drivers/STM32F4xx_HAL_Driver/Src/stm32f4xx_hal_flash_ramfunc.c.obj
LOAD CMakeFiles/ShowLED2ADCWatchUsing1602LCDSimpleMenu.dir/Drivers/STM32F4xx_HAL_Driver/Src/stm32f4xx_hal_gpio.c.obj
LOAD CMakeFiles/ShowLED2ADCWatchUsing1602LCDSimpleMenu.dir/Drivers/STM32F4xx_HAL_Driver/Src/stm32f4xx_hal_dma_ex.c.obj
LOAD CMakeFiles/ShowLED2ADCWatchUsing1602LCDSimpleMenu.dir/Drivers/STM32F4xx_HAL_Driver/Src/stm32f4xx_hal_dma.c.obj
LOAD CMakeFiles/ShowLED2ADCWatchUsing1602LCDSimpleMenu.dir/Drivers/STM32F4xx_HAL_Driver/Src/stm32f4xx_hal_pwr.c.obj
LOAD CMakeFiles/ShowLED2ADCWatchUsing1602LCDSimpleMenu.dir/Drivers/STM32F4xx_HAL_Driver/Src/stm32f4xx_hal_pwr_ex.c.obj
LOAD CMakeFiles/ShowLED2ADCWatchUsing1602LCDSimpleMenu.dir/Drivers/STM32F4xx_HAL_Driver/Src/stm32f4xx_hal_cortex.c.obj
LOAD CMakeFiles/ShowLED2ADCWatchUsing1602LCDSimpleMenu.dir/Drivers/STM32F4xx_HAL_Driver/Src/stm32f4xx_hal.c.obj
LOAD CMakeFiles/ShowLED2ADCWatchUsing1602LCDSimpleMenu.dir/Drivers/STM32F4xx_HAL_Driver/Src/stm32f4xx_hal_exti.c.obj
LOAD CMakeFiles/ShowLED2ADCWatchUsing1602LCDSimpleMenu.dir/Drivers/STM32F4xx_HAL_Driver/Src/stm32f4xx_hal_rtc.c.obj
LOAD CMakeFiles/ShowLED2ADCWatchUsing1602LCDSimpleMenu.dir/Drivers/STM32F4xx_HAL_Driver/Src/stm32f4xx_hal_rtc_ex.c.obj
LOAD CMakeFiles/ShowLED2ADCWatchUsing1602LCDSimpleMenu.dir/Drivers/STM32F4xx_HAL_Driver/Src/stm32f4xx_hal_tim.c.obj
LOAD CMakeFiles/ShowLED2ADCWatchUsing1602LCDSimpleMenu.dir/Drivers/STM32F4xx_HAL_Driver/Src/stm32f4xx_hal_tim_ex.c.obj
LOAD CMakeFiles/ShowLED2ADCWatchUsing1602LCDSimpleMenu.dir/Drivers/STM32F4xx_HAL_Driver/Src/stm32f4xx_hal_uart.c.obj
LOAD CMakeFiles/ShowLED2ADCWatchUsing1602LCDSimpleMenu.dir/Core/Src/system_stm32f4xx.c.obj
LOAD CMakeFiles/ShowLED2ADCWatchUsing1602LCDSimpleMenu.dir/Core/Src/sysmem.c.obj
LOAD CMakeFiles/ShowLED2ADCWatchUsing1602LCDSimpleMenu.dir/Core/Src/syscalls.c.obj
LOAD CMakeFiles/ShowLED2ADCWatchUsing1602LCDSimpleMenu.dir/startup_stm32f401xe.s.obj
START GROUP
LOAD D:/Program Files/STM32CubeCLT_1.17.0/GNU-tools-for-STM32/bin/../lib/gcc/arm-none-eabi/12.3.1/thumb/v7e-m+fp/hard\libgcc.a
LOAD D:/Program Files/STM32CubeCLT_1.17.0/GNU-tools-for-STM32/bin/../lib/gcc/arm-none-eabi/12.3.1/../../../../arm-none-eabi/lib/thumb/v7e-m+fp/hard\libg_nano.a
LOAD D:/Program Files/STM32CubeCLT_1.17.0/GNU-tools-for-STM32/bin/../lib/gcc/arm-none-eabi/12.3.1/../../../../arm-none-eabi/lib/thumb/v7e-m+fp/hard\libc_nano.a
END GROUP
START GROUP
LOAD D:/Program Files/STM32CubeCLT_1.17.0/GNU-tools-for-STM32/bin/../lib/gcc/arm-none-eabi/12.3.1/thumb/v7e-m+fp/hard\libgcc.a
LOAD D:/Program Files/STM32CubeCLT_1.17.0/GNU-tools-for-STM32/bin/../lib/gcc/arm-none-eabi/12.3.1/../../../../arm-none-eabi/lib/thumb/v7e-m+fp/hard\libc_nano.a
END GROUP
LOAD D:/Program Files/STM32CubeCLT_1.17.0/GNU-tools-for-STM32/bin/../lib/gcc/arm-none-eabi/12.3.1/thumb/v7e-m+fp/hard/crtend.o
LOAD D:/Program Files/STM32CubeCLT_1.17.0/GNU-tools-for-STM32/bin/../lib/gcc/arm-none-eabi/12.3.1/thumb/v7e-m+fp/hard/crtn.o
                0x20018000                        _estack = (ORIGIN (RAM) + LENGTH (RAM))
                0x00000200                        _Min_Heap_Size = 0x200
                0x00000400                        _Min_Stack_Size = 0x400

.isr_vector     0x08000000      0x194
                0x08000000                        . = ALIGN (0x4)
 *(.isr_vector)
 .isr_vector    0x08000000      0x194 CMakeFiles/ShowLED2ADCWatchUsing1602LCDSimpleMenu.dir/startup_stm32f401xe.s.obj
                0x08000000                g_pfnVectors
                0x08000194                        . = ALIGN (0x4)

.text           0x080001a0     0x4cf0
                0x080001a0                        . = ALIGN (0x4)
 *(.text)
 .text          0x080001a0       0x40 D:/Program Files/STM32CubeCLT_1.17.0/GNU-tools-for-STM32/bin/../lib/gcc/arm-none-eabi/12.3.1/thumb/v7e-m+fp/hard/crtbegin.o
 .text          0x080001e0       0x30 D:/Program Files/STM32CubeCLT_1.17.0/GNU-tools-for-STM32/bin/../lib/gcc/arm-none-eabi/12.3.1/thumb/v7e-m+fp/hard\libgcc.a(_aeabi_uldivmod.o)
                0x080001e0                __aeabi_uldivmod
 .text          0x08000210      0x2bc D:/Program Files/STM32CubeCLT_1.17.0/GNU-tools-for-STM32/bin/../lib/gcc/arm-none-eabi/12.3.1/thumb/v7e-m+fp/hard\libgcc.a(_udivmoddi4.o)
                0x08000210                __udivmoddi4
 .text          0x080004cc        0x4 D:/Program Files/STM32CubeCLT_1.17.0/GNU-tools-for-STM32/bin/../lib/gcc/arm-none-eabi/12.3.1/thumb/v7e-m+fp/hard\libgcc.a(_dvmd_tls.o)
                0x080004cc                __aeabi_idiv0
                0x080004cc                __aeabi_ldiv0
 .text          0x080004d0       0x14 D:/Program Files/STM32CubeCLT_1.17.0/GNU-tools-for-STM32/bin/../lib/gcc/arm-none-eabi/12.3.1/../../../../arm-none-eabi/lib/thumb/v7e-m+fp/hard\libg_nano.a(libc_a-strcmp.o)
                0x080004d0                strcmp
 .text          0x080004e4       0x10 D:/Program Files/STM32CubeCLT_1.17.0/GNU-tools-for-STM32/bin/../lib/gcc/arm-none-eabi/12.3.1/../../../../arm-none-eabi/lib/thumb/v7e-m+fp/hard\libg_nano.a(libc_a-strlen.o)
                0x080004e4                strlen
 *fill*         0x080004f4        0xc 
 .text          0x08000500       0xa0 D:/Program Files/STM32CubeCLT_1.17.0/GNU-tools-for-STM32/bin/../lib/gcc/arm-none-eabi/12.3.1/../../../../arm-none-eabi/lib/thumb/v7e-m+fp/hard\libg_nano.a(libc_a-memchr.o)
                0x08000500                memchr
 *(.text*)
 .text.memset   0x080005a0       0x10 D:/Program Files/STM32CubeCLT_1.17.0/GNU-tools-for-STM32/bin/../lib/gcc/arm-none-eabi/12.3.1/../../../../arm-none-eabi/lib/thumb/v7e-m+fp/hard\libc_nano.a(libc_a-memset.o)
                0x080005a0                memset
 .text.__libc_init_array
                0x080005b0       0x48 D:/Program Files/STM32CubeCLT_1.17.0/GNU-tools-for-STM32/bin/../lib/gcc/arm-none-eabi/12.3.1/../../../../arm-none-eabi/lib/thumb/v7e-m+fp/hard\libc_nano.a(libc_a-init.o)
                0x080005b0                __libc_init_array
 .text.__retarget_lock_acquire_recursive
                0x080005f8        0x2 D:/Program Files/STM32CubeCLT_1.17.0/GNU-tools-for-STM32/bin/../lib/gcc/arm-none-eabi/12.3.1/../../../../arm-none-eabi/lib/thumb/v7e-m+fp/hard\libc_nano.a(libc_a-lock.o)
                0x080005f8                __retarget_lock_acquire_recursive
 .text.__retarget_lock_release_recursive
                0x080005fa        0x2 D:/Program Files/STM32CubeCLT_1.17.0/GNU-tools-for-STM32/bin/../lib/gcc/arm-none-eabi/12.3.1/../../../../arm-none-eabi/lib/thumb/v7e-m+fp/hard\libc_nano.a(libc_a-lock.o)
                0x080005fa                __retarget_lock_release_recursive
 .text._free_r  0x080005fc       0x94 D:/Program Files/STM32CubeCLT_1.17.0/GNU-tools-for-STM32/bin/../lib/gcc/arm-none-eabi/12.3.1/../../../../arm-none-eabi/lib/thumb/v7e-m+fp/hard\libc_nano.a(libc_a-freer.o)
                0x080005fc                _free_r
 .text.sbrk_aligned
                0x08000690       0x44 D:/Program Files/STM32CubeCLT_1.17.0/GNU-tools-for-STM32/bin/../lib/gcc/arm-none-eabi/12.3.1/../../../../arm-none-eabi/lib/thumb/v7e-m+fp/hard\libc_nano.a(libc_a-mallocr.o)
 .text._malloc_r
                0x080006d4      0x100 D:/Program Files/STM32CubeCLT_1.17.0/GNU-tools-for-STM32/bin/../lib/gcc/arm-none-eabi/12.3.1/../../../../arm-none-eabi/lib/thumb/v7e-m+fp/hard\libc_nano.a(libc_a-mallocr.o)
                0x080006d4                _malloc_r
 .text.__malloc_lock
                0x080007d4        0xc D:/Program Files/STM32CubeCLT_1.17.0/GNU-tools-for-STM32/bin/../lib/gcc/arm-none-eabi/12.3.1/../../../../arm-none-eabi/lib/thumb/v7e-m+fp/hard\libc_nano.a(libc_a-mlock.o)
                0x080007d4                __malloc_lock
 .text.__malloc_unlock
                0x080007e0        0xc D:/Program Files/STM32CubeCLT_1.17.0/GNU-tools-for-STM32/bin/../lib/gcc/arm-none-eabi/12.3.1/../../../../arm-none-eabi/lib/thumb/v7e-m+fp/hard\libc_nano.a(libc_a-mlock.o)
                0x080007e0                __malloc_unlock
 .text._sbrk_r  0x080007ec       0x20 D:/Program Files/STM32CubeCLT_1.17.0/GNU-tools-for-STM32/bin/../lib/gcc/arm-none-eabi/12.3.1/../../../../arm-none-eabi/lib/thumb/v7e-m+fp/hard\libc_nano.a(libc_a-sbrkr.o)
                0x080007ec                _sbrk_r
 .text.TimeStringHanldler
                0x0800080c       0x50 CMakeFiles/ShowLED2ADCWatchUsing1602LCDSimpleMenu.dir/Core/Src/main.c.obj
                0x0800080c                TimeStringHanldler
 .text.MenuHandler
                0x0800085c       0xa8 CMakeFiles/ShowLED2ADCWatchUsing1602LCDSimpleMenu.dir/Core/Src/main.c.obj
                0x0800085c                MenuHandler
 .text.HAL_UART_RxCpltCallback
                0x08000904       0x40 CMakeFiles/ShowLED2ADCWatchUsing1602LCDSimpleMenu.dir/Core/Src/main.c.obj
                0x08000904                HAL_UART_RxCpltCallback
 .text.ADCStringHanldler
                0x08000944      0x108 CMakeFiles/ShowLED2ADCWatchUsing1602LCDSimpleMenu.dir/Core/Src/main.c.obj
                0x08000944                ADCStringHanldler
 .text.CursorInitial
                0x08000a4c       0x22 CMakeFiles/ShowLED2ADCWatchUsing1602LCDSimpleMenu.dir/Core/Src/main.c.obj
                0x08000a4c                CursorInitial
 *fill*         0x08000a6e        0x2 
 .text.CursorPositionHandler
                0x08000a70      0x12c CMakeFiles/ShowLED2ADCWatchUsing1602LCDSimpleMenu.dir/Core/Src/main.c.obj
                0x08000a70                CursorPositionHandler
 .text.MenuInitial
                0x08000b9c       0x18 CMakeFiles/ShowLED2ADCWatchUsing1602LCDSimpleMenu.dir/Core/Src/main.c.obj
                0x08000b9c                MenuInitial
 .text.main     0x08000bb4      0x2f4 CMakeFiles/ShowLED2ADCWatchUsing1602LCDSimpleMenu.dir/Core/Src/main.c.obj
                0x08000bb4                main
 .text.SystemClock_Config
                0x08000ea8       0xc8 CMakeFiles/ShowLED2ADCWatchUsing1602LCDSimpleMenu.dir/Core/Src/main.c.obj
                0x08000ea8                SystemClock_Config
 .text.MX_ADC1_Init
                0x08000f70       0xc0 CMakeFiles/ShowLED2ADCWatchUsing1602LCDSimpleMenu.dir/Core/Src/main.c.obj
 .text.MX_RTC_Init
                0x08001030       0xb4 CMakeFiles/ShowLED2ADCWatchUsing1602LCDSimpleMenu.dir/Core/Src/main.c.obj
 .text.MX_USART2_UART_Init
                0x080010e4       0x54 CMakeFiles/ShowLED2ADCWatchUsing1602LCDSimpleMenu.dir/Core/Src/main.c.obj
 .text.MX_GPIO_Init
                0x08001138      0x110 CMakeFiles/ShowLED2ADCWatchUsing1602LCDSimpleMenu.dir/Core/Src/main.c.obj
 .text.Error_Handler
                0x08001248        0xc CMakeFiles/ShowLED2ADCWatchUsing1602LCDSimpleMenu.dir/Core/Src/main.c.obj
                0x08001248                Error_Handler
 .text.Lcd_create
                0x08001254       0x56 CMakeFiles/ShowLED2ADCWatchUsing1602LCDSimpleMenu.dir/Core/Src/lcd.c.obj
                0x08001254                Lcd_create
 .text.Lcd_init
                0x080012aa       0x52 CMakeFiles/ShowLED2ADCWatchUsing1602LCDSimpleMenu.dir/Core/Src/lcd.c.obj
                0x080012aa                Lcd_init
 .text.Lcd_string
                0x080012fc       0x3e CMakeFiles/ShowLED2ADCWatchUsing1602LCDSimpleMenu.dir/Core/Src/lcd.c.obj
                0x080012fc                Lcd_string
 *fill*         0x0800133a        0x2 
 .text.Lcd_cursor
                0x0800133c       0x34 CMakeFiles/ShowLED2ADCWatchUsing1602LCDSimpleMenu.dir/Core/Src/lcd.c.obj
                0x0800133c                Lcd_cursor
 .text.Lcd_clear
                0x08001370       0x18 CMakeFiles/ShowLED2ADCWatchUsing1602LCDSimpleMenu.dir/Core/Src/lcd.c.obj
                0x08001370                Lcd_clear
 .text.lcd_write_command
                0x08001388       0x5c CMakeFiles/ShowLED2ADCWatchUsing1602LCDSimpleMenu.dir/Core/Src/lcd.c.obj
 .text.lcd_write_data
                0x080013e4       0x5c CMakeFiles/ShowLED2ADCWatchUsing1602LCDSimpleMenu.dir/Core/Src/lcd.c.obj
 .text.lcd_write
                0x08001440       0x80 CMakeFiles/ShowLED2ADCWatchUsing1602LCDSimpleMenu.dir/Core/Src/lcd.c.obj
 .text.NMI_Handler
                0x080014c0        0xc CMakeFiles/ShowLED2ADCWatchUsing1602LCDSimpleMenu.dir/Core/Src/stm32f4xx_it.c.obj
                0x080014c0                NMI_Handler
 .text.HardFault_Handler
                0x080014cc        0x8 CMakeFiles/ShowLED2ADCWatchUsing1602LCDSimpleMenu.dir/Core/Src/stm32f4xx_it.c.obj
                0x080014cc                HardFault_Handler
 .text.MemManage_Handler
                0x080014d4        0x8 CMakeFiles/ShowLED2ADCWatchUsing1602LCDSimpleMenu.dir/Core/Src/stm32f4xx_it.c.obj
                0x080014d4                MemManage_Handler
 .text.BusFault_Handler
                0x080014dc        0x8 CMakeFiles/ShowLED2ADCWatchUsing1602LCDSimpleMenu.dir/Core/Src/stm32f4xx_it.c.obj
                0x080014dc                BusFault_Handler
 .text.UsageFault_Handler
                0x080014e4        0x8 CMakeFiles/ShowLED2ADCWatchUsing1602LCDSimpleMenu.dir/Core/Src/stm32f4xx_it.c.obj
                0x080014e4                UsageFault_Handler
 .text.SVC_Handler
                0x080014ec        0xe CMakeFiles/ShowLED2ADCWatchUsing1602LCDSimpleMenu.dir/Core/Src/stm32f4xx_it.c.obj
                0x080014ec                SVC_Handler
 .text.DebugMon_Handler
                0x080014fa        0xe CMakeFiles/ShowLED2ADCWatchUsing1602LCDSimpleMenu.dir/Core/Src/stm32f4xx_it.c.obj
                0x080014fa                DebugMon_Handler
 .text.PendSV_Handler
                0x08001508        0xe CMakeFiles/ShowLED2ADCWatchUsing1602LCDSimpleMenu.dir/Core/Src/stm32f4xx_it.c.obj
                0x08001508                PendSV_Handler
 .text.SysTick_Handler
                0x08001516        0xc CMakeFiles/ShowLED2ADCWatchUsing1602LCDSimpleMenu.dir/Core/Src/stm32f4xx_it.c.obj
                0x08001516                SysTick_Handler
 *fill*         0x08001522        0x2 
 .text.USART2_IRQHandler
                0x08001524       0x14 CMakeFiles/ShowLED2ADCWatchUsing1602LCDSimpleMenu.dir/Core/Src/stm32f4xx_it.c.obj
                0x08001524                USART2_IRQHandler
 .text.HAL_MspInit
                0x08001538       0x50 CMakeFiles/ShowLED2ADCWatchUsing1602LCDSimpleMenu.dir/Core/Src/stm32f4xx_hal_msp.c.obj
                0x08001538                HAL_MspInit
 .text.HAL_ADC_MspInit
                0x08001588       0x88 CMakeFiles/ShowLED2ADCWatchUsing1602LCDSimpleMenu.dir/Core/Src/stm32f4xx_hal_msp.c.obj
                0x08001588                HAL_ADC_MspInit
 .text.HAL_RTC_MspInit
                0x08001610       0x58 CMakeFiles/ShowLED2ADCWatchUsing1602LCDSimpleMenu.dir/Core/Src/stm32f4xx_hal_msp.c.obj
                0x08001610                HAL_RTC_MspInit
 .text.HAL_UART_MspInit
                0x08001668       0xc0 CMakeFiles/ShowLED2ADCWatchUsing1602LCDSimpleMenu.dir/Core/Src/stm32f4xx_hal_msp.c.obj
                0x08001668                HAL_UART_MspInit
 .text.HAL_ADC_Init
                0x08001728       0x86 CMakeFiles/ShowLED2ADCWatchUsing1602LCDSimpleMenu.dir/Drivers/STM32F4xx_HAL_Driver/Src/stm32f4xx_hal_adc.c.obj
                0x08001728                HAL_ADC_Init
 *fill*         0x080017ae        0x2 
 .text.HAL_ADC_Start
                0x080017b0      0x168 CMakeFiles/ShowLED2ADCWatchUsing1602LCDSimpleMenu.dir/Drivers/STM32F4xx_HAL_Driver/Src/stm32f4xx_hal_adc.c.obj
                0x080017b0                HAL_ADC_Start
 .text.HAL_ADC_PollForConversion
                0x08001918      0x116 CMakeFiles/ShowLED2ADCWatchUsing1602LCDSimpleMenu.dir/Drivers/STM32F4xx_HAL_Driver/Src/stm32f4xx_hal_adc.c.obj
                0x08001918                HAL_ADC_PollForConversion
 .text.HAL_ADC_GetValue
                0x08001a2e       0x1a CMakeFiles/ShowLED2ADCWatchUsing1602LCDSimpleMenu.dir/Drivers/STM32F4xx_HAL_Driver/Src/stm32f4xx_hal_adc.c.obj
                0x08001a2e                HAL_ADC_GetValue
 .text.HAL_ADC_ConfigChannel
                0x08001a48      0x244 CMakeFiles/ShowLED2ADCWatchUsing1602LCDSimpleMenu.dir/Drivers/STM32F4xx_HAL_Driver/Src/stm32f4xx_hal_adc.c.obj
                0x08001a48                HAL_ADC_ConfigChannel
 .text.ADC_Init
                0x08001c8c      0x1f8 CMakeFiles/ShowLED2ADCWatchUsing1602LCDSimpleMenu.dir/Drivers/STM32F4xx_HAL_Driver/Src/stm32f4xx_hal_adc.c.obj
 .text.HAL_RCC_OscConfig
                0x08001e84      0x4f0 CMakeFiles/ShowLED2ADCWatchUsing1602LCDSimpleMenu.dir/Drivers/STM32F4xx_HAL_Driver/Src/stm32f4xx_hal_rcc.c.obj
                0x08001e84                HAL_RCC_OscConfig
 .text.HAL_RCC_ClockConfig
                0x08002374      0x1cc CMakeFiles/ShowLED2ADCWatchUsing1602LCDSimpleMenu.dir/Drivers/STM32F4xx_HAL_Driver/Src/stm32f4xx_hal_rcc.c.obj
                0x08002374                HAL_RCC_ClockConfig
 .text.HAL_RCC_EnableCSS
                0x08002540       0x18 CMakeFiles/ShowLED2ADCWatchUsing1602LCDSimpleMenu.dir/Drivers/STM32F4xx_HAL_Driver/Src/stm32f4xx_hal_rcc.c.obj
                0x08002540                HAL_RCC_EnableCSS
 .text.HAL_RCC_GetSysClockFreq
                0x08002558      0x20c CMakeFiles/ShowLED2ADCWatchUsing1602LCDSimpleMenu.dir/Drivers/STM32F4xx_HAL_Driver/Src/stm32f4xx_hal_rcc.c.obj
                0x08002558                HAL_RCC_GetSysClockFreq
 .text.HAL_RCC_GetHCLKFreq
                0x08002764       0x18 CMakeFiles/ShowLED2ADCWatchUsing1602LCDSimpleMenu.dir/Drivers/STM32F4xx_HAL_Driver/Src/stm32f4xx_hal_rcc.c.obj
                0x08002764                HAL_RCC_GetHCLKFreq
 .text.HAL_RCC_GetPCLK1Freq
                0x0800277c       0x28 CMakeFiles/ShowLED2ADCWatchUsing1602LCDSimpleMenu.dir/Drivers/STM32F4xx_HAL_Driver/Src/stm32f4xx_hal_rcc.c.obj
                0x0800277c                HAL_RCC_GetPCLK1Freq
 .text.HAL_RCC_GetPCLK2Freq
                0x080027a4       0x28 CMakeFiles/ShowLED2ADCWatchUsing1602LCDSimpleMenu.dir/Drivers/STM32F4xx_HAL_Driver/Src/stm32f4xx_hal_rcc.c.obj
                0x080027a4                HAL_RCC_GetPCLK2Freq
 .text.HAL_RCC_NMI_IRQHandler
                0x080027cc       0x28 CMakeFiles/ShowLED2ADCWatchUsing1602LCDSimpleMenu.dir/Drivers/STM32F4xx_HAL_Driver/Src/stm32f4xx_hal_rcc.c.obj
                0x080027cc                HAL_RCC_NMI_IRQHandler
 .text.HAL_RCC_CSSCallback
                0x080027f4        0xe CMakeFiles/ShowLED2ADCWatchUsing1602LCDSimpleMenu.dir/Drivers/STM32F4xx_HAL_Driver/Src/stm32f4xx_hal_rcc.c.obj
                0x080027f4                HAL_RCC_CSSCallback
 *fill*         0x08002802        0x2 
 .text.HAL_RCCEx_PeriphCLKConfig
                0x08002804      0x1dc CMakeFiles/ShowLED2ADCWatchUsing1602LCDSimpleMenu.dir/Drivers/STM32F4xx_HAL_Driver/Src/stm32f4xx_hal_rcc_ex.c.obj
                0x08002804                HAL_RCCEx_PeriphCLKConfig
 .text.HAL_GPIO_Init
                0x080029e0      0x308 CMakeFiles/ShowLED2ADCWatchUsing1602LCDSimpleMenu.dir/Drivers/STM32F4xx_HAL_Driver/Src/stm32f4xx_hal_gpio.c.obj
                0x080029e0                HAL_GPIO_Init
 .text.HAL_GPIO_ReadPin
                0x08002ce8       0x30 CMakeFiles/ShowLED2ADCWatchUsing1602LCDSimpleMenu.dir/Drivers/STM32F4xx_HAL_Driver/Src/stm32f4xx_hal_gpio.c.obj
                0x08002ce8                HAL_GPIO_ReadPin
 .text.HAL_GPIO_WritePin
                0x08002d18       0x32 CMakeFiles/ShowLED2ADCWatchUsing1602LCDSimpleMenu.dir/Drivers/STM32F4xx_HAL_Driver/Src/stm32f4xx_hal_gpio.c.obj
                0x08002d18                HAL_GPIO_WritePin
 .text.HAL_DMA_Abort
                0x08002d4a       0xe0 CMakeFiles/ShowLED2ADCWatchUsing1602LCDSimpleMenu.dir/Drivers/STM32F4xx_HAL_Driver/Src/stm32f4xx_hal_dma.c.obj
                0x08002d4a                HAL_DMA_Abort
 .text.HAL_DMA_Abort_IT
                0x08002e2a       0x44 CMakeFiles/ShowLED2ADCWatchUsing1602LCDSimpleMenu.dir/Drivers/STM32F4xx_HAL_Driver/Src/stm32f4xx_hal_dma.c.obj
                0x08002e2a                HAL_DMA_Abort_IT
 *fill*         0x08002e6e        0x2 
 .text.__NVIC_SetPriorityGrouping
                0x08002e70       0x48 CMakeFiles/ShowLED2ADCWatchUsing1602LCDSimpleMenu.dir/Drivers/STM32F4xx_HAL_Driver/Src/stm32f4xx_hal_cortex.c.obj
 .text.__NVIC_GetPriorityGrouping
                0x08002eb8       0x1c CMakeFiles/ShowLED2ADCWatchUsing1602LCDSimpleMenu.dir/Drivers/STM32F4xx_HAL_Driver/Src/stm32f4xx_hal_cortex.c.obj
 .text.__NVIC_EnableIRQ
                0x08002ed4       0x3c CMakeFiles/ShowLED2ADCWatchUsing1602LCDSimpleMenu.dir/Drivers/STM32F4xx_HAL_Driver/Src/stm32f4xx_hal_cortex.c.obj
 .text.__NVIC_SetPriority
                0x08002f10       0x54 CMakeFiles/ShowLED2ADCWatchUsing1602LCDSimpleMenu.dir/Drivers/STM32F4xx_HAL_Driver/Src/stm32f4xx_hal_cortex.c.obj
 .text.NVIC_EncodePriority
                0x08002f64       0x66 CMakeFiles/ShowLED2ADCWatchUsing1602LCDSimpleMenu.dir/Drivers/STM32F4xx_HAL_Driver/Src/stm32f4xx_hal_cortex.c.obj
 *fill*         0x08002fca        0x2 
 .text.SysTick_Config
                0x08002fcc       0x44 CMakeFiles/ShowLED2ADCWatchUsing1602LCDSimpleMenu.dir/Drivers/STM32F4xx_HAL_Driver/Src/stm32f4xx_hal_cortex.c.obj
 .text.HAL_NVIC_SetPriorityGrouping
                0x08003010       0x16 CMakeFiles/ShowLED2ADCWatchUsing1602LCDSimpleMenu.dir/Drivers/STM32F4xx_HAL_Driver/Src/stm32f4xx_hal_cortex.c.obj
                0x08003010                HAL_NVIC_SetPriorityGrouping
 .text.HAL_NVIC_SetPriority
                0x08003026       0x38 CMakeFiles/ShowLED2ADCWatchUsing1602LCDSimpleMenu.dir/Drivers/STM32F4xx_HAL_Driver/Src/stm32f4xx_hal_cortex.c.obj
                0x08003026                HAL_NVIC_SetPriority
 .text.HAL_NVIC_EnableIRQ
                0x0800305e       0x1c CMakeFiles/ShowLED2ADCWatchUsing1602LCDSimpleMenu.dir/Drivers/STM32F4xx_HAL_Driver/Src/stm32f4xx_hal_cortex.c.obj
                0x0800305e                HAL_NVIC_EnableIRQ
 .text.HAL_SYSTICK_Config
                0x0800307a       0x18 CMakeFiles/ShowLED2ADCWatchUsing1602LCDSimpleMenu.dir/Drivers/STM32F4xx_HAL_Driver/Src/stm32f4xx_hal_cortex.c.obj
                0x0800307a                HAL_SYSTICK_Config
 *fill*         0x08003092        0x2 
 .text.HAL_Init
                0x08003094       0x44 CMakeFiles/ShowLED2ADCWatchUsing1602LCDSimpleMenu.dir/Drivers/STM32F4xx_HAL_Driver/Src/stm32f4xx_hal.c.obj
                0x08003094                HAL_Init
 .text.HAL_InitTick
                0x080030d8       0x60 CMakeFiles/ShowLED2ADCWatchUsing1602LCDSimpleMenu.dir/Drivers/STM32F4xx_HAL_Driver/Src/stm32f4xx_hal.c.obj
                0x080030d8                HAL_InitTick
 .text.HAL_IncTick
                0x08003138       0x28 CMakeFiles/ShowLED2ADCWatchUsing1602LCDSimpleMenu.dir/Drivers/STM32F4xx_HAL_Driver/Src/stm32f4xx_hal.c.obj
                0x08003138                HAL_IncTick
 .text.HAL_GetTick
                0x08003160       0x18 CMakeFiles/ShowLED2ADCWatchUsing1602LCDSimpleMenu.dir/Drivers/STM32F4xx_HAL_Driver/Src/stm32f4xx_hal.c.obj
                0x08003160                HAL_GetTick
 .text.HAL_Delay
                0x08003178       0x48 CMakeFiles/ShowLED2ADCWatchUsing1602LCDSimpleMenu.dir/Drivers/STM32F4xx_HAL_Driver/Src/stm32f4xx_hal.c.obj
                0x08003178                HAL_Delay
 .text.HAL_RTC_Init
                0x080031c0      0x106 CMakeFiles/ShowLED2ADCWatchUsing1602LCDSimpleMenu.dir/Drivers/STM32F4xx_HAL_Driver/Src/stm32f4xx_hal_rtc.c.obj
                0x080031c0                HAL_RTC_Init
 .text.HAL_RTC_SetTime
                0x080032c6      0x134 CMakeFiles/ShowLED2ADCWatchUsing1602LCDSimpleMenu.dir/Drivers/STM32F4xx_HAL_Driver/Src/stm32f4xx_hal_rtc.c.obj
                0x080032c6                HAL_RTC_SetTime
 .text.HAL_RTC_GetTime
                0x080033fa       0xbc CMakeFiles/ShowLED2ADCWatchUsing1602LCDSimpleMenu.dir/Drivers/STM32F4xx_HAL_Driver/Src/stm32f4xx_hal_rtc.c.obj
                0x080033fa                HAL_RTC_GetTime
 .text.HAL_RTC_SetDate
                0x080034b6      0x108 CMakeFiles/ShowLED2ADCWatchUsing1602LCDSimpleMenu.dir/Drivers/STM32F4xx_HAL_Driver/Src/stm32f4xx_hal_rtc.c.obj
                0x080034b6                HAL_RTC_SetDate
 .text.HAL_RTC_GetDate
                0x080035be       0x9e CMakeFiles/ShowLED2ADCWatchUsing1602LCDSimpleMenu.dir/Drivers/STM32F4xx_HAL_Driver/Src/stm32f4xx_hal_rtc.c.obj
                0x080035be                HAL_RTC_GetDate
 .text.HAL_RTC_WaitForSynchro
                0x0800365c       0x4c CMakeFiles/ShowLED2ADCWatchUsing1602LCDSimpleMenu.dir/Drivers/STM32F4xx_HAL_Driver/Src/stm32f4xx_hal_rtc.c.obj
                0x0800365c                HAL_RTC_WaitForSynchro
 .text.RTC_EnterInitMode
                0x080036a8       0x6e CMakeFiles/ShowLED2ADCWatchUsing1602LCDSimpleMenu.dir/Drivers/STM32F4xx_HAL_Driver/Src/stm32f4xx_hal_rtc.c.obj
                0x080036a8                RTC_EnterInitMode
 .text.RTC_ExitInitMode
                0x08003716       0x4a CMakeFiles/ShowLED2ADCWatchUsing1602LCDSimpleMenu.dir/Drivers/STM32F4xx_HAL_Driver/Src/stm32f4xx_hal_rtc.c.obj
                0x08003716                RTC_ExitInitMode
 .text.RTC_ByteToBcd2
                0x08003760       0x3c CMakeFiles/ShowLED2ADCWatchUsing1602LCDSimpleMenu.dir/Drivers/STM32F4xx_HAL_Driver/Src/stm32f4xx_hal_rtc.c.obj
                0x08003760                RTC_ByteToBcd2
 .text.RTC_Bcd2ToByte
                0x0800379c       0x3c CMakeFiles/ShowLED2ADCWatchUsing1602LCDSimpleMenu.dir/Drivers/STM32F4xx_HAL_Driver/Src/stm32f4xx_hal_rtc.c.obj
                0x0800379c                RTC_Bcd2ToByte
 .text.HAL_UART_Init
                0x080037d8       0xa0 CMakeFiles/ShowLED2ADCWatchUsing1602LCDSimpleMenu.dir/Drivers/STM32F4xx_HAL_Driver/Src/stm32f4xx_hal_uart.c.obj
                0x080037d8                HAL_UART_Init
 .text.HAL_UART_Receive_IT
                0x08003878       0x4a CMakeFiles/ShowLED2ADCWatchUsing1602LCDSimpleMenu.dir/Drivers/STM32F4xx_HAL_Driver/Src/stm32f4xx_hal_uart.c.obj
                0x08003878                HAL_UART_Receive_IT
 *fill*         0x080038c2        0x2 
 .text.HAL_UART_IRQHandler
                0x080038c4      0x524 CMakeFiles/ShowLED2ADCWatchUsing1602LCDSimpleMenu.dir/Drivers/STM32F4xx_HAL_Driver/Src/stm32f4xx_hal_uart.c.obj
                0x080038c4                HAL_UART_IRQHandler
 .text.HAL_UART_TxCpltCallback
                0x08003de8       0x14 CMakeFiles/ShowLED2ADCWatchUsing1602LCDSimpleMenu.dir/Drivers/STM32F4xx_HAL_Driver/Src/stm32f4xx_hal_uart.c.obj
                0x08003de8                HAL_UART_TxCpltCallback
 .text.HAL_UART_ErrorCallback
                0x08003dfc       0x14 CMakeFiles/ShowLED2ADCWatchUsing1602LCDSimpleMenu.dir/Drivers/STM32F4xx_HAL_Driver/Src/stm32f4xx_hal_uart.c.obj
                0x08003dfc                HAL_UART_ErrorCallback
 .text.HAL_UARTEx_RxEventCallback
                0x08003e10       0x18 CMakeFiles/ShowLED2ADCWatchUsing1602LCDSimpleMenu.dir/Drivers/STM32F4xx_HAL_Driver/Src/stm32f4xx_hal_uart.c.obj
                0x08003e10                HAL_UARTEx_RxEventCallback
 .text.UART_Start_Receive_IT
                0x08003e28       0x74 CMakeFiles/ShowLED2ADCWatchUsing1602LCDSimpleMenu.dir/Drivers/STM32F4xx_HAL_Driver/Src/stm32f4xx_hal_uart.c.obj
                0x08003e28                UART_Start_Receive_IT
 .text.UART_EndRxTransfer
                0x08003e9c       0xc6 CMakeFiles/ShowLED2ADCWatchUsing1602LCDSimpleMenu.dir/Drivers/STM32F4xx_HAL_Driver/Src/stm32f4xx_hal_uart.c.obj
 .text.UART_DMAAbortOnError
                0x08003f62       0x28 CMakeFiles/ShowLED2ADCWatchUsing1602LCDSimpleMenu.dir/Drivers/STM32F4xx_HAL_Driver/Src/stm32f4xx_hal_uart.c.obj
 .text.UART_Transmit_IT
                0x08003f8a       0xa0 CMakeFiles/ShowLED2ADCWatchUsing1602LCDSimpleMenu.dir/Drivers/STM32F4xx_HAL_Driver/Src/stm32f4xx_hal_uart.c.obj
 .text.UART_EndTransmit_IT
                0x0800402a       0x30 CMakeFiles/ShowLED2ADCWatchUsing1602LCDSimpleMenu.dir/Drivers/STM32F4xx_HAL_Driver/Src/stm32f4xx_hal_uart.c.obj
 .text.UART_Receive_IT
                0x0800405a      0x17c CMakeFiles/ShowLED2ADCWatchUsing1602LCDSimpleMenu.dir/Drivers/STM32F4xx_HAL_Driver/Src/stm32f4xx_hal_uart.c.obj
 *fill*         0x080041d6        0x2 
 .text.UART_SetConfig
                0x080041d8      0x4e8 CMakeFiles/ShowLED2ADCWatchUsing1602LCDSimpleMenu.dir/Drivers/STM32F4xx_HAL_Driver/Src/stm32f4xx_hal_uart.c.obj
 .text.SystemInit
                0x080046c0       0x24 CMakeFiles/ShowLED2ADCWatchUsing1602LCDSimpleMenu.dir/Core/Src/system_stm32f4xx.c.obj
                0x080046c0                SystemInit
 .text._sbrk    0x080046e4       0x6c CMakeFiles/ShowLED2ADCWatchUsing1602LCDSimpleMenu.dir/Core/Src/sysmem.c.obj
                0x080046e4                _sbrk
 .text.Reset_Handler
                0x08004750       0x50 CMakeFiles/ShowLED2ADCWatchUsing1602LCDSimpleMenu.dir/startup_stm32f401xe.s.obj
                0x08004750                Reset_Handler
 .text.Default_Handler
                0x080047a0        0x2 CMakeFiles/ShowLED2ADCWatchUsing1602LCDSimpleMenu.dir/startup_stm32f401xe.s.obj
                0x080047a0                RTC_Alarm_IRQHandler
                0x080047a0                EXTI2_IRQHandler
                0x080047a0                SPI4_IRQHandler
                0x080047a0                TIM1_CC_IRQHandler
                0x080047a0                DMA2_Stream5_IRQHandler
                0x080047a0                DMA1_Stream5_IRQHandler
                0x080047a0                PVD_IRQHandler
                0x080047a0                SDIO_IRQHandler
                0x080047a0                TAMP_STAMP_IRQHandler
                0x080047a0                EXTI3_IRQHandler
                0x080047a0                TIM1_UP_TIM10_IRQHandler
                0x080047a0                I2C3_ER_IRQHandler
                0x080047a0                EXTI0_IRQHandler
                0x080047a0                I2C2_EV_IRQHandler
                0x080047a0                DMA1_Stream2_IRQHandler
                0x080047a0                FPU_IRQHandler
                0x080047a0                DMA2_Stream2_IRQHandler
                0x080047a0                SPI1_IRQHandler
                0x080047a0                TIM1_BRK_TIM9_IRQHandler
                0x080047a0                DMA2_Stream3_IRQHandler
                0x080047a0                USART6_IRQHandler
                0x080047a0                DMA2_Stream0_IRQHandler
                0x080047a0                TIM4_IRQHandler
                0x080047a0                I2C1_EV_IRQHandler
                0x080047a0                DMA1_Stream6_IRQHandler
                0x080047a0                DMA1_Stream1_IRQHandler
                0x080047a0                TIM3_IRQHandler
                0x080047a0                RCC_IRQHandler
                0x080047a0                Default_Handler
                0x080047a0                EXTI15_10_IRQHandler
                0x080047a0                ADC_IRQHandler
                0x080047a0                DMA1_Stream7_IRQHandler
                0x080047a0                TIM5_IRQHandler
                0x080047a0                DMA2_Stream7_IRQHandler
                0x080047a0                I2C3_EV_IRQHandler
                0x080047a0                EXTI9_5_IRQHandler
                0x080047a0                RTC_WKUP_IRQHandler
                0x080047a0                SPI2_IRQHandler
                0x080047a0                DMA1_Stream0_IRQHandler
                0x080047a0                EXTI4_IRQHandler
                0x080047a0                WWDG_IRQHandler
                0x080047a0                TIM2_IRQHandler
                0x080047a0                OTG_FS_WKUP_IRQHandler
                0x080047a0                TIM1_TRG_COM_TIM11_IRQHandler
                0x080047a0                EXTI1_IRQHandler
                0x080047a0                I2C2_ER_IRQHandler
                0x080047a0                DMA2_Stream1_IRQHandler
                0x080047a0                FLASH_IRQHandler
                0x080047a0                DMA2_Stream4_IRQHandler
                0x080047a0                USART1_IRQHandler
                0x080047a0                OTG_FS_IRQHandler
                0x080047a0                SPI3_IRQHandler
                0x080047a0                DMA1_Stream4_IRQHandler
                0x080047a0                I2C1_ER_IRQHandler
                0x080047a0                DMA2_Stream6_IRQHandler
                0x080047a0                DMA1_Stream3_IRQHandler
 *fill*         0x080047a2        0x2 
 .text.sprintf  0x080047a4       0x40 D:/Program Files/STM32CubeCLT_1.17.0/GNU-tools-for-STM32/bin/../lib/gcc/arm-none-eabi/12.3.1/../../../../arm-none-eabi/lib/thumb/v7e-m+fp/hard\libg_nano.a(libc_a-sprintf.o)
                0x080047a4                siprintf
                0x080047a4                sprintf
 .text.__errno  0x080047e4        0xc D:/Program Files/STM32CubeCLT_1.17.0/GNU-tools-for-STM32/bin/../lib/gcc/arm-none-eabi/12.3.1/../../../../arm-none-eabi/lib/thumb/v7e-m+fp/hard\libg_nano.a(libc_a-errno.o)
                0x080047e4                __errno
 .text.__ssputs_r
                0x080047f0       0xb6 D:/Program Files/STM32CubeCLT_1.17.0/GNU-tools-for-STM32/bin/../lib/gcc/arm-none-eabi/12.3.1/../../../../arm-none-eabi/lib/thumb/v7e-m+fp/hard\libg_nano.a(libc_a-nano-svfprintf.o)
                0x080047f0                __ssputs_r
 *fill*         0x080048a6        0x2 
 .text._svfprintf_r
                0x080048a8      0x1f8 D:/Program Files/STM32CubeCLT_1.17.0/GNU-tools-for-STM32/bin/../lib/gcc/arm-none-eabi/12.3.1/../../../../arm-none-eabi/lib/thumb/v7e-m+fp/hard\libg_nano.a(libc_a-nano-svfprintf.o)
                0x080048a8                _svfiprintf_r
                0x080048a8                _svfprintf_r
 .text._printf_common
                0x08004aa0       0xda D:/Program Files/STM32CubeCLT_1.17.0/GNU-tools-for-STM32/bin/../lib/gcc/arm-none-eabi/12.3.1/../../../../arm-none-eabi/lib/thumb/v7e-m+fp/hard\libg_nano.a(libc_a-nano-vfprintf_i.o)
                0x08004aa0                _printf_common
 *fill*         0x08004b7a        0x2 
 .text._printf_i
                0x08004b7c      0x240 D:/Program Files/STM32CubeCLT_1.17.0/GNU-tools-for-STM32/bin/../lib/gcc/arm-none-eabi/12.3.1/../../../../arm-none-eabi/lib/thumb/v7e-m+fp/hard\libg_nano.a(libc_a-nano-vfprintf_i.o)
                0x08004b7c                _printf_i
 .text.memmove  0x08004dbc       0x34 D:/Program Files/STM32CubeCLT_1.17.0/GNU-tools-for-STM32/bin/../lib/gcc/arm-none-eabi/12.3.1/../../../../arm-none-eabi/lib/thumb/v7e-m+fp/hard\libg_nano.a(libc_a-memmove.o)
                0x08004dbc                memmove
 .text.memcpy   0x08004df0       0x1c D:/Program Files/STM32CubeCLT_1.17.0/GNU-tools-for-STM32/bin/../lib/gcc/arm-none-eabi/12.3.1/../../../../arm-none-eabi/lib/thumb/v7e-m+fp/hard\libg_nano.a(libc_a-memcpy-stub.o)
                0x08004df0                memcpy
 .text._realloc_r
                0x08004e0c       0x5c D:/Program Files/STM32CubeCLT_1.17.0/GNU-tools-for-STM32/bin/../lib/gcc/arm-none-eabi/12.3.1/../../../../arm-none-eabi/lib/thumb/v7e-m+fp/hard\libg_nano.a(libc_a-reallocr.o)
                0x08004e0c                _realloc_r
 .text._malloc_usable_size_r
                0x08004e68       0x10 D:/Program Files/STM32CubeCLT_1.17.0/GNU-tools-for-STM32/bin/../lib/gcc/arm-none-eabi/12.3.1/../../../../arm-none-eabi/lib/thumb/v7e-m+fp/hard\libg_nano.a(libc_a-msizer.o)
                0x08004e68                _malloc_usable_size_r
 *(.glue_7)
 .glue_7        0x08004e78        0x0 linker stubs
 *(.glue_7t)
 .glue_7t       0x08004e78        0x0 linker stubs
 *(.eh_frame)
 .eh_frame      0x08004e78        0x0 D:/Program Files/STM32CubeCLT_1.17.0/GNU-tools-for-STM32/bin/../lib/gcc/arm-none-eabi/12.3.1/thumb/v7e-m+fp/hard/crtbegin.o
 *(.init)
 .init          0x08004e78        0x4 D:/Program Files/STM32CubeCLT_1.17.0/GNU-tools-for-STM32/bin/../lib/gcc/arm-none-eabi/12.3.1/thumb/v7e-m+fp/hard/crti.o
                0x08004e78                _init
 .init          0x08004e7c        0x8 D:/Program Files/STM32CubeCLT_1.17.0/GNU-tools-for-STM32/bin/../lib/gcc/arm-none-eabi/12.3.1/thumb/v7e-m+fp/hard/crtn.o
 *(.fini)
 .fini          0x08004e84        0x4 D:/Program Files/STM32CubeCLT_1.17.0/GNU-tools-for-STM32/bin/../lib/gcc/arm-none-eabi/12.3.1/thumb/v7e-m+fp/hard/crti.o
                0x08004e84                _fini
 .fini          0x08004e88        0x8 D:/Program Files/STM32CubeCLT_1.17.0/GNU-tools-for-STM32/bin/../lib/gcc/arm-none-eabi/12.3.1/thumb/v7e-m+fp/hard/crtn.o
                0x08004e90                        . = ALIGN (0x4)
                0x08004e90                        _etext = .

.vfp11_veneer   0x08004e90        0x0
 .vfp11_veneer  0x08004e90        0x0 linker stubs

.v4_bx          0x08004e90        0x0
 .v4_bx         0x08004e90        0x0 linker stubs

.iplt           0x08004e90        0x0
 .iplt          0x08004e90        0x0 D:/Program Files/STM32CubeCLT_1.17.0/GNU-tools-for-STM32/bin/../lib/gcc/arm-none-eabi/12.3.1/thumb/v7e-m+fp/hard/crtbegin.o

.rodata         0x08004e90      0x110
                0x08004e90                        . = ALIGN (0x4)
 *(.rodata)
 .rodata        0x08004e90       0xc0 CMakeFiles/ShowLED2ADCWatchUsing1602LCDSimpleMenu.dir/Core/Src/main.c.obj
 *(.rodata*)
 .rodata.ROW_16
                0x08004f50        0x4 CMakeFiles/ShowLED2ADCWatchUsing1602LCDSimpleMenu.dir/Core/Src/lcd.c.obj
                0x08004f50                ROW_16
 .rodata.AHBPrescTable
                0x08004f54       0x10 CMakeFiles/ShowLED2ADCWatchUsing1602LCDSimpleMenu.dir/Core/Src/system_stm32f4xx.c.obj
                0x08004f54                AHBPrescTable
 .rodata.APBPrescTable
                0x08004f64        0x8 CMakeFiles/ShowLED2ADCWatchUsing1602LCDSimpleMenu.dir/Core/Src/system_stm32f4xx.c.obj
                0x08004f64                APBPrescTable
 .rodata._svfprintf_r.str1.1
                0x08004f6c       0x11 D:/Program Files/STM32CubeCLT_1.17.0/GNU-tools-for-STM32/bin/../lib/gcc/arm-none-eabi/12.3.1/../../../../arm-none-eabi/lib/thumb/v7e-m+fp/hard\libg_nano.a(libc_a-nano-svfprintf.o)
 .rodata._printf_i.str1.1
                0x08004f7d       0x22 D:/Program Files/STM32CubeCLT_1.17.0/GNU-tools-for-STM32/bin/../lib/gcc/arm-none-eabi/12.3.1/../../../../arm-none-eabi/lib/thumb/v7e-m+fp/hard\libg_nano.a(libc_a-nano-vfprintf_i.o)
                0x08004fa0                        . = ALIGN (0x4)
 *fill*         0x08004f9f        0x1 

.ARM.extab      0x08004fa0        0x0
                0x08004fa0                        . = ALIGN (0x4)
 *(.ARM.extab* .gnu.linkonce.armextab.*)
                0x08004fa0                        . = ALIGN (0x4)

.ARM            0x08004fa0        0x8
                0x08004fa0                        . = ALIGN (0x4)
                0x08004fa0                        __exidx_start = .
 *(.ARM.exidx*)
 .ARM.exidx     0x08004fa0        0x8 D:/Program Files/STM32CubeCLT_1.17.0/GNU-tools-for-STM32/bin/../lib/gcc/arm-none-eabi/12.3.1/thumb/v7e-m+fp/hard\libgcc.a(_udivmoddi4.o)
 .ARM.exidx     0x08004fa8        0x0 D:/Program Files/STM32CubeCLT_1.17.0/GNU-tools-for-STM32/bin/../lib/gcc/arm-none-eabi/12.3.1/../../../../arm-none-eabi/lib/thumb/v7e-m+fp/hard\libg_nano.a(libc_a-strcmp.o)
                                  0x8 (size before relaxing)
 .ARM.exidx     0x08004fa8        0x0 D:/Program Files/STM32CubeCLT_1.17.0/GNU-tools-for-STM32/bin/../lib/gcc/arm-none-eabi/12.3.1/../../../../arm-none-eabi/lib/thumb/v7e-m+fp/hard\libg_nano.a(libc_a-strlen.o)
                                  0x8 (size before relaxing)
 .ARM.exidx     0x08004fa8        0x0 D:/Program Files/STM32CubeCLT_1.17.0/GNU-tools-for-STM32/bin/../lib/gcc/arm-none-eabi/12.3.1/../../../../arm-none-eabi/lib/thumb/v7e-m+fp/hard\libg_nano.a(libc_a-memchr.o)
                                  0x8 (size before relaxing)
                0x08004fa8                        __exidx_end = .
                0x08004fa8                        . = ALIGN (0x4)

.preinit_array  0x08004fa8        0x0
                0x08004fa8                        . = ALIGN (0x4)
                0x08004fa8                        PROVIDE (__preinit_array_start = .)
 *(.preinit_array*)
                0x08004fa8                        PROVIDE (__preinit_array_end = .)
                0x08004fa8                        . = ALIGN (0x4)

.init_array     0x08004fa8        0x4
                0x08004fa8                        . = ALIGN (0x4)
                0x08004fa8                        PROVIDE (__init_array_start = .)
 *(SORT_BY_NAME(.init_array.*))
 *(.init_array*)
 .init_array    0x08004fa8        0x4 D:/Program Files/STM32CubeCLT_1.17.0/GNU-tools-for-STM32/bin/../lib/gcc/arm-none-eabi/12.3.1/thumb/v7e-m+fp/hard/crtbegin.o
                0x08004fac                        PROVIDE (__init_array_end = .)
                0x08004fac                        . = ALIGN (0x4)

.fini_array     0x08004fac        0x4
                0x08004fac                        . = ALIGN (0x4)
                [!provide]                        PROVIDE (__fini_array_start = .)
 *(SORT_BY_NAME(.fini_array.*))
 *(.fini_array*)
 .fini_array    0x08004fac        0x4 D:/Program Files/STM32CubeCLT_1.17.0/GNU-tools-for-STM32/bin/../lib/gcc/arm-none-eabi/12.3.1/thumb/v7e-m+fp/hard/crtbegin.o
                [!provide]                        PROVIDE (__fini_array_end = .)
                0x08004fb0                        . = ALIGN (0x4)
                0x08004fb0                        _sidata = LOADADDR (.data)

.rel.dyn        0x08004fb0        0x0
 .rel.iplt      0x08004fb0        0x0 D:/Program Files/STM32CubeCLT_1.17.0/GNU-tools-for-STM32/bin/../lib/gcc/arm-none-eabi/12.3.1/thumb/v7e-m+fp/hard/crtbegin.o

.data           0x20000000       0x5c load address 0x08004fb0
                0x20000000                        . = ALIGN (0x4)
                0x20000000                        _sdata = .
 *(.data)
 *(.data*)
 .data._impure_ptr
                0x20000000        0x4 D:/Program Files/STM32CubeCLT_1.17.0/GNU-tools-for-STM32/bin/../lib/gcc/arm-none-eabi/12.3.1/../../../../arm-none-eabi/lib/thumb/v7e-m+fp/hard\libc_nano.a(libc_a-impure.o)
                0x20000000                _impure_ptr
 .data._impure_data
                0x20000004       0x4c D:/Program Files/STM32CubeCLT_1.17.0/GNU-tools-for-STM32/bin/../lib/gcc/arm-none-eabi/12.3.1/../../../../arm-none-eabi/lib/thumb/v7e-m+fp/hard\libc_nano.a(libc_a-impure.o)
                0x20000004                _impure_data
 .data.uwTickPrio
                0x20000050        0x4 CMakeFiles/ShowLED2ADCWatchUsing1602LCDSimpleMenu.dir/Drivers/STM32F4xx_HAL_Driver/Src/stm32f4xx_hal.c.obj
                0x20000050                uwTickPrio
 .data.uwTickFreq
                0x20000054        0x1 CMakeFiles/ShowLED2ADCWatchUsing1602LCDSimpleMenu.dir/Drivers/STM32F4xx_HAL_Driver/Src/stm32f4xx_hal.c.obj
                0x20000054                uwTickFreq
 *fill*         0x20000055        0x3 
 .data.SystemCoreClock
                0x20000058        0x4 CMakeFiles/ShowLED2ADCWatchUsing1602LCDSimpleMenu.dir/Core/Src/system_stm32f4xx.c.obj
                0x20000058                SystemCoreClock
 *(.RamFunc)
 *(.RamFunc*)
                0x2000005c                        . = ALIGN (0x4)
                0x2000005c                        _edata = .

.igot.plt       0x2000005c        0x0 load address 0x0800500c
 .igot.plt      0x2000005c        0x0 D:/Program Files/STM32CubeCLT_1.17.0/GNU-tools-for-STM32/bin/../lib/gcc/arm-none-eabi/12.3.1/thumb/v7e-m+fp/hard/crtbegin.o
                0x2000005c                        . = ALIGN (0x4)

.bss            0x2000005c      0x240 load address 0x0800500c
                0x2000005c                        _sbss = .
                0x2000005c                        __bss_start__ = _sbss
 *(.bss)
 .bss           0x2000005c       0x1c D:/Program Files/STM32CubeCLT_1.17.0/GNU-tools-for-STM32/bin/../lib/gcc/arm-none-eabi/12.3.1/thumb/v7e-m+fp/hard/crtbegin.o
 *(.bss*)
 .bss.__sf      0x20000078      0x138 D:/Program Files/STM32CubeCLT_1.17.0/GNU-tools-for-STM32/bin/../lib/gcc/arm-none-eabi/12.3.1/../../../../arm-none-eabi/lib/thumb/v7e-m+fp/hard\libc_nano.a(libc_a-findfp.o)
                0x20000078                __sf
 .bss.errno     0x200001b0        0x4 D:/Program Files/STM32CubeCLT_1.17.0/GNU-tools-for-STM32/bin/../lib/gcc/arm-none-eabi/12.3.1/../../../../arm-none-eabi/lib/thumb/v7e-m+fp/hard\libc_nano.a(libc_a-reent.o)
                0x200001b0                errno
 .bss.__lock___malloc_recursive_mutex
                0x200001b4        0x1 D:/Program Files/STM32CubeCLT_1.17.0/GNU-tools-for-STM32/bin/../lib/gcc/arm-none-eabi/12.3.1/../../../../arm-none-eabi/lib/thumb/v7e-m+fp/hard\libc_nano.a(libc_a-lock.o)
                0x200001b4                __lock___malloc_recursive_mutex
 *fill*         0x200001b5        0x3 
 .bss.__malloc_sbrk_start
                0x200001b8        0x4 D:/Program Files/STM32CubeCLT_1.17.0/GNU-tools-for-STM32/bin/../lib/gcc/arm-none-eabi/12.3.1/../../../../arm-none-eabi/lib/thumb/v7e-m+fp/hard\libc_nano.a(libc_a-mallocr.o)
                0x200001b8                __malloc_sbrk_start
 .bss.__malloc_free_list
                0x200001bc        0x4 D:/Program Files/STM32CubeCLT_1.17.0/GNU-tools-for-STM32/bin/../lib/gcc/arm-none-eabi/12.3.1/../../../../arm-none-eabi/lib/thumb/v7e-m+fp/hard\libc_nano.a(libc_a-mallocr.o)
                0x200001bc                __malloc_free_list
 .bss.hadc1     0x200001c0       0x48 CMakeFiles/ShowLED2ADCWatchUsing1602LCDSimpleMenu.dir/Core/Src/main.c.obj
                0x200001c0                hadc1
 .bss.hrtc      0x20000208       0x20 CMakeFiles/ShowLED2ADCWatchUsing1602LCDSimpleMenu.dir/Core/Src/main.c.obj
                0x20000208                hrtc
 .bss.huart2    0x20000228       0x48 CMakeFiles/ShowLED2ADCWatchUsing1602LCDSimpleMenu.dir/Core/Src/main.c.obj
                0x20000228                huart2
 .bss.cursorPosition
                0x20000270        0x2 CMakeFiles/ShowLED2ADCWatchUsing1602LCDSimpleMenu.dir/Core/Src/main.c.obj
                0x20000270                cursorPosition
 *fill*         0x20000272        0x2 
 .bss.uart2Command
                0x20000274        0x3 CMakeFiles/ShowLED2ADCWatchUsing1602LCDSimpleMenu.dir/Core/Src/main.c.obj
                0x20000274                uart2Command
 *fill*         0x20000277        0x1 
 .bss.time      0x20000278       0x14 CMakeFiles/ShowLED2ADCWatchUsing1602LCDSimpleMenu.dir/Core/Src/main.c.obj
                0x20000278                time
 .bss.date      0x2000028c        0x4 CMakeFiles/ShowLED2ADCWatchUsing1602LCDSimpleMenu.dir/Core/Src/main.c.obj
                0x2000028c                date
 .bss.menu      0x20000290        0x1 CMakeFiles/ShowLED2ADCWatchUsing1602LCDSimpleMenu.dir/Core/Src/main.c.obj
                0x20000290                menu
 *fill*         0x20000291        0x3 
 .bss.uwTick    0x20000294        0x4 CMakeFiles/ShowLED2ADCWatchUsing1602LCDSimpleMenu.dir/Drivers/STM32F4xx_HAL_Driver/Src/stm32f4xx_hal.c.obj
                0x20000294                uwTick
 .bss.__sbrk_heap_end
                0x20000298        0x4 CMakeFiles/ShowLED2ADCWatchUsing1602LCDSimpleMenu.dir/Core/Src/sysmem.c.obj
 *(COMMON)
                0x2000029c                        . = ALIGN (0x4)
                0x2000029c                        _ebss = .
                0x2000029c                        __bss_end__ = _ebss

._user_heap_stack
                0x2000029c      0x604 load address 0x0800500c
                0x200002a0                        . = ALIGN (0x8)
 *fill*         0x2000029c        0x4 
                [!provide]                        PROVIDE (end = .)
                0x200002a0                        PROVIDE (_end = .)
                0x200004a0                        . = (. + _Min_Heap_Size)
 *fill*         0x200002a0      0x200 
                0x200008a0                        . = (. + _Min_Stack_Size)
 *fill*         0x200004a0      0x400 
                0x200008a0                        . = ALIGN (0x8)

/DISCARD/
 libc.a(*)
 libm.a(*)
 libgcc.a(*)

.ARM.attributes
                0x00000000       0x30
 *(.ARM.attributes)
 .ARM.attributes
                0x00000000       0x22 D:/Program Files/STM32CubeCLT_1.17.0/GNU-tools-for-STM32/bin/../lib/gcc/arm-none-eabi/12.3.1/thumb/v7e-m+fp/hard/crti.o
 .ARM.attributes
                0x00000022       0x34 D:/Program Files/STM32CubeCLT_1.17.0/GNU-tools-for-STM32/bin/../lib/gcc/arm-none-eabi/12.3.1/thumb/v7e-m+fp/hard/crtbegin.o
 .ARM.attributes
                0x00000056       0x34 D:/Program Files/STM32CubeCLT_1.17.0/GNU-tools-for-STM32/bin/../lib/gcc/arm-none-eabi/12.3.1/../../../../arm-none-eabi/lib/thumb/v7e-m+fp/hard\libc_nano.a(libc_a-findfp.o)
 .ARM.attributes
                0x0000008a       0x34 D:/Program Files/STM32CubeCLT_1.17.0/GNU-tools-for-STM32/bin/../lib/gcc/arm-none-eabi/12.3.1/../../../../arm-none-eabi/lib/thumb/v7e-m+fp/hard\libc_nano.a(libc_a-memset.o)
 .ARM.attributes
                0x000000be       0x34 D:/Program Files/STM32CubeCLT_1.17.0/GNU-tools-for-STM32/bin/../lib/gcc/arm-none-eabi/12.3.1/../../../../arm-none-eabi/lib/thumb/v7e-m+fp/hard\libc_nano.a(libc_a-reent.o)
 .ARM.attributes
                0x000000f2       0x34 D:/Program Files/STM32CubeCLT_1.17.0/GNU-tools-for-STM32/bin/../lib/gcc/arm-none-eabi/12.3.1/../../../../arm-none-eabi/lib/thumb/v7e-m+fp/hard\libc_nano.a(libc_a-impure.o)
 .ARM.attributes
                0x00000126       0x34 D:/Program Files/STM32CubeCLT_1.17.0/GNU-tools-for-STM32/bin/../lib/gcc/arm-none-eabi/12.3.1/../../../../arm-none-eabi/lib/thumb/v7e-m+fp/hard\libc_nano.a(libc_a-init.o)
 .ARM.attributes
                0x0000015a       0x34 D:/Program Files/STM32CubeCLT_1.17.0/GNU-tools-for-STM32/bin/../lib/gcc/arm-none-eabi/12.3.1/../../../../arm-none-eabi/lib/thumb/v7e-m+fp/hard\libc_nano.a(libc_a-lock.o)
 .ARM.attributes
                0x0000018e       0x34 D:/Program Files/STM32CubeCLT_1.17.0/GNU-tools-for-STM32/bin/../lib/gcc/arm-none-eabi/12.3.1/../../../../arm-none-eabi/lib/thumb/v7e-m+fp/hard\libc_nano.a(libc_a-freer.o)
 .ARM.attributes
                0x000001c2       0x34 D:/Program Files/STM32CubeCLT_1.17.0/GNU-tools-for-STM32/bin/../lib/gcc/arm-none-eabi/12.3.1/../../../../arm-none-eabi/lib/thumb/v7e-m+fp/hard\libc_nano.a(libc_a-mallocr.o)
 .ARM.attributes
                0x000001f6       0x34 D:/Program Files/STM32CubeCLT_1.17.0/GNU-tools-for-STM32/bin/../lib/gcc/arm-none-eabi/12.3.1/../../../../arm-none-eabi/lib/thumb/v7e-m+fp/hard\libc_nano.a(libc_a-mlock.o)
 .ARM.attributes
                0x0000022a       0x34 D:/Program Files/STM32CubeCLT_1.17.0/GNU-tools-for-STM32/bin/../lib/gcc/arm-none-eabi/12.3.1/../../../../arm-none-eabi/lib/thumb/v7e-m+fp/hard\libc_nano.a(libc_a-sbrkr.o)
 .ARM.attributes
                0x0000025e       0x34 CMakeFiles/ShowLED2ADCWatchUsing1602LCDSimpleMenu.dir/Core/Src/main.c.obj
 .ARM.attributes
                0x00000292       0x34 CMakeFiles/ShowLED2ADCWatchUsing1602LCDSimpleMenu.dir/Core/Src/lcd.c.obj
 .ARM.attributes
                0x000002c6       0x34 CMakeFiles/ShowLED2ADCWatchUsing1602LCDSimpleMenu.dir/Core/Src/stm32f4xx_it.c.obj
 .ARM.attributes
                0x000002fa       0x34 CMakeFiles/ShowLED2ADCWatchUsing1602LCDSimpleMenu.dir/Core/Src/stm32f4xx_hal_msp.c.obj
 .ARM.attributes
                0x0000032e       0x34 CMakeFiles/ShowLED2ADCWatchUsing1602LCDSimpleMenu.dir/Drivers/STM32F4xx_HAL_Driver/Src/stm32f4xx_hal_adc.c.obj
 .ARM.attributes
                0x00000362       0x34 CMakeFiles/ShowLED2ADCWatchUsing1602LCDSimpleMenu.dir/Drivers/STM32F4xx_HAL_Driver/Src/stm32f4xx_hal_rcc.c.obj
 .ARM.attributes
                0x00000396       0x34 CMakeFiles/ShowLED2ADCWatchUsing1602LCDSimpleMenu.dir/Drivers/STM32F4xx_HAL_Driver/Src/stm32f4xx_hal_rcc_ex.c.obj
 .ARM.attributes
                0x000003ca       0x34 CMakeFiles/ShowLED2ADCWatchUsing1602LCDSimpleMenu.dir/Drivers/STM32F4xx_HAL_Driver/Src/stm32f4xx_hal_gpio.c.obj
 .ARM.attributes
                0x000003fe       0x34 CMakeFiles/ShowLED2ADCWatchUsing1602LCDSimpleMenu.dir/Drivers/STM32F4xx_HAL_Driver/Src/stm32f4xx_hal_dma.c.obj
 .ARM.attributes
                0x00000432       0x34 CMakeFiles/ShowLED2ADCWatchUsing1602LCDSimpleMenu.dir/Drivers/STM32F4xx_HAL_Driver/Src/stm32f4xx_hal_cortex.c.obj
 .ARM.attributes
                0x00000466       0x34 CMakeFiles/ShowLED2ADCWatchUsing1602LCDSimpleMenu.dir/Drivers/STM32F4xx_HAL_Driver/Src/stm32f4xx_hal.c.obj
 .ARM.attributes
                0x0000049a       0x34 CMakeFiles/ShowLED2ADCWatchUsing1602LCDSimpleMenu.dir/Drivers/STM32F4xx_HAL_Driver/Src/stm32f4xx_hal_rtc.c.obj
 .ARM.attributes
                0x000004ce       0x34 CMakeFiles/ShowLED2ADCWatchUsing1602LCDSimpleMenu.dir/Drivers/STM32F4xx_HAL_Driver/Src/stm32f4xx_hal_uart.c.obj
 .ARM.attributes
                0x00000502       0x34 CMakeFiles/ShowLED2ADCWatchUsing1602LCDSimpleMenu.dir/Core/Src/system_stm32f4xx.c.obj
 .ARM.attributes
                0x00000536       0x34 CMakeFiles/ShowLED2ADCWatchUsing1602LCDSimpleMenu.dir/Core/Src/sysmem.c.obj
 .ARM.attributes
                0x0000056a       0x21 CMakeFiles/ShowLED2ADCWatchUsing1602LCDSimpleMenu.dir/startup_stm32f401xe.s.obj
 .ARM.attributes
                0x0000058b       0x22 D:/Program Files/STM32CubeCLT_1.17.0/GNU-tools-for-STM32/bin/../lib/gcc/arm-none-eabi/12.3.1/thumb/v7e-m+fp/hard\libgcc.a(_aeabi_uldivmod.o)
 .ARM.attributes
                0x000005ad       0x34 D:/Program Files/STM32CubeCLT_1.17.0/GNU-tools-for-STM32/bin/../lib/gcc/arm-none-eabi/12.3.1/thumb/v7e-m+fp/hard\libgcc.a(_udivmoddi4.o)
 .ARM.attributes
                0x000005e1       0x22 D:/Program Files/STM32CubeCLT_1.17.0/GNU-tools-for-STM32/bin/../lib/gcc/arm-none-eabi/12.3.1/thumb/v7e-m+fp/hard\libgcc.a(_dvmd_tls.o)
 .ARM.attributes
                0x00000603       0x34 D:/Program Files/STM32CubeCLT_1.17.0/GNU-tools-for-STM32/bin/../lib/gcc/arm-none-eabi/12.3.1/../../../../arm-none-eabi/lib/thumb/v7e-m+fp/hard\libg_nano.a(libc_a-sprintf.o)
 .ARM.attributes
                0x00000637       0x34 D:/Program Files/STM32CubeCLT_1.17.0/GNU-tools-for-STM32/bin/../lib/gcc/arm-none-eabi/12.3.1/../../../../arm-none-eabi/lib/thumb/v7e-m+fp/hard\libg_nano.a(libc_a-errno.o)
 .ARM.attributes
                0x0000066b       0x20 D:/Program Files/STM32CubeCLT_1.17.0/GNU-tools-for-STM32/bin/../lib/gcc/arm-none-eabi/12.3.1/../../../../arm-none-eabi/lib/thumb/v7e-m+fp/hard\libg_nano.a(libc_a-strcmp.o)
 .ARM.attributes
                0x0000068b       0x17 D:/Program Files/STM32CubeCLT_1.17.0/GNU-tools-for-STM32/bin/../lib/gcc/arm-none-eabi/12.3.1/../../../../arm-none-eabi/lib/thumb/v7e-m+fp/hard\libg_nano.a(libc_a-strlen.o)
 .ARM.attributes
                0x000006a2       0x34 D:/Program Files/STM32CubeCLT_1.17.0/GNU-tools-for-STM32/bin/../lib/gcc/arm-none-eabi/12.3.1/../../../../arm-none-eabi/lib/thumb/v7e-m+fp/hard\libg_nano.a(libc_a-nano-svfprintf.o)
 .ARM.attributes
                0x000006d6       0x34 D:/Program Files/STM32CubeCLT_1.17.0/GNU-tools-for-STM32/bin/../lib/gcc/arm-none-eabi/12.3.1/../../../../arm-none-eabi/lib/thumb/v7e-m+fp/hard\libg_nano.a(libc_a-nano-vfprintf_i.o)
 .ARM.attributes
                0x0000070a       0x34 D:/Program Files/STM32CubeCLT_1.17.0/GNU-tools-for-STM32/bin/../lib/gcc/arm-none-eabi/12.3.1/../../../../arm-none-eabi/lib/thumb/v7e-m+fp/hard\libg_nano.a(libc_a-memmove.o)
 .ARM.attributes
                0x0000073e       0x1c D:/Program Files/STM32CubeCLT_1.17.0/GNU-tools-for-STM32/bin/../lib/gcc/arm-none-eabi/12.3.1/../../../../arm-none-eabi/lib/thumb/v7e-m+fp/hard\libg_nano.a(libc_a-memchr.o)
 .ARM.attributes
                0x0000075a       0x34 D:/Program Files/STM32CubeCLT_1.17.0/GNU-tools-for-STM32/bin/../lib/gcc/arm-none-eabi/12.3.1/../../../../arm-none-eabi/lib/thumb/v7e-m+fp/hard\libg_nano.a(libc_a-memcpy-stub.o)
 .ARM.attributes
                0x0000078e       0x34 D:/Program Files/STM32CubeCLT_1.17.0/GNU-tools-for-STM32/bin/../lib/gcc/arm-none-eabi/12.3.1/../../../../arm-none-eabi/lib/thumb/v7e-m+fp/hard\libg_nano.a(libc_a-reallocr.o)
 .ARM.attributes
                0x000007c2       0x34 D:/Program Files/STM32CubeCLT_1.17.0/GNU-tools-for-STM32/bin/../lib/gcc/arm-none-eabi/12.3.1/../../../../arm-none-eabi/lib/thumb/v7e-m+fp/hard\libg_nano.a(libc_a-msizer.o)
 .ARM.attributes
                0x000007f6       0x22 D:/Program Files/STM32CubeCLT_1.17.0/GNU-tools-for-STM32/bin/../lib/gcc/arm-none-eabi/12.3.1/thumb/v7e-m+fp/hard/crtn.o
OUTPUT(ShowLED2ADCWatchUsing1602LCDSimpleMenu.elf elf32-littlearm)
LOAD linker stubs
LOAD D:/Program Files/STM32CubeCLT_1.17.0/GNU-tools-for-STM32/bin/../lib/gcc/arm-none-eabi/12.3.1/../../../../arm-none-eabi/lib/thumb/v7e-m+fp/hard\libc.a
LOAD D:/Program Files/STM32CubeCLT_1.17.0/GNU-tools-for-STM32/bin/../lib/gcc/arm-none-eabi/12.3.1/../../../../arm-none-eabi/lib/thumb/v7e-m+fp/hard\libm.a
LOAD D:/Program Files/STM32CubeCLT_1.17.0/GNU-tools-for-STM32/bin/../lib/gcc/arm-none-eabi/12.3.1/thumb/v7e-m+fp/hard\libgcc.a

.debug_frame    0x00000000     0x2cc0
 .debug_frame   0x00000000      0x144 D:/Program Files/STM32CubeCLT_1.17.0/GNU-tools-for-STM32/bin/../lib/gcc/arm-none-eabi/12.3.1/../../../../arm-none-eabi/lib/thumb/v7e-m+fp/hard\libc_nano.a(libc_a-findfp.o)
 .debug_frame   0x00000144       0x20 D:/Program Files/STM32CubeCLT_1.17.0/GNU-tools-for-STM32/bin/../lib/gcc/arm-none-eabi/12.3.1/../../../../arm-none-eabi/lib/thumb/v7e-m+fp/hard\libc_nano.a(libc_a-memset.o)
 .debug_frame   0x00000164       0x38 D:/Program Files/STM32CubeCLT_1.17.0/GNU-tools-for-STM32/bin/../lib/gcc/arm-none-eabi/12.3.1/../../../../arm-none-eabi/lib/thumb/v7e-m+fp/hard\libc_nano.a(libc_a-reent.o)
 .debug_frame   0x0000019c       0x2c D:/Program Files/STM32CubeCLT_1.17.0/GNU-tools-for-STM32/bin/../lib/gcc/arm-none-eabi/12.3.1/../../../../arm-none-eabi/lib/thumb/v7e-m+fp/hard\libc_nano.a(libc_a-init.o)
 .debug_frame   0x000001c8       0xb0 D:/Program Files/STM32CubeCLT_1.17.0/GNU-tools-for-STM32/bin/../lib/gcc/arm-none-eabi/12.3.1/../../../../arm-none-eabi/lib/thumb/v7e-m+fp/hard\libc_nano.a(libc_a-lock.o)
 .debug_frame   0x00000278       0x38 D:/Program Files/STM32CubeCLT_1.17.0/GNU-tools-for-STM32/bin/../lib/gcc/arm-none-eabi/12.3.1/../../../../arm-none-eabi/lib/thumb/v7e-m+fp/hard\libc_nano.a(libc_a-freer.o)
 .debug_frame   0x000002b0       0x50 D:/Program Files/STM32CubeCLT_1.17.0/GNU-tools-for-STM32/bin/../lib/gcc/arm-none-eabi/12.3.1/../../../../arm-none-eabi/lib/thumb/v7e-m+fp/hard\libc_nano.a(libc_a-mallocr.o)
 .debug_frame   0x00000300       0x30 D:/Program Files/STM32CubeCLT_1.17.0/GNU-tools-for-STM32/bin/../lib/gcc/arm-none-eabi/12.3.1/../../../../arm-none-eabi/lib/thumb/v7e-m+fp/hard\libc_nano.a(libc_a-mlock.o)
 .debug_frame   0x00000330       0x2c D:/Program Files/STM32CubeCLT_1.17.0/GNU-tools-for-STM32/bin/../lib/gcc/arm-none-eabi/12.3.1/../../../../arm-none-eabi/lib/thumb/v7e-m+fp/hard\libc_nano.a(libc_a-sbrkr.o)
 .debug_frame   0x0000035c      0x23c CMakeFiles/ShowLED2ADCWatchUsing1602LCDSimpleMenu.dir/Core/Src/main.c.obj
 .debug_frame   0x00000598      0x180 CMakeFiles/ShowLED2ADCWatchUsing1602LCDSimpleMenu.dir/Core/Src/lcd.c.obj
 .debug_frame   0x00000718      0x124 CMakeFiles/ShowLED2ADCWatchUsing1602LCDSimpleMenu.dir/Core/Src/stm32f4xx_it.c.obj
 .debug_frame   0x0000083c      0x110 CMakeFiles/ShowLED2ADCWatchUsing1602LCDSimpleMenu.dir/Core/Src/stm32f4xx_hal_msp.c.obj
 .debug_frame   0x0000094c      0x3fc CMakeFiles/ShowLED2ADCWatchUsing1602LCDSimpleMenu.dir/Drivers/STM32F4xx_HAL_Driver/Src/stm32f4xx_hal_adc.c.obj
 .debug_frame   0x00000d48      0x1f4 CMakeFiles/ShowLED2ADCWatchUsing1602LCDSimpleMenu.dir/Drivers/STM32F4xx_HAL_Driver/Src/stm32f4xx_hal_rcc.c.obj
 .debug_frame   0x00000f3c       0xf0 CMakeFiles/ShowLED2ADCWatchUsing1602LCDSimpleMenu.dir/Drivers/STM32F4xx_HAL_Driver/Src/stm32f4xx_hal_rcc_ex.c.obj
 .debug_frame   0x0000102c      0x14c CMakeFiles/ShowLED2ADCWatchUsing1602LCDSimpleMenu.dir/Drivers/STM32F4xx_HAL_Driver/Src/stm32f4xx_hal_gpio.c.obj
 .debug_frame   0x00001178      0x250 CMakeFiles/ShowLED2ADCWatchUsing1602LCDSimpleMenu.dir/Drivers/STM32F4xx_HAL_Driver/Src/stm32f4xx_hal_dma.c.obj
 .debug_frame   0x000013c8      0x508 CMakeFiles/ShowLED2ADCWatchUsing1602LCDSimpleMenu.dir/Drivers/STM32F4xx_HAL_Driver/Src/stm32f4xx_hal_cortex.c.obj
 .debug_frame   0x000018d0      0x374 CMakeFiles/ShowLED2ADCWatchUsing1602LCDSimpleMenu.dir/Drivers/STM32F4xx_HAL_Driver/Src/stm32f4xx_hal.c.obj
 .debug_frame   0x00001c44      0x3f4 CMakeFiles/ShowLED2ADCWatchUsing1602LCDSimpleMenu.dir/Drivers/STM32F4xx_HAL_Driver/Src/stm32f4xx_hal_rtc.c.obj
 .debug_frame   0x00002038      0x954 CMakeFiles/ShowLED2ADCWatchUsing1602LCDSimpleMenu.dir/Drivers/STM32F4xx_HAL_Driver/Src/stm32f4xx_hal_uart.c.obj
 .debug_frame   0x0000298c       0x58 CMakeFiles/ShowLED2ADCWatchUsing1602LCDSimpleMenu.dir/Core/Src/system_stm32f4xx.c.obj
 .debug_frame   0x000029e4       0x34 CMakeFiles/ShowLED2ADCWatchUsing1602LCDSimpleMenu.dir/Core/Src/sysmem.c.obj
 .debug_frame   0x00002a18       0x2c D:/Program Files/STM32CubeCLT_1.17.0/GNU-tools-for-STM32/bin/../lib/gcc/arm-none-eabi/12.3.1/thumb/v7e-m+fp/hard\libgcc.a(_aeabi_uldivmod.o)
 .debug_frame   0x00002a44       0x34 D:/Program Files/STM32CubeCLT_1.17.0/GNU-tools-for-STM32/bin/../lib/gcc/arm-none-eabi/12.3.1/thumb/v7e-m+fp/hard\libgcc.a(_udivmoddi4.o)
 .debug_frame   0x00002a78       0x6c D:/Program Files/STM32CubeCLT_1.17.0/GNU-tools-for-STM32/bin/../lib/gcc/arm-none-eabi/12.3.1/../../../../arm-none-eabi/lib/thumb/v7e-m+fp/hard\libg_nano.a(libc_a-sprintf.o)
 .debug_frame   0x00002ae4       0x20 D:/Program Files/STM32CubeCLT_1.17.0/GNU-tools-for-STM32/bin/../lib/gcc/arm-none-eabi/12.3.1/../../../../arm-none-eabi/lib/thumb/v7e-m+fp/hard\libg_nano.a(libc_a-errno.o)
 .debug_frame   0x00002b04       0x20 D:/Program Files/STM32CubeCLT_1.17.0/GNU-tools-for-STM32/bin/../lib/gcc/arm-none-eabi/12.3.1/../../../../arm-none-eabi/lib/thumb/v7e-m+fp/hard\libg_nano.a(libc_a-strcmp.o)
 .debug_frame   0x00002b24       0x90 D:/Program Files/STM32CubeCLT_1.17.0/GNU-tools-for-STM32/bin/../lib/gcc/arm-none-eabi/12.3.1/../../../../arm-none-eabi/lib/thumb/v7e-m+fp/hard\libg_nano.a(libc_a-nano-svfprintf.o)
 .debug_frame   0x00002bb4       0x60 D:/Program Files/STM32CubeCLT_1.17.0/GNU-tools-for-STM32/bin/../lib/gcc/arm-none-eabi/12.3.1/../../../../arm-none-eabi/lib/thumb/v7e-m+fp/hard\libg_nano.a(libc_a-nano-vfprintf_i.o)
 .debug_frame   0x00002c14       0x28 D:/Program Files/STM32CubeCLT_1.17.0/GNU-tools-for-STM32/bin/../lib/gcc/arm-none-eabi/12.3.1/../../../../arm-none-eabi/lib/thumb/v7e-m+fp/hard\libg_nano.a(libc_a-memmove.o)
 .debug_frame   0x00002c3c       0x28 D:/Program Files/STM32CubeCLT_1.17.0/GNU-tools-for-STM32/bin/../lib/gcc/arm-none-eabi/12.3.1/../../../../arm-none-eabi/lib/thumb/v7e-m+fp/hard\libg_nano.a(libc_a-memcpy-stub.o)
 .debug_frame   0x00002c64       0x3c D:/Program Files/STM32CubeCLT_1.17.0/GNU-tools-for-STM32/bin/../lib/gcc/arm-none-eabi/12.3.1/../../../../arm-none-eabi/lib/thumb/v7e-m+fp/hard\libg_nano.a(libc_a-reallocr.o)
 .debug_frame   0x00002ca0       0x20 D:/Program Files/STM32CubeCLT_1.17.0/GNU-tools-for-STM32/bin/../lib/gcc/arm-none-eabi/12.3.1/../../../../arm-none-eabi/lib/thumb/v7e-m+fp/hard\libg_nano.a(libc_a-msizer.o)

.debug_info     0x00000000     0xfbb0
 .debug_info    0x00000000     0x18af CMakeFiles/ShowLED2ADCWatchUsing1602LCDSimpleMenu.dir/Core/Src/main.c.obj
 .debug_info    0x000018af      0x5b8 CMakeFiles/ShowLED2ADCWatchUsing1602LCDSimpleMenu.dir/Core/Src/lcd.c.obj
 .debug_info    0x00001e67      0x649 CMakeFiles/ShowLED2ADCWatchUsing1602LCDSimpleMenu.dir/Core/Src/stm32f4xx_it.c.obj
 .debug_info    0x000024b0     0x129a CMakeFiles/ShowLED2ADCWatchUsing1602LCDSimpleMenu.dir/Core/Src/stm32f4xx_hal_msp.c.obj
 .debug_info    0x0000374a      0xcd1 CMakeFiles/ShowLED2ADCWatchUsing1602LCDSimpleMenu.dir/Drivers/STM32F4xx_HAL_Driver/Src/stm32f4xx_hal_adc.c.obj
 .debug_info    0x0000441b      0x8f1 CMakeFiles/ShowLED2ADCWatchUsing1602LCDSimpleMenu.dir/Drivers/STM32F4xx_HAL_Driver/Src/stm32f4xx_hal_rcc.c.obj
 .debug_info    0x00004d0c      0x570 CMakeFiles/ShowLED2ADCWatchUsing1602LCDSimpleMenu.dir/Drivers/STM32F4xx_HAL_Driver/Src/stm32f4xx_hal_rcc_ex.c.obj
 .debug_info    0x0000527c      0x6f9 CMakeFiles/ShowLED2ADCWatchUsing1602LCDSimpleMenu.dir/Drivers/STM32F4xx_HAL_Driver/Src/stm32f4xx_hal_gpio.c.obj
 .debug_info    0x00005975      0x8e6 CMakeFiles/ShowLED2ADCWatchUsing1602LCDSimpleMenu.dir/Drivers/STM32F4xx_HAL_Driver/Src/stm32f4xx_hal_dma.c.obj
 .debug_info    0x0000625b      0xcf6 CMakeFiles/ShowLED2ADCWatchUsing1602LCDSimpleMenu.dir/Drivers/STM32F4xx_HAL_Driver/Src/stm32f4xx_hal_cortex.c.obj
 .debug_info    0x00006f51      0x8bb CMakeFiles/ShowLED2ADCWatchUsing1602LCDSimpleMenu.dir/Drivers/STM32F4xx_HAL_Driver/Src/stm32f4xx_hal.c.obj
 .debug_info    0x0000780c      0xc43 CMakeFiles/ShowLED2ADCWatchUsing1602LCDSimpleMenu.dir/Drivers/STM32F4xx_HAL_Driver/Src/stm32f4xx_hal_rtc.c.obj
 .debug_info    0x0000844f     0x2f56 CMakeFiles/ShowLED2ADCWatchUsing1602LCDSimpleMenu.dir/Drivers/STM32F4xx_HAL_Driver/Src/stm32f4xx_hal_uart.c.obj
 .debug_info    0x0000b3a5      0x53e CMakeFiles/ShowLED2ADCWatchUsing1602LCDSimpleMenu.dir/Core/Src/system_stm32f4xx.c.obj
 .debug_info    0x0000b8e3      0x168 CMakeFiles/ShowLED2ADCWatchUsing1602LCDSimpleMenu.dir/Core/Src/sysmem.c.obj
 .debug_info    0x0000ba4b       0x30 CMakeFiles/ShowLED2ADCWatchUsing1602LCDSimpleMenu.dir/startup_stm32f401xe.s.obj
 .debug_info    0x0000ba7b      0x87f D:/Program Files/STM32CubeCLT_1.17.0/GNU-tools-for-STM32/bin/../lib/gcc/arm-none-eabi/12.3.1/../../../../arm-none-eabi/lib/thumb/v7e-m+fp/hard\libg_nano.a(libc_a-sprintf.o)
 .debug_info    0x0000c2fa      0x6fb D:/Program Files/STM32CubeCLT_1.17.0/GNU-tools-for-STM32/bin/../lib/gcc/arm-none-eabi/12.3.1/../../../../arm-none-eabi/lib/thumb/v7e-m+fp/hard\libg_nano.a(libc_a-errno.o)
 .debug_info    0x0000c9f5       0x31 D:/Program Files/STM32CubeCLT_1.17.0/GNU-tools-for-STM32/bin/../lib/gcc/arm-none-eabi/12.3.1/../../../../arm-none-eabi/lib/thumb/v7e-m+fp/hard\libg_nano.a(libc_a-strcmp.o)
 .debug_info    0x0000ca26       0x31 D:/Program Files/STM32CubeCLT_1.17.0/GNU-tools-for-STM32/bin/../lib/gcc/arm-none-eabi/12.3.1/../../../../arm-none-eabi/lib/thumb/v7e-m+fp/hard\libg_nano.a(libc_a-strlen.o)
 .debug_info    0x0000ca57     0x10c7 D:/Program Files/STM32CubeCLT_1.17.0/GNU-tools-for-STM32/bin/../lib/gcc/arm-none-eabi/12.3.1/../../../../arm-none-eabi/lib/thumb/v7e-m+fp/hard\libg_nano.a(libc_a-nano-svfprintf.o)
 .debug_info    0x0000db1e      0xde2 D:/Program Files/STM32CubeCLT_1.17.0/GNU-tools-for-STM32/bin/../lib/gcc/arm-none-eabi/12.3.1/../../../../arm-none-eabi/lib/thumb/v7e-m+fp/hard\libg_nano.a(libc_a-nano-vfprintf_i.o)
 .debug_info    0x0000e900      0x10f D:/Program Files/STM32CubeCLT_1.17.0/GNU-tools-for-STM32/bin/../lib/gcc/arm-none-eabi/12.3.1/../../../../arm-none-eabi/lib/thumb/v7e-m+fp/hard\libg_nano.a(libc_a-memmove.o)
 .debug_info    0x0000ea0f       0x25 D:/Program Files/STM32CubeCLT_1.17.0/GNU-tools-for-STM32/bin/../lib/gcc/arm-none-eabi/12.3.1/../../../../arm-none-eabi/lib/thumb/v7e-m+fp/hard\libg_nano.a(libc_a-memchr.o)
 .debug_info    0x0000ea34      0x121 D:/Program Files/STM32CubeCLT_1.17.0/GNU-tools-for-STM32/bin/../lib/gcc/arm-none-eabi/12.3.1/../../../../arm-none-eabi/lib/thumb/v7e-m+fp/hard\libg_nano.a(libc_a-memcpy-stub.o)
 .debug_info    0x0000eb55      0x8c7 D:/Program Files/STM32CubeCLT_1.17.0/GNU-tools-for-STM32/bin/../lib/gcc/arm-none-eabi/12.3.1/../../../../arm-none-eabi/lib/thumb/v7e-m+fp/hard\libg_nano.a(libc_a-reallocr.o)
 .debug_info    0x0000f41c      0x794 D:/Program Files/STM32CubeCLT_1.17.0/GNU-tools-for-STM32/bin/../lib/gcc/arm-none-eabi/12.3.1/../../../../arm-none-eabi/lib/thumb/v7e-m+fp/hard\libg_nano.a(libc_a-msizer.o)

.debug_abbrev   0x00000000     0x2e9c
 .debug_abbrev  0x00000000      0x35a CMakeFiles/ShowLED2ADCWatchUsing1602LCDSimpleMenu.dir/Core/Src/main.c.obj
 .debug_abbrev  0x0000035a      0x1f1 CMakeFiles/ShowLED2ADCWatchUsing1602LCDSimpleMenu.dir/Core/Src/lcd.c.obj
 .debug_abbrev  0x0000054b      0x195 CMakeFiles/ShowLED2ADCWatchUsing1602LCDSimpleMenu.dir/Core/Src/stm32f4xx_it.c.obj
 .debug_abbrev  0x000006e0      0x238 CMakeFiles/ShowLED2ADCWatchUsing1602LCDSimpleMenu.dir/Core/Src/stm32f4xx_hal_msp.c.obj
 .debug_abbrev  0x00000918      0x20e CMakeFiles/ShowLED2ADCWatchUsing1602LCDSimpleMenu.dir/Drivers/STM32F4xx_HAL_Driver/Src/stm32f4xx_hal_adc.c.obj
 .debug_abbrev  0x00000b26      0x2b6 CMakeFiles/ShowLED2ADCWatchUsing1602LCDSimpleMenu.dir/Drivers/STM32F4xx_HAL_Driver/Src/stm32f4xx_hal_rcc.c.obj
 .debug_abbrev  0x00000ddc      0x1b0 CMakeFiles/ShowLED2ADCWatchUsing1602LCDSimpleMenu.dir/Drivers/STM32F4xx_HAL_Driver/Src/stm32f4xx_hal_rcc_ex.c.obj
 .debug_abbrev  0x00000f8c      0x1d3 CMakeFiles/ShowLED2ADCWatchUsing1602LCDSimpleMenu.dir/Drivers/STM32F4xx_HAL_Driver/Src/stm32f4xx_hal_gpio.c.obj
 .debug_abbrev  0x0000115f      0x221 CMakeFiles/ShowLED2ADCWatchUsing1602LCDSimpleMenu.dir/Drivers/STM32F4xx_HAL_Driver/Src/stm32f4xx_hal_dma.c.obj
 .debug_abbrev  0x00001380      0x31d CMakeFiles/ShowLED2ADCWatchUsing1602LCDSimpleMenu.dir/Drivers/STM32F4xx_HAL_Driver/Src/stm32f4xx_hal_cortex.c.obj
 .debug_abbrev  0x0000169d      0x24b CMakeFiles/ShowLED2ADCWatchUsing1602LCDSimpleMenu.dir/Drivers/STM32F4xx_HAL_Driver/Src/stm32f4xx_hal.c.obj
 .debug_abbrev  0x000018e8      0x1fb CMakeFiles/ShowLED2ADCWatchUsing1602LCDSimpleMenu.dir/Drivers/STM32F4xx_HAL_Driver/Src/stm32f4xx_hal_rtc.c.obj
 .debug_abbrev  0x00001ae3      0x31b CMakeFiles/ShowLED2ADCWatchUsing1602LCDSimpleMenu.dir/Drivers/STM32F4xx_HAL_Driver/Src/stm32f4xx_hal_uart.c.obj
 .debug_abbrev  0x00001dfe      0x11a CMakeFiles/ShowLED2ADCWatchUsing1602LCDSimpleMenu.dir/Core/Src/system_stm32f4xx.c.obj
 .debug_abbrev  0x00001f18       0xbc CMakeFiles/ShowLED2ADCWatchUsing1602LCDSimpleMenu.dir/Core/Src/sysmem.c.obj
 .debug_abbrev  0x00001fd4       0x24 CMakeFiles/ShowLED2ADCWatchUsing1602LCDSimpleMenu.dir/startup_stm32f401xe.s.obj
 .debug_abbrev  0x00001ff8      0x21c D:/Program Files/STM32CubeCLT_1.17.0/GNU-tools-for-STM32/bin/../lib/gcc/arm-none-eabi/12.3.1/../../../../arm-none-eabi/lib/thumb/v7e-m+fp/hard\libg_nano.a(libc_a-sprintf.o)
 .debug_abbrev  0x00002214      0x15e D:/Program Files/STM32CubeCLT_1.17.0/GNU-tools-for-STM32/bin/../lib/gcc/arm-none-eabi/12.3.1/../../../../arm-none-eabi/lib/thumb/v7e-m+fp/hard\libg_nano.a(libc_a-errno.o)
 .debug_abbrev  0x00002372       0x28 D:/Program Files/STM32CubeCLT_1.17.0/GNU-tools-for-STM32/bin/../lib/gcc/arm-none-eabi/12.3.1/../../../../arm-none-eabi/lib/thumb/v7e-m+fp/hard\libg_nano.a(libc_a-strcmp.o)
 .debug_abbrev  0x0000239a       0x28 D:/Program Files/STM32CubeCLT_1.17.0/GNU-tools-for-STM32/bin/../lib/gcc/arm-none-eabi/12.3.1/../../../../arm-none-eabi/lib/thumb/v7e-m+fp/hard\libg_nano.a(libc_a-strlen.o)
 .debug_abbrev  0x000023c2      0x31e D:/Program Files/STM32CubeCLT_1.17.0/GNU-tools-for-STM32/bin/../lib/gcc/arm-none-eabi/12.3.1/../../../../arm-none-eabi/lib/thumb/v7e-m+fp/hard\libg_nano.a(libc_a-nano-svfprintf.o)
 .debug_abbrev  0x000026e0      0x28e D:/Program Files/STM32CubeCLT_1.17.0/GNU-tools-for-STM32/bin/../lib/gcc/arm-none-eabi/12.3.1/../../../../arm-none-eabi/lib/thumb/v7e-m+fp/hard\libg_nano.a(libc_a-nano-vfprintf_i.o)
 .debug_abbrev  0x0000296e       0xac D:/Program Files/STM32CubeCLT_1.17.0/GNU-tools-for-STM32/bin/../lib/gcc/arm-none-eabi/12.3.1/../../../../arm-none-eabi/lib/thumb/v7e-m+fp/hard\libg_nano.a(libc_a-memmove.o)
 .debug_abbrev  0x00002a1a       0x14 D:/Program Files/STM32CubeCLT_1.17.0/GNU-tools-for-STM32/bin/../lib/gcc/arm-none-eabi/12.3.1/../../../../arm-none-eabi/lib/thumb/v7e-m+fp/hard\libg_nano.a(libc_a-memchr.o)
 .debug_abbrev  0x00002a2e       0xc1 D:/Program Files/STM32CubeCLT_1.17.0/GNU-tools-for-STM32/bin/../lib/gcc/arm-none-eabi/12.3.1/../../../../arm-none-eabi/lib/thumb/v7e-m+fp/hard\libg_nano.a(libc_a-memcpy-stub.o)
 .debug_abbrev  0x00002aef      0x217 D:/Program Files/STM32CubeCLT_1.17.0/GNU-tools-for-STM32/bin/../lib/gcc/arm-none-eabi/12.3.1/../../../../arm-none-eabi/lib/thumb/v7e-m+fp/hard\libg_nano.a(libc_a-reallocr.o)
 .debug_abbrev  0x00002d06      0x196 D:/Program Files/STM32CubeCLT_1.17.0/GNU-tools-for-STM32/bin/../lib/gcc/arm-none-eabi/12.3.1/../../../../arm-none-eabi/lib/thumb/v7e-m+fp/hard\libg_nano.a(libc_a-msizer.o)

.debug_aranges  0x00000000      0xb58
 .debug_aranges
                0x00000000       0x98 CMakeFiles/ShowLED2ADCWatchUsing1602LCDSimpleMenu.dir/Core/Src/main.c.obj
 .debug_aranges
                0x00000098       0x68 CMakeFiles/ShowLED2ADCWatchUsing1602LCDSimpleMenu.dir/Core/Src/lcd.c.obj
 .debug_aranges
                0x00000100       0x68 CMakeFiles/ShowLED2ADCWatchUsing1602LCDSimpleMenu.dir/Core/Src/stm32f4xx_it.c.obj
 .debug_aranges
                0x00000168       0x50 CMakeFiles/ShowLED2ADCWatchUsing1602LCDSimpleMenu.dir/Core/Src/stm32f4xx_hal_msp.c.obj
 .debug_aranges
                0x000001b8       0xe8 CMakeFiles/ShowLED2ADCWatchUsing1602LCDSimpleMenu.dir/Drivers/STM32F4xx_HAL_Driver/Src/stm32f4xx_hal_adc.c.obj
 .debug_aranges
                0x000002a0       0x88 CMakeFiles/ShowLED2ADCWatchUsing1602LCDSimpleMenu.dir/Drivers/STM32F4xx_HAL_Driver/Src/stm32f4xx_hal_rcc.c.obj
 .debug_aranges
                0x00000328       0x48 CMakeFiles/ShowLED2ADCWatchUsing1602LCDSimpleMenu.dir/Drivers/STM32F4xx_HAL_Driver/Src/stm32f4xx_hal_rcc_ex.c.obj
 .debug_aranges
                0x00000370       0x58 CMakeFiles/ShowLED2ADCWatchUsing1602LCDSimpleMenu.dir/Drivers/STM32F4xx_HAL_Driver/Src/stm32f4xx_hal_gpio.c.obj
 .debug_aranges
                0x000003c8       0x90 CMakeFiles/ShowLED2ADCWatchUsing1602LCDSimpleMenu.dir/Drivers/STM32F4xx_HAL_Driver/Src/stm32f4xx_hal_dma.c.obj
 .debug_aranges
                0x00000458      0x130 CMakeFiles/ShowLED2ADCWatchUsing1602LCDSimpleMenu.dir/Drivers/STM32F4xx_HAL_Driver/Src/stm32f4xx_hal_cortex.c.obj
 .debug_aranges
                0x00000588       0xf0 CMakeFiles/ShowLED2ADCWatchUsing1602LCDSimpleMenu.dir/Drivers/STM32F4xx_HAL_Driver/Src/stm32f4xx_hal.c.obj
 .debug_aranges
                0x00000678       0xe8 CMakeFiles/ShowLED2ADCWatchUsing1602LCDSimpleMenu.dir/Drivers/STM32F4xx_HAL_Driver/Src/stm32f4xx_hal_rtc.c.obj
 .debug_aranges
                0x00000760      0x208 CMakeFiles/ShowLED2ADCWatchUsing1602LCDSimpleMenu.dir/Drivers/STM32F4xx_HAL_Driver/Src/stm32f4xx_hal_uart.c.obj
 .debug_aranges
                0x00000968       0x28 CMakeFiles/ShowLED2ADCWatchUsing1602LCDSimpleMenu.dir/Core/Src/system_stm32f4xx.c.obj
 .debug_aranges
                0x00000990       0x20 CMakeFiles/ShowLED2ADCWatchUsing1602LCDSimpleMenu.dir/Core/Src/sysmem.c.obj
 .debug_aranges
                0x000009b0       0x28 CMakeFiles/ShowLED2ADCWatchUsing1602LCDSimpleMenu.dir/startup_stm32f401xe.s.obj
 .debug_aranges
                0x000009d8       0x28 D:/Program Files/STM32CubeCLT_1.17.0/GNU-tools-for-STM32/bin/../lib/gcc/arm-none-eabi/12.3.1/../../../../arm-none-eabi/lib/thumb/v7e-m+fp/hard\libg_nano.a(libc_a-sprintf.o)
 .debug_aranges
                0x00000a00       0x20 D:/Program Files/STM32CubeCLT_1.17.0/GNU-tools-for-STM32/bin/../lib/gcc/arm-none-eabi/12.3.1/../../../../arm-none-eabi/lib/thumb/v7e-m+fp/hard\libg_nano.a(libc_a-errno.o)
 .debug_aranges
                0x00000a20       0x20 D:/Program Files/STM32CubeCLT_1.17.0/GNU-tools-for-STM32/bin/../lib/gcc/arm-none-eabi/12.3.1/../../../../arm-none-eabi/lib/thumb/v7e-m+fp/hard\libg_nano.a(libc_a-strcmp.o)
 .debug_aranges
                0x00000a40       0x20 D:/Program Files/STM32CubeCLT_1.17.0/GNU-tools-for-STM32/bin/../lib/gcc/arm-none-eabi/12.3.1/../../../../arm-none-eabi/lib/thumb/v7e-m+fp/hard\libg_nano.a(libc_a-strlen.o)
 .debug_aranges
                0x00000a60       0x30 D:/Program Files/STM32CubeCLT_1.17.0/GNU-tools-for-STM32/bin/../lib/gcc/arm-none-eabi/12.3.1/../../../../arm-none-eabi/lib/thumb/v7e-m+fp/hard\libg_nano.a(libc_a-nano-svfprintf.o)
 .debug_aranges
                0x00000a90       0x28 D:/Program Files/STM32CubeCLT_1.17.0/GNU-tools-for-STM32/bin/../lib/gcc/arm-none-eabi/12.3.1/../../../../arm-none-eabi/lib/thumb/v7e-m+fp/hard\libg_nano.a(libc_a-nano-vfprintf_i.o)
 .debug_aranges
                0x00000ab8       0x20 D:/Program Files/STM32CubeCLT_1.17.0/GNU-tools-for-STM32/bin/../lib/gcc/arm-none-eabi/12.3.1/../../../../arm-none-eabi/lib/thumb/v7e-m+fp/hard\libg_nano.a(libc_a-memmove.o)
 .debug_aranges
                0x00000ad8       0x20 D:/Program Files/STM32CubeCLT_1.17.0/GNU-tools-for-STM32/bin/../lib/gcc/arm-none-eabi/12.3.1/../../../../arm-none-eabi/lib/thumb/v7e-m+fp/hard\libg_nano.a(libc_a-memchr.o)
 .debug_aranges
                0x00000af8       0x20 D:/Program Files/STM32CubeCLT_1.17.0/GNU-tools-for-STM32/bin/../lib/gcc/arm-none-eabi/12.3.1/../../../../arm-none-eabi/lib/thumb/v7e-m+fp/hard\libg_nano.a(libc_a-memcpy-stub.o)
 .debug_aranges
                0x00000b18       0x20 D:/Program Files/STM32CubeCLT_1.17.0/GNU-tools-for-STM32/bin/../lib/gcc/arm-none-eabi/12.3.1/../../../../arm-none-eabi/lib/thumb/v7e-m+fp/hard\libg_nano.a(libc_a-reallocr.o)
 .debug_aranges
                0x00000b38       0x20 D:/Program Files/STM32CubeCLT_1.17.0/GNU-tools-for-STM32/bin/../lib/gcc/arm-none-eabi/12.3.1/../../../../arm-none-eabi/lib/thumb/v7e-m+fp/hard\libg_nano.a(libc_a-msizer.o)

.debug_rnglists
                0x00000000      0x8a8
 .debug_rnglists
                0x00000000       0x76 CMakeFiles/ShowLED2ADCWatchUsing1602LCDSimpleMenu.dir/Core/Src/main.c.obj
 .debug_rnglists
                0x00000076       0x4a CMakeFiles/ShowLED2ADCWatchUsing1602LCDSimpleMenu.dir/Core/Src/lcd.c.obj
 .debug_rnglists
                0x000000c0       0x49 CMakeFiles/ShowLED2ADCWatchUsing1602LCDSimpleMenu.dir/Core/Src/stm32f4xx_it.c.obj
 .debug_rnglists
                0x00000109       0x39 CMakeFiles/ShowLED2ADCWatchUsing1602LCDSimpleMenu.dir/Core/Src/stm32f4xx_hal_msp.c.obj
 .debug_rnglists
                0x00000142       0xb5 CMakeFiles/ShowLED2ADCWatchUsing1602LCDSimpleMenu.dir/Drivers/STM32F4xx_HAL_Driver/Src/stm32f4xx_hal_adc.c.obj
 .debug_rnglists
                0x000001f7       0x66 CMakeFiles/ShowLED2ADCWatchUsing1602LCDSimpleMenu.dir/Drivers/STM32F4xx_HAL_Driver/Src/stm32f4xx_hal_rcc.c.obj
 .debug_rnglists
                0x0000025d       0x35 CMakeFiles/ShowLED2ADCWatchUsing1602LCDSimpleMenu.dir/Drivers/STM32F4xx_HAL_Driver/Src/stm32f4xx_hal_rcc_ex.c.obj
 .debug_rnglists
                0x00000292       0x3f CMakeFiles/ShowLED2ADCWatchUsing1602LCDSimpleMenu.dir/Drivers/STM32F4xx_HAL_Driver/Src/stm32f4xx_hal_gpio.c.obj
 .debug_rnglists
                0x000002d1       0x70 CMakeFiles/ShowLED2ADCWatchUsing1602LCDSimpleMenu.dir/Drivers/STM32F4xx_HAL_Driver/Src/stm32f4xx_hal_dma.c.obj
 .debug_rnglists
                0x00000341       0xe0 CMakeFiles/ShowLED2ADCWatchUsing1602LCDSimpleMenu.dir/Drivers/STM32F4xx_HAL_Driver/Src/stm32f4xx_hal_cortex.c.obj
 .debug_rnglists
                0x00000421       0xaf CMakeFiles/ShowLED2ADCWatchUsing1602LCDSimpleMenu.dir/Drivers/STM32F4xx_HAL_Driver/Src/stm32f4xx_hal.c.obj
 .debug_rnglists
                0x000004d0       0xb4 CMakeFiles/ShowLED2ADCWatchUsing1602LCDSimpleMenu.dir/Drivers/STM32F4xx_HAL_Driver/Src/stm32f4xx_hal_rtc.c.obj
 .debug_rnglists
                0x00000584      0x1bc CMakeFiles/ShowLED2ADCWatchUsing1602LCDSimpleMenu.dir/Drivers/STM32F4xx_HAL_Driver/Src/stm32f4xx_hal_uart.c.obj
 .debug_rnglists
                0x00000740       0x1a CMakeFiles/ShowLED2ADCWatchUsing1602LCDSimpleMenu.dir/Core/Src/system_stm32f4xx.c.obj
 .debug_rnglists
                0x0000075a       0x13 CMakeFiles/ShowLED2ADCWatchUsing1602LCDSimpleMenu.dir/Core/Src/sysmem.c.obj
 .debug_rnglists
                0x0000076d       0x19 CMakeFiles/ShowLED2ADCWatchUsing1602LCDSimpleMenu.dir/startup_stm32f401xe.s.obj
 .debug_rnglists
                0x00000786       0x19 D:/Program Files/STM32CubeCLT_1.17.0/GNU-tools-for-STM32/bin/../lib/gcc/arm-none-eabi/12.3.1/../../../../arm-none-eabi/lib/thumb/v7e-m+fp/hard\libg_nano.a(libc_a-sprintf.o)
 .debug_rnglists
                0x0000079f       0x13 D:/Program Files/STM32CubeCLT_1.17.0/GNU-tools-for-STM32/bin/../lib/gcc/arm-none-eabi/12.3.1/../../../../arm-none-eabi/lib/thumb/v7e-m+fp/hard\libg_nano.a(libc_a-errno.o)
 .debug_rnglists
                0x000007b2       0x44 D:/Program Files/STM32CubeCLT_1.17.0/GNU-tools-for-STM32/bin/../lib/gcc/arm-none-eabi/12.3.1/../../../../arm-none-eabi/lib/thumb/v7e-m+fp/hard\libg_nano.a(libc_a-nano-svfprintf.o)
 .debug_rnglists
                0x000007f6       0x66 D:/Program Files/STM32CubeCLT_1.17.0/GNU-tools-for-STM32/bin/../lib/gcc/arm-none-eabi/12.3.1/../../../../arm-none-eabi/lib/thumb/v7e-m+fp/hard\libg_nano.a(libc_a-nano-vfprintf_i.o)
 .debug_rnglists
                0x0000085c       0x13 D:/Program Files/STM32CubeCLT_1.17.0/GNU-tools-for-STM32/bin/../lib/gcc/arm-none-eabi/12.3.1/../../../../arm-none-eabi/lib/thumb/v7e-m+fp/hard\libg_nano.a(libc_a-memmove.o)
 .debug_rnglists
                0x0000086f       0x13 D:/Program Files/STM32CubeCLT_1.17.0/GNU-tools-for-STM32/bin/../lib/gcc/arm-none-eabi/12.3.1/../../../../arm-none-eabi/lib/thumb/v7e-m+fp/hard\libg_nano.a(libc_a-memcpy-stub.o)
 .debug_rnglists
                0x00000882       0x13 D:/Program Files/STM32CubeCLT_1.17.0/GNU-tools-for-STM32/bin/../lib/gcc/arm-none-eabi/12.3.1/../../../../arm-none-eabi/lib/thumb/v7e-m+fp/hard\libg_nano.a(libc_a-reallocr.o)
 .debug_rnglists
                0x00000895       0x13 D:/Program Files/STM32CubeCLT_1.17.0/GNU-tools-for-STM32/bin/../lib/gcc/arm-none-eabi/12.3.1/../../../../arm-none-eabi/lib/thumb/v7e-m+fp/hard\libg_nano.a(libc_a-msizer.o)

.debug_macro    0x00000000    0x17c77
 .debug_macro   0x00000000      0x33a CMakeFiles/ShowLED2ADCWatchUsing1602LCDSimpleMenu.dir/Core/Src/main.c.obj
 .debug_macro   0x0000033a      0xab4 CMakeFiles/ShowLED2ADCWatchUsing1602LCDSimpleMenu.dir/Core/Src/main.c.obj
 .debug_macro   0x00000dee      0x2a1 CMakeFiles/ShowLED2ADCWatchUsing1602LCDSimpleMenu.dir/Core/Src/main.c.obj
 .debug_macro   0x0000108f       0x2e CMakeFiles/ShowLED2ADCWatchUsing1602LCDSimpleMenu.dir/Core/Src/main.c.obj
 .debug_macro   0x000010bd       0x28 CMakeFiles/ShowLED2ADCWatchUsing1602LCDSimpleMenu.dir/Core/Src/main.c.obj
 .debug_macro   0x000010e5       0x22 CMakeFiles/ShowLED2ADCWatchUsing1602LCDSimpleMenu.dir/Core/Src/main.c.obj
 .debug_macro   0x00001107       0x8e CMakeFiles/ShowLED2ADCWatchUsing1602LCDSimpleMenu.dir/Core/Src/main.c.obj
 .debug_macro   0x00001195       0x51 CMakeFiles/ShowLED2ADCWatchUsing1602LCDSimpleMenu.dir/Core/Src/main.c.obj
 .debug_macro   0x000011e6      0x103 CMakeFiles/ShowLED2ADCWatchUsing1602LCDSimpleMenu.dir/Core/Src/main.c.obj
 .debug_macro   0x000012e9       0x6a CMakeFiles/ShowLED2ADCWatchUsing1602LCDSimpleMenu.dir/Core/Src/main.c.obj
 .debug_macro   0x00001353      0x1df CMakeFiles/ShowLED2ADCWatchUsing1602LCDSimpleMenu.dir/Core/Src/main.c.obj
 .debug_macro   0x00001532       0x1c CMakeFiles/ShowLED2ADCWatchUsing1602LCDSimpleMenu.dir/Core/Src/main.c.obj
 .debug_macro   0x0000154e       0x22 CMakeFiles/ShowLED2ADCWatchUsing1602LCDSimpleMenu.dir/Core/Src/main.c.obj
 .debug_macro   0x00001570       0xfb CMakeFiles/ShowLED2ADCWatchUsing1602LCDSimpleMenu.dir/Core/Src/main.c.obj
 .debug_macro   0x0000166b     0x1011 CMakeFiles/ShowLED2ADCWatchUsing1602LCDSimpleMenu.dir/Core/Src/main.c.obj
 .debug_macro   0x0000267c      0x11f CMakeFiles/ShowLED2ADCWatchUsing1602LCDSimpleMenu.dir/Core/Src/main.c.obj
 .debug_macro   0x0000279b     0xb86c CMakeFiles/ShowLED2ADCWatchUsing1602LCDSimpleMenu.dir/Core/Src/main.c.obj
 .debug_macro   0x0000e007       0x6d CMakeFiles/ShowLED2ADCWatchUsing1602LCDSimpleMenu.dir/Core/Src/main.c.obj
 .debug_macro   0x0000e074     0x369a CMakeFiles/ShowLED2ADCWatchUsing1602LCDSimpleMenu.dir/Core/Src/main.c.obj
 .debug_macro   0x0001170e      0x189 CMakeFiles/ShowLED2ADCWatchUsing1602LCDSimpleMenu.dir/Core/Src/main.c.obj
 .debug_macro   0x00011897       0x5c CMakeFiles/ShowLED2ADCWatchUsing1602LCDSimpleMenu.dir/Core/Src/main.c.obj
 .debug_macro   0x000118f3      0x416 CMakeFiles/ShowLED2ADCWatchUsing1602LCDSimpleMenu.dir/Core/Src/main.c.obj
 .debug_macro   0x00011d09      0x9e9 CMakeFiles/ShowLED2ADCWatchUsing1602LCDSimpleMenu.dir/Core/Src/main.c.obj
 .debug_macro   0x000126f2      0x115 CMakeFiles/ShowLED2ADCWatchUsing1602LCDSimpleMenu.dir/Core/Src/main.c.obj
 .debug_macro   0x00012807       0xf8 CMakeFiles/ShowLED2ADCWatchUsing1602LCDSimpleMenu.dir/Core/Src/main.c.obj
 .debug_macro   0x000128ff       0xa5 CMakeFiles/ShowLED2ADCWatchUsing1602LCDSimpleMenu.dir/Core/Src/main.c.obj
 .debug_macro   0x000129a4      0x15f CMakeFiles/ShowLED2ADCWatchUsing1602LCDSimpleMenu.dir/Core/Src/main.c.obj
 .debug_macro   0x00012b03      0x287 CMakeFiles/ShowLED2ADCWatchUsing1602LCDSimpleMenu.dir/Core/Src/main.c.obj
 .debug_macro   0x00012d8a       0x5f CMakeFiles/ShowLED2ADCWatchUsing1602LCDSimpleMenu.dir/Core/Src/main.c.obj
 .debug_macro   0x00012de9      0x236 CMakeFiles/ShowLED2ADCWatchUsing1602LCDSimpleMenu.dir/Core/Src/main.c.obj
 .debug_macro   0x0001301f      0x9e1 CMakeFiles/ShowLED2ADCWatchUsing1602LCDSimpleMenu.dir/Core/Src/main.c.obj
 .debug_macro   0x00013a00      0x38b CMakeFiles/ShowLED2ADCWatchUsing1602LCDSimpleMenu.dir/Core/Src/main.c.obj
 .debug_macro   0x00013d8b      0x176 CMakeFiles/ShowLED2ADCWatchUsing1602LCDSimpleMenu.dir/Core/Src/main.c.obj
 .debug_macro   0x00013f01       0xf9 CMakeFiles/ShowLED2ADCWatchUsing1602LCDSimpleMenu.dir/Core/Src/main.c.obj
 .debug_macro   0x00013ffa      0x132 CMakeFiles/ShowLED2ADCWatchUsing1602LCDSimpleMenu.dir/Core/Src/main.c.obj
 .debug_macro   0x0001412c      0x264 CMakeFiles/ShowLED2ADCWatchUsing1602LCDSimpleMenu.dir/Core/Src/main.c.obj
 .debug_macro   0x00014390       0x2e CMakeFiles/ShowLED2ADCWatchUsing1602LCDSimpleMenu.dir/Core/Src/main.c.obj
 .debug_macro   0x000143be      0x127 CMakeFiles/ShowLED2ADCWatchUsing1602LCDSimpleMenu.dir/Core/Src/main.c.obj
 .debug_macro   0x000144e5       0x85 CMakeFiles/ShowLED2ADCWatchUsing1602LCDSimpleMenu.dir/Core/Src/main.c.obj
 .debug_macro   0x0001456a       0x89 CMakeFiles/ShowLED2ADCWatchUsing1602LCDSimpleMenu.dir/Core/Src/main.c.obj
 .debug_macro   0x000145f3      0x305 CMakeFiles/ShowLED2ADCWatchUsing1602LCDSimpleMenu.dir/Core/Src/main.c.obj
 .debug_macro   0x000148f8      0x429 CMakeFiles/ShowLED2ADCWatchUsing1602LCDSimpleMenu.dir/Core/Src/main.c.obj
 .debug_macro   0x00014d21       0xeb CMakeFiles/ShowLED2ADCWatchUsing1602LCDSimpleMenu.dir/Core/Src/main.c.obj
 .debug_macro   0x00014e0c      0x2aa CMakeFiles/ShowLED2ADCWatchUsing1602LCDSimpleMenu.dir/Core/Src/main.c.obj
 .debug_macro   0x000150b6      0x126 CMakeFiles/ShowLED2ADCWatchUsing1602LCDSimpleMenu.dir/Core/Src/main.c.obj
 .debug_macro   0x000151dc       0x10 CMakeFiles/ShowLED2ADCWatchUsing1602LCDSimpleMenu.dir/Core/Src/main.c.obj
 .debug_macro   0x000151ec       0x74 CMakeFiles/ShowLED2ADCWatchUsing1602LCDSimpleMenu.dir/Core/Src/main.c.obj
 .debug_macro   0x00015260       0x2a CMakeFiles/ShowLED2ADCWatchUsing1602LCDSimpleMenu.dir/Core/Src/main.c.obj
 .debug_macro   0x0001528a       0x3c CMakeFiles/ShowLED2ADCWatchUsing1602LCDSimpleMenu.dir/Core/Src/main.c.obj
 .debug_macro   0x000152c6       0x34 CMakeFiles/ShowLED2ADCWatchUsing1602LCDSimpleMenu.dir/Core/Src/main.c.obj
 .debug_macro   0x000152fa       0x16 CMakeFiles/ShowLED2ADCWatchUsing1602LCDSimpleMenu.dir/Core/Src/main.c.obj
 .debug_macro   0x00015310       0x35 CMakeFiles/ShowLED2ADCWatchUsing1602LCDSimpleMenu.dir/Core/Src/main.c.obj
 .debug_macro   0x00015345      0x369 CMakeFiles/ShowLED2ADCWatchUsing1602LCDSimpleMenu.dir/Core/Src/main.c.obj
 .debug_macro   0x000156ae       0x10 CMakeFiles/ShowLED2ADCWatchUsing1602LCDSimpleMenu.dir/Core/Src/main.c.obj
 .debug_macro   0x000156be       0x16 CMakeFiles/ShowLED2ADCWatchUsing1602LCDSimpleMenu.dir/Core/Src/main.c.obj
 .debug_macro   0x000156d4       0x43 CMakeFiles/ShowLED2ADCWatchUsing1602LCDSimpleMenu.dir/Core/Src/main.c.obj
 .debug_macro   0x00015717       0x34 CMakeFiles/ShowLED2ADCWatchUsing1602LCDSimpleMenu.dir/Core/Src/main.c.obj
 .debug_macro   0x0001574b       0x10 CMakeFiles/ShowLED2ADCWatchUsing1602LCDSimpleMenu.dir/Core/Src/main.c.obj
 .debug_macro   0x0001575b       0x58 CMakeFiles/ShowLED2ADCWatchUsing1602LCDSimpleMenu.dir/Core/Src/main.c.obj
 .debug_macro   0x000157b3      0x1de CMakeFiles/ShowLED2ADCWatchUsing1602LCDSimpleMenu.dir/Core/Src/main.c.obj
 .debug_macro   0x00015991       0x16 CMakeFiles/ShowLED2ADCWatchUsing1602LCDSimpleMenu.dir/Core/Src/main.c.obj
 .debug_macro   0x000159a7       0x16 CMakeFiles/ShowLED2ADCWatchUsing1602LCDSimpleMenu.dir/Core/Src/main.c.obj
 .debug_macro   0x000159bd      0x170 CMakeFiles/ShowLED2ADCWatchUsing1602LCDSimpleMenu.dir/Core/Src/main.c.obj
 .debug_macro   0x00015b2d       0x16 CMakeFiles/ShowLED2ADCWatchUsing1602LCDSimpleMenu.dir/Core/Src/main.c.obj
 .debug_macro   0x00015b43       0x20 CMakeFiles/ShowLED2ADCWatchUsing1602LCDSimpleMenu.dir/Core/Src/main.c.obj
 .debug_macro   0x00015b63       0xa0 CMakeFiles/ShowLED2ADCWatchUsing1602LCDSimpleMenu.dir/Core/Src/main.c.obj
 .debug_macro   0x00015c03      0x306 CMakeFiles/ShowLED2ADCWatchUsing1602LCDSimpleMenu.dir/Core/Src/lcd.c.obj
 .debug_macro   0x00015f09       0x10 CMakeFiles/ShowLED2ADCWatchUsing1602LCDSimpleMenu.dir/Core/Src/lcd.c.obj
 .debug_macro   0x00015f19       0x1c CMakeFiles/ShowLED2ADCWatchUsing1602LCDSimpleMenu.dir/Core/Src/lcd.c.obj
 .debug_macro   0x00015f35       0x1c CMakeFiles/ShowLED2ADCWatchUsing1602LCDSimpleMenu.dir/Core/Src/lcd.c.obj
 .debug_macro   0x00015f51       0x16 CMakeFiles/ShowLED2ADCWatchUsing1602LCDSimpleMenu.dir/Core/Src/lcd.c.obj
 .debug_macro   0x00015f67      0x214 CMakeFiles/ShowLED2ADCWatchUsing1602LCDSimpleMenu.dir/Core/Src/stm32f4xx_it.c.obj
 .debug_macro   0x0001617b      0x20a CMakeFiles/ShowLED2ADCWatchUsing1602LCDSimpleMenu.dir/Core/Src/stm32f4xx_hal_msp.c.obj
 .debug_macro   0x00016385      0x1fc CMakeFiles/ShowLED2ADCWatchUsing1602LCDSimpleMenu.dir/Drivers/STM32F4xx_HAL_Driver/Src/stm32f4xx_hal_adc.c.obj
 .debug_macro   0x00016581      0x21f CMakeFiles/ShowLED2ADCWatchUsing1602LCDSimpleMenu.dir/Drivers/STM32F4xx_HAL_Driver/Src/stm32f4xx_hal_rcc.c.obj
 .debug_macro   0x000167a0      0x1fb CMakeFiles/ShowLED2ADCWatchUsing1602LCDSimpleMenu.dir/Drivers/STM32F4xx_HAL_Driver/Src/stm32f4xx_hal_rcc_ex.c.obj
 .debug_macro   0x0001699b      0x201 CMakeFiles/ShowLED2ADCWatchUsing1602LCDSimpleMenu.dir/Drivers/STM32F4xx_HAL_Driver/Src/stm32f4xx_hal_gpio.c.obj
 .debug_macro   0x00016b9c      0x201 CMakeFiles/ShowLED2ADCWatchUsing1602LCDSimpleMenu.dir/Drivers/STM32F4xx_HAL_Driver/Src/stm32f4xx_hal_dma.c.obj
 .debug_macro   0x00016d9d      0x1fb CMakeFiles/ShowLED2ADCWatchUsing1602LCDSimpleMenu.dir/Drivers/STM32F4xx_HAL_Driver/Src/stm32f4xx_hal_cortex.c.obj
 .debug_macro   0x00016f98      0x25b CMakeFiles/ShowLED2ADCWatchUsing1602LCDSimpleMenu.dir/Drivers/STM32F4xx_HAL_Driver/Src/stm32f4xx_hal.c.obj
 .debug_macro   0x000171f3      0x1fc CMakeFiles/ShowLED2ADCWatchUsing1602LCDSimpleMenu.dir/Drivers/STM32F4xx_HAL_Driver/Src/stm32f4xx_hal_rtc.c.obj
 .debug_macro   0x000173ef      0x1fc CMakeFiles/ShowLED2ADCWatchUsing1602LCDSimpleMenu.dir/Drivers/STM32F4xx_HAL_Driver/Src/stm32f4xx_hal_uart.c.obj
 .debug_macro   0x000175eb      0x1fb CMakeFiles/ShowLED2ADCWatchUsing1602LCDSimpleMenu.dir/Core/Src/system_stm32f4xx.c.obj
 .debug_macro   0x000177e6       0xec CMakeFiles/ShowLED2ADCWatchUsing1602LCDSimpleMenu.dir/Core/Src/sysmem.c.obj
 .debug_macro   0x000178d2       0x10 CMakeFiles/ShowLED2ADCWatchUsing1602LCDSimpleMenu.dir/Core/Src/sysmem.c.obj
 .debug_macro   0x000178e2       0x6e CMakeFiles/ShowLED2ADCWatchUsing1602LCDSimpleMenu.dir/Core/Src/sysmem.c.obj
 .debug_macro   0x00017950       0x94 CMakeFiles/ShowLED2ADCWatchUsing1602LCDSimpleMenu.dir/Core/Src/sysmem.c.obj
 .debug_macro   0x000179e4       0x57 CMakeFiles/ShowLED2ADCWatchUsing1602LCDSimpleMenu.dir/Core/Src/sysmem.c.obj
 .debug_macro   0x00017a3b      0x23c CMakeFiles/ShowLED2ADCWatchUsing1602LCDSimpleMenu.dir/Core/Src/sysmem.c.obj

.debug_line     0x00000000     0xf446
 .debug_line    0x00000000      0xe1e CMakeFiles/ShowLED2ADCWatchUsing1602LCDSimpleMenu.dir/Core/Src/main.c.obj
 .debug_line    0x00000e1e      0xab5 CMakeFiles/ShowLED2ADCWatchUsing1602LCDSimpleMenu.dir/Core/Src/lcd.c.obj
 .debug_line    0x000018d3      0x913 CMakeFiles/ShowLED2ADCWatchUsing1602LCDSimpleMenu.dir/Core/Src/stm32f4xx_it.c.obj
 .debug_line    0x000021e6      0x92a CMakeFiles/ShowLED2ADCWatchUsing1602LCDSimpleMenu.dir/Core/Src/stm32f4xx_hal_msp.c.obj
 .debug_line    0x00002b10     0x12df CMakeFiles/ShowLED2ADCWatchUsing1602LCDSimpleMenu.dir/Drivers/STM32F4xx_HAL_Driver/Src/stm32f4xx_hal_adc.c.obj